Microchip MPLAB XC8 Compiler V2.32

Linker command line:

-W-3 --edf=C:\Program Files\Microchip\xc8\v2.32\pic\dat\en_msgs.txt -cn \
  -h+dist/default/debug\PIC18F26K80_OLED-main.debug.sym \
  --cmf=dist/default/debug\PIC18F26K80_OLED-main.debug.cmf -z -Q18F26K80 \
  -oC:\Users\D1NG0\AppData\Local\Temp\xcAsqg.4 --defsym=__MPLAB_BUILD=1 \
  -Mdist/default/debug/PIC18F26K80_OLED-main.debug.map -E1 \
  -ver=XC8 Compiler --acfsm=1493 -ASTACK=09C4h-0E40h -pstack=STACK \
  -ACODE=00h-0FFFFh -ACONST=00h-0FFFFh -ASMALLCONST=0F00h-0FFFhx241 \
  -AMEDIUMCONST=0F00h-0FFFFh -ACOMRAM=01h-05Fh -AABS1=00h-0E40h \
  -ABIGRAM=01h-0E40h -ARAM=060h-0FFh,0100h-01FFhx13,0E00h-0E40h \
  -ABANK0=060h-0FFh -ABANK1=0100h-01FFh -ABANK2=0200h-02FFh \
  -ABANK3=0300h-03FFh -ABANK4=0400h-04FFh -ABANK5=0500h-05FFh \
  -ABANK6=0600h-06FFh -ABANK7=0700h-07FFh -ABANK8=0800h-08FFh \
  -ABANK9=0900h-09FFh -ABANK10=0A00h-0AFFh -ABANK11=0B00h-0BFFh \
  -ABANK12=0C00h-0CFFh -ABANK13=0D00h-0DFFh -ABANK14=0E00h-0E40h \
  -ASFR=0E41h-0EFFh,0F00h-0F5Fh,0F60h-0FFFh -ACONFIG=0300000h-030000Dh \
  -AIDLOC=0200000h-0200007h -AEEDATA=0F00000h-0F003FFh -peeprom_data=EEDATA \
  -preset_vec=00h,intcode,intcodelo,powerup,init -pramtop=0F00h \
  -psmallconst=SMALLCONST -pmediumconst=MEDIUMCONST -pconst=CONST \
  -AFARRAM=00h-00h \
  -prdata=COMRAM,nvrram=COMRAM,nvbit=COMRAM,rbss=COMRAM,rbit=COMRAM \
  -pfarbss=FARRAM,fardata=FARRAM,nvFARRAM=FARRAM \
  -pintsave_regs=BIGRAM,bigbss=BIGRAM,bigdata=BIGRAM -pbss=RAM \
  -pidata=CODE,irdata=CODE,ibigdata=CODE,ifardata=CODE -prparam=COMRAM \
  C:\Users\D1NG0\AppData\Local\Temp\xcAsqg.o \
  dist/default/debug\PIC18F26K80_OLED-main.debug.o 

Object code version is 3.11

Machine type is 18F26K80



                Name                               Link     Load   Length Selector   Space Scale
C:\Users\D1NG0\AppData\Local\Temp\xcAsqg.o
                idloc                            200000   200000        8        0       5
                config                           300000   300000        E        0       4
                init                                  0        0        4        0       0
dist/default/debug\PIC18F26K80_OLED-main.debug.o
                idloc                            200000   200000        8        0       5
                config                           300000   300000        E        0       4
                mediumconst                        FD06     FD06      2FA     7E83       0
                text101                            C186     C186       26     60C3       0
                text100                            C334     C334       36     619A       0
                text99                             BF90     BF90        8     5FC8       0
                text98                             BF98     BF98        8     5FCC       0
                text97                             BFA0     BFA0        8     5FD0       0
                text96                             BFF0     BFF0        A     5FF8       0
                text95                             DFB2     DFB2      39A     6FD9       0
                text94                             E34C     E34C      42A     71A6       0
                text93                             D9CC     D9CC      1B4     6CE6       0
                text92                             D424     D424      102     6A12       0
                text91                             C06A     C06A       14     6035       0
                text90                             CB9C     CB9C       A4     65CE       0
                text89                             C654     C654       5C     632A       0
                text88                             BF58     BF58        4     5FAC       0
                text87                             BF5C     BF5C        4     5FAE       0
                text86                             BF60     BF60        4     5FB0       0
                text85                             C1FA     C1FA       2C     60FD       0
                text84                             BF64     BF64        4     5FB2       0
                text83                             BF68     BF68        4     5FB4       0
                text82                             BF6C     BF6C        4     5FB6       0
                text81                             C162     C162       24     60B1       0
                text80                             C97A     C97A       7A     64BD       0
                text79                             C092     C092       18     6049       0
                text78                             C226     C226       2C     6113       0
                text77                             C252     C252       2C     6129       0
                text76                             C27E     C27E       2C     613F       0
                text75                             C2AA     C2AA       2C     6155       0
                text74                             C448     C448       40     6224       0
                text73                             BF70     BF70        4     5FB8       0
                text72                             BF74     BF74        4     5FBA       0
                text71                             BF78     BF78        4     5FBC       0
                text70                             BF84     BF84        6     5FC2       0
                text69                             BF7C     BF7C        4     5FBE       0
                text68                             BF8A     BF8A        6     5FC5       0
                text67                             BFA8     BFA8        8     5FD4       0
                text66                             C07E     C07E       14     603F       0
                text65                             BF80     BF80        4     5FC0       0
                text64                             C9F4     C9F4       7C     64FA       0
                text63                             C004     C004        C     6002       0
                text62                             C028     C028       10     6014       0
                text61                             C038     C038       10     601C       0
                text60                             CE40     CE40       C4     6720       0
                text59                             CC40     CC40       A6     6620       0
                text58                             C010     C010        C     6008       0
                text57                             BFB0     BFB0        8     5FD8       0
                text56                             BFB8     BFB8        8     5FDC       0
                text55                             BFC0     BFC0        8     5FE0       0
                text54                             BFC8     BFC8        8     5FE4       0
                text53                             BFD0     BFD0        8     5FE8       0
                text52                             BFD8     BFD8        8     5FEC       0
                text51                             BFE0     BFE0        8     5FF0       0
                text50                             C01C     C01C        C     600E       0
                text49                             C834     C834       66     641A       0
                text48                             C89A     C89A       70     644D       0
                text47                             C048     C048       10     6024       0
                text46                             C0DE     C0DE       1E     606F       0
                text45                             C488     C488       44     6244       0
                text44                             BFE8     BFE8        8     5FF4       0
                text43                             C0FC     C0FC       22     607E       0
                text42                             CA70     CA70       8E     6538       0
                text41                             C0AA     C0AA       18     6055       0
                text40                             C5FA     C5FA       5A     62FD       0
                text39                             C11E     C11E       22     608F       0
                text38                             C2D6     C2D6       2C     616B       0
                text37                             C140     C140       22     60A0       0
                text36                             CAFE     CAFE       9E     657F       0
                text35                             C0C2     C0C2       1C     6061       0
                text34                             C90A     C90A       70     6485       0
                text33                             C76E     C76E       62     63B7       0
                text32                             C1AC     C1AC       26     60D6       0
                text31                             D234     D234       F2     691A       0
                text30                             C058     C058       12     602C       0
                text29                             C1D2     C1D2       28     60E9       0
                text28                             BFFA     BFFA        A     5FFD       0
                text27                             D526     D526      102     6A93       0
                text26                             C3A0     C3A0       38     61D0       0
                text25                             C556     C556       52     62AB       0
                text24                             D832     D832      19A     6C19       0
                text23                             CF04     CF04       C4     6782       0
                text22                             CD90     CD90       B0     66C8       0
                text21                             CCE6     CCE6       AA     6673       0
                text20                             D628     D628      104     6B14       0
                text19                             C3D8     C3D8       38     61EC       0
                text18                             EBEE     EBEE      4C0     75F7       0
                text17                             C510     C510       46     6288       0
                text16                             D72C     D72C      106     6B96       0
                text15                             D326     D326       FE     6993       0
                text14                             DB80     DB80      212     6DC0       0
                text13                             BF56     BF56        2     5FAB       0
                text12                             D08E     D08E       CA     6847       0
                text11                             C4CC     C4CC       44     6266       0
                text10                             C36A     C36A       36     61B5       0
                text9                              CFC8     CFC8       C6     67E4       0
                text8                              C6B0     C6B0       5E     6358       0
                text7                              C410     C410       38     6208       0
                text6                              C70E     C70E       60     6387       0
                text5                              F0AE     F0AE      C58     7857       0
                text4                              D158     D158       DC     68AC       0
                text3                              E776     E776      478     73BB       0
                text2                              C7D0     C7D0       64     63E8       0
                text1                              C5A8     C5A8       52     62D4       0
                text0                              DD92     DD92      220     6EC9       0
                cstackCOMRAM                          1        1       5F        1       1
                cstackBANK0                          60       60       4E       60       1
                bssBIGRAM                           1C4      1C4      800      1C4       1
                bssBANK1                            100      100       C4      100       1
                bssBANK0                             AE       AE       41       60       1
                cinit                              C302     C302       32     6181       0

TOTAL           Name                               Link     Load   Length     Space
        CLASS   STACK          

        CLASS   CODE           
                init                                  0        0        4         0
                text101                            C186     C186       26         0
                text100                            C334     C334       36         0
                text99                             BF90     BF90        8         0
                text98                             BF98     BF98        8         0
                text97                             BFA0     BFA0        8         0
                text96                             BFF0     BFF0        A         0
                text95                             DFB2     DFB2      39A         0
                text94                             E34C     E34C      42A         0
                text93                             D9CC     D9CC      1B4         0
                text92                             D424     D424      102         0
                text91                             C06A     C06A       14         0
                text90                             CB9C     CB9C       A4         0
                text89                             C654     C654       5C         0
                text88                             BF58     BF58        4         0
                text87                             BF5C     BF5C        4         0
                text86                             BF60     BF60        4         0
                text85                             C1FA     C1FA       2C         0
                text84                             BF64     BF64        4         0
                text83                             BF68     BF68        4         0
                text82                             BF6C     BF6C        4         0
                text81                             C162     C162       24         0
                text80                             C97A     C97A       7A         0
                text79                             C092     C092       18         0
                text78                             C226     C226       2C         0
                text77                             C252     C252       2C         0
                text76                             C27E     C27E       2C         0
                text75                             C2AA     C2AA       2C         0
                text74                             C448     C448       40         0
                text73                             BF70     BF70        4         0
                text72                             BF74     BF74        4         0
                text71                             BF78     BF78        4         0
                text70                             BF84     BF84        6         0
                text69                             BF7C     BF7C        4         0
                text68                             BF8A     BF8A        6         0
                text67                             BFA8     BFA8        8         0
                text66                             C07E     C07E       14         0
                text65                             BF80     BF80        4         0
                text64                             C9F4     C9F4       7C         0
                text63                             C004     C004        C         0
                text62                             C028     C028       10         0
                text61                             C038     C038       10         0
                text60                             CE40     CE40       C4         0
                text59                             CC40     CC40       A6         0
                text58                             C010     C010        C         0
                text57                             BFB0     BFB0        8         0
                text56                             BFB8     BFB8        8         0
                text55                             BFC0     BFC0        8         0
                text54                             BFC8     BFC8        8         0
                text53                             BFD0     BFD0        8         0
                text52                             BFD8     BFD8        8         0
                text51                             BFE0     BFE0        8         0
                text50                             C01C     C01C        C         0
                text49                             C834     C834       66         0
                text48                             C89A     C89A       70         0
                text47                             C048     C048       10         0
                text46                             C0DE     C0DE       1E         0
                text45                             C488     C488       44         0
                text44                             BFE8     BFE8        8         0
                text43                             C0FC     C0FC       22         0
                text42                             CA70     CA70       8E         0
                text41                             C0AA     C0AA       18         0
                text40                             C5FA     C5FA       5A         0
                text39                             C11E     C11E       22         0
                text38                             C2D6     C2D6       2C         0
                text37                             C140     C140       22         0
                text36                             CAFE     CAFE       9E         0
                text35                             C0C2     C0C2       1C         0
                text34                             C90A     C90A       70         0
                text33                             C76E     C76E       62         0
                text32                             C1AC     C1AC       26         0
                text31                             D234     D234       F2         0
                text30                             C058     C058       12         0
                text29                             C1D2     C1D2       28         0
                text28                             BFFA     BFFA        A         0
                text27                             D526     D526      102         0
                text26                             C3A0     C3A0       38         0
                text25                             C556     C556       52         0
                text24                             D832     D832      19A         0
                text23                             CF04     CF04       C4         0
                text22                             CD90     CD90       B0         0
                text21                             CCE6     CCE6       AA         0
                text20                             D628     D628      104         0
                text19                             C3D8     C3D8       38         0
                text18                             EBEE     EBEE      4C0         0
                text17                             C510     C510       46         0
                text16                             D72C     D72C      106         0
                text15                             D326     D326       FE         0
                text14                             DB80     DB80      212         0
                text13                             BF56     BF56        2         0
                text12                             D08E     D08E       CA         0
                text11                             C4CC     C4CC       44         0
                text10                             C36A     C36A       36         0
                text9                              CFC8     CFC8       C6         0
                text8                              C6B0     C6B0       5E         0
                text7                              C410     C410       38         0
                text6                              C70E     C70E       60         0
                text5                              F0AE     F0AE      C58         0
                text4                              D158     D158       DC         0
                text3                              E776     E776      478         0
                text2                              C7D0     C7D0       64         0
                text1                              C5A8     C5A8       52         0
                text0                              DD92     DD92      220         0
                cinit                              C302     C302       32         0

        CLASS   CONST          

        CLASS   SMALLCONST     

        CLASS   MEDIUMCONST    
                mediumconst                        FD06     FD06      2FA         0

        CLASS   COMRAM         
                cstackCOMRAM                          1        1       5F         1

        CLASS   ABS1           

        CLASS   BIGRAM         
                bssBIGRAM                           1C4      1C4      800         1

        CLASS   RAM            

        CLASS   BANK0          
                cstackBANK0                          60       60       4E         1
                bssBANK0                             AE       AE       41         1

        CLASS   BANK1          
                bssBANK1                            100      100       C4         1

        CLASS   BANK2          

        CLASS   BANK3          

        CLASS   BANK4          

        CLASS   BANK5          

        CLASS   BANK6          

        CLASS   BANK7          

        CLASS   BANK8          

        CLASS   BANK9          

        CLASS   BANK10         

        CLASS   BANK11         

        CLASS   BANK12         

        CLASS   BANK13         

        CLASS   BANK14         

        CLASS   SFR            

        CLASS   CONFIG         
                config                           300000   300000        E         4

        CLASS   IDLOC          
                idloc                            200000   200000        8         5

        CLASS   EEDATA         

        CLASS   FARRAM         



SEGMENTS        Name                           Load    Length   Top    Selector   Space  Class

                reset_vec                      000000  000004  000004         0       0  CODE    
                cstackCOMRAM                   000001  00005F  000060         1       1  COMRAM  
                cstackBANK0                    000060  00008F  0000EF        60       1  BANK0   
                bssBANK1                       000100  0000C4  0001C4       100       1  BANK1   
                bssBIGRAM                      0001C4  000800  0009C4       1C4       1  BIGRAM  
                text13                         00BF56  000002  00BF58      5FAB       0  CODE    
                text88                         00BF58  000004  00BF5C      5FAC       0  CODE    
                text87                         00BF5C  000004  00BF60      5FAE       0  CODE    
                text86                         00BF60  000004  00BF64      5FB0       0  CODE    
                text84                         00BF64  000004  00BF68      5FB2       0  CODE    
                text83                         00BF68  000004  00BF6C      5FB4       0  CODE    
                text82                         00BF6C  000004  00BF70      5FB6       0  CODE    
                text73                         00BF70  000004  00BF74      5FB8       0  CODE    
                text72                         00BF74  000004  00BF78      5FBA       0  CODE    
                text71                         00BF78  000004  00BF7C      5FBC       0  CODE    
                text69                         00BF7C  000004  00BF80      5FBE       0  CODE    
                text65                         00BF80  000004  00BF84      5FC0       0  CODE    
                text70                         00BF84  000006  00BF8A      5FC2       0  CODE    
                text68                         00BF8A  000006  00BF90      5FC5       0  CODE    
                text99                         00BF90  000008  00BF98      5FC8       0  CODE    
                text98                         00BF98  000008  00BFA0      5FCC       0  CODE    
                text97                         00BFA0  000008  00BFA8      5FD0       0  CODE    
                text67                         00BFA8  000008  00BFB0      5FD4       0  CODE    
                text57                         00BFB0  000008  00BFB8      5FD8       0  CODE    
                text56                         00BFB8  000008  00BFC0      5FDC       0  CODE    
                text55                         00BFC0  000008  00BFC8      5FE0       0  CODE    
                text54                         00BFC8  000008  00BFD0      5FE4       0  CODE    
                text53                         00BFD0  000008  00BFD8      5FE8       0  CODE    
                text52                         00BFD8  000008  00BFE0      5FEC       0  CODE    
                text51                         00BFE0  000008  00BFE8      5FF0       0  CODE    
                text44                         00BFE8  000008  00BFF0      5FF4       0  CODE    
                text96                         00BFF0  00000A  00BFFA      5FF8       0  CODE    
                text28                         00BFFA  00000A  00C004      5FFD       0  CODE    
                text63                         00C004  00000C  00C010      6002       0  CODE    
                text58                         00C010  00000C  00C01C      6008       0  CODE    
                text50                         00C01C  00000C  00C028      600E       0  CODE    
                text62                         00C028  000010  00C038      6014       0  CODE    
                text61                         00C038  000010  00C048      601C       0  CODE    
                text47                         00C048  000010  00C058      6024       0  CODE    
                text30                         00C058  000012  00C06A      602C       0  CODE    
                text91                         00C06A  000014  00C07E      6035       0  CODE    
                text66                         00C07E  000014  00C092      603F       0  CODE    
                text79                         00C092  000018  00C0AA      6049       0  CODE    
                text41                         00C0AA  000018  00C0C2      6055       0  CODE    
                text35                         00C0C2  00001C  00C0DE      6061       0  CODE    
                text46                         00C0DE  00001E  00C0FC      606F       0  CODE    
                text43                         00C0FC  000022  00C11E      607E       0  CODE    
                text39                         00C11E  000022  00C140      608F       0  CODE    
                text37                         00C140  000022  00C162      60A0       0  CODE    
                text81                         00C162  000024  00C186      60B1       0  CODE    
                text101                        00C186  000026  00C1AC      60C3       0  CODE    
                text32                         00C1AC  000026  00C1D2      60D6       0  CODE    
                text29                         00C1D2  000028  00C1FA      60E9       0  CODE    
                text85                         00C1FA  00002C  00C226      60FD       0  CODE    
                text78                         00C226  00002C  00C252      6113       0  CODE    
                text77                         00C252  00002C  00C27E      6129       0  CODE    
                text76                         00C27E  00002C  00C2AA      613F       0  CODE    
                text75                         00C2AA  00002C  00C2D6      6155       0  CODE    
                text38                         00C2D6  00002C  00C302      616B       0  CODE    
                cinit                          00C302  000032  00C334      6181       0  CODE    
                text100                        00C334  000036  00C36A      619A       0  CODE    
                text10                         00C36A  000036  00C3A0      61B5       0  CODE    
                text26                         00C3A0  000038  00C3D8      61D0       0  CODE    
                text19                         00C3D8  000038  00C410      61EC       0  CODE    
                text7                          00C410  000038  00C448      6208       0  CODE    
                text74                         00C448  000040  00C488      6224       0  CODE    
                text45                         00C488  000044  00C4CC      6244       0  CODE    
                text11                         00C4CC  000044  00C510      6266       0  CODE    
                text17                         00C510  000046  00C556      6288       0  CODE    
                text25                         00C556  000052  00C5A8      62AB       0  CODE    
                text1                          00C5A8  000052  00C5FA      62D4       0  CODE    
                text40                         00C5FA  00005A  00C654      62FD       0  CODE    
                text89                         00C654  00005C  00C6B0      632A       0  CODE    
                text8                          00C6B0  00005E  00C70E      6358       0  CODE    
                text6                          00C70E  000060  00C76E      6387       0  CODE    
                text33                         00C76E  000062  00C7D0      63B7       0  CODE    
                text2                          00C7D0  000064  00C834      63E8       0  CODE    
                text49                         00C834  000066  00C89A      641A       0  CODE    
                text48                         00C89A  000070  00C90A      644D       0  CODE    
                text34                         00C90A  000070  00C97A      6485       0  CODE    
                text80                         00C97A  00007A  00C9F4      64BD       0  CODE    
                text64                         00C9F4  00007C  00CA70      64FA       0  CODE    
                text42                         00CA70  00008E  00CAFE      6538       0  CODE    
                text36                         00CAFE  00009E  00CB9C      657F       0  CODE    
                text90                         00CB9C  0000A4  00CC40      65CE       0  CODE    
                text59                         00CC40  0000A6  00CCE6      6620       0  CODE    
                text21                         00CCE6  0000AA  00CD90      6673       0  CODE    
                text22                         00CD90  0000B0  00CE40      66C8       0  CODE    
                text60                         00CE40  0000C4  00CF04      6720       0  CODE    
                text23                         00CF04  0000C4  00CFC8      6782       0  CODE    
                text9                          00CFC8  0000C6  00D08E      67E4       0  CODE    
                text12                         00D08E  0000CA  00D158      6847       0  CODE    
                text4                          00D158  0000DC  00D234      68AC       0  CODE    
                text31                         00D234  0000F2  00D326      691A       0  CODE    
                text15                         00D326  0000FE  00D424      6993       0  CODE    
                text92                         00D424  000102  00D526      6A12       0  CODE    
                text27                         00D526  000102  00D628      6A93       0  CODE    
                text20                         00D628  000104  00D72C      6B14       0  CODE    
                text16                         00D72C  000106  00D832      6B96       0  CODE    
                text24                         00D832  00019A  00D9CC      6C19       0  CODE    
                text93                         00D9CC  0001B4  00DB80      6CE6       0  CODE    
                text14                         00DB80  000212  00DD92      6DC0       0  CODE    
                text0                          00DD92  000220  00DFB2      6EC9       0  CODE    
                text95                         00DFB2  00039A  00E34C      6FD9       0  CODE    
                text94                         00E34C  00042A  00E776      71A6       0  CODE    
                text3                          00E776  000478  00EBEE      73BB       0  CODE    
                text18                         00EBEE  0004C0  00F0AE      75F7       0  CODE    
                text5                          00F0AE  000C58  00FD06      7857       0  CODE    
                mediumconst                    00FD06  0002FA  010000      7E83       0  MEDIUMCO


UNUSED ADDRESS RANGES

        Name                Unused          Largest block    Delta
        BANK0            0000EF-0000FF               11
        BANK10           000A00-000AFF              100
        BANK11           000B00-000BFF              100
        BANK12           000C00-000CFF              100
        BANK13           000D00-000DFF              100
        BANK14           000E00-000E40               41
        BANK9            0009C4-0009FF               3C
        BIGRAM           0000EF-0000FF               11
                         0009C4-000E40              47D
        CODE             000004-00BF55             BF52
        CONST            000004-00BF55             BF52
        EEDATA           F00000-F003FF              400
        MEDIUMCONST      000F00-00BF55             B056
        RAM              0000EF-0000FF               11
                         0009C4-000E40              100
        SFR              000E41-000FFF               BF
        SMALLCONST       000F00-00BF55              100
        STACK            0009C4-000E40              47D

                                  Symbol Table

?_Current_ReadRegister                cstackCOMRAM 00002E
?_I2C_Master_Read                     cstackCOMRAM 000002
?_Power_ReadRegister                  cstackCOMRAM 00001A
?_Voltage_ReadRegister                cstackCOMRAM 00002E
?___awdiv                             cstackCOMRAM 000001
?___awmod                             cstackCOMRAM 000001
?___fladd                             cstackCOMRAM 000001
?___fldiv                             cstackCOMRAM 000001
?___flmul                             cstackCOMRAM 000015
?___flneg                             cstackCOMRAM 000001
?___flsub                             cstackCOMRAM 00002E
?___fltol                             cstackCOMRAM 000001
?___fpclassifyf                       cstackCOMRAM 000001
?___lldiv                             cstackCOMRAM 000001
?___wmul                              cstackCOMRAM 000001
?___xxtofl                            cstackCOMRAM 000007
?_atoi                                cstackCOMRAM 000008
?_efgtoa                              cstackCOMRAM 00003A
?_floorf                              cstackCOMRAM 00001A
?_isdigit                             cstackCOMRAM 000001
?_isspace                             cstackCOMRAM 000001
?_isupper                             cstackCOMRAM 000001
?_pad                                 cstackCOMRAM 000011
?_sprintf                             cstackBANK0  00009E
?_strlen                              cstackCOMRAM 000001
?_strncmp                             cstackCOMRAM 000001
?_tolower                             cstackCOMRAM 000007
?_vfpfcnvrt                           cstackCOMRAM 000046
?_vfprintf                            cstackBANK0  000098
Current_ReadRegister@temp_c           cstackCOMRAM 000036
Current_ReadRegister@temp_d           cstackCOMRAM 000034
I2C_CallbackReturnReset@funPtr        cstackCOMRAM 00000A
I2C_Close@returnValue                 cstackCOMRAM 000001
I2C_MasterOperation@read              cstackCOMRAM 000010
I2C_MasterOperation@returnValue       cstackCOMRAM 000011
I2C_MasterSendTxData@data             cstackCOMRAM 000001
I2C_Master_Init@c                     cstackCOMRAM 00000E
I2C_Master_Read@a                     cstackCOMRAM 000002
I2C_Master_Read@temp                  cstackCOMRAM 000004
I2C_Master_Write@d                    cstackCOMRAM 000002
I2C_Open@address                      cstackCOMRAM 000001
I2C_Open@returnValue                  cstackCOMRAM 000002
I2C_SetAddressNackCallback@cb         cstackCOMRAM 000006
I2C_SetAddressNackCallback@ptr        cstackCOMRAM 000008
I2C_SetBuffer@buffer                  cstackCOMRAM 000001
I2C_SetBuffer@bufferSize              cstackCOMRAM 000003
I2C_SetCallback@cb                    cstackCOMRAM 000001
I2C_SetCallback@idx                   cstackCOMRAM 000005
I2C_SetCallback@ptr                   cstackCOMRAM 000003
I2C_SetDataCompleteCallback@cb        cstackCOMRAM 000006
I2C_SetDataCompleteCallback@ptr       cstackCOMRAM 000008
I2C_WriteNBytes@address               cstackCOMRAM 000016
I2C_WriteNBytes@data                  cstackCOMRAM 000012
I2C_WriteNBytes@len                   cstackCOMRAM 000014
Oled_Clear@i                          cstackCOMRAM 00001A
Oled_Command@command                  cstackCOMRAM 000017
Oled_Command@data_I2C                 cstackCOMRAM 000018
Oled_Data@data_I2C                    cstackCOMRAM 000018
Oled_Data@value                       cstackCOMRAM 000017
Oled_SelectPage@Result                cstackCOMRAM 00001B
Oled_SelectPage@page_num              cstackCOMRAM 00001A
Oled_WriteCharacter@character         cstackCOMRAM 00001E
Oled_WriteCharacter@i                 cstackCOMRAM 00001F
Oled_WriteString@characters           cstackCOMRAM 000021
Power_ReadRegister@temp_e             cstackCOMRAM 000022
Power_ReadRegister@temp_f             cstackCOMRAM 000020
Voltage_ReadRegister@temp_a           cstackCOMRAM 000036
Voltage_ReadRegister@temp_b           cstackCOMRAM 000034
_ACKDT                                (abs)        007E2D
_ACKEN                                (abs)        007E2C
_ANCON0                               (abs)        000F5D
_ANCON1                               (abs)        000F5C
_ASCII                                mediumconst  00FDA7
_BAUDCON1                             (abs)        000FA7
_Current                              bssBANK0     0000C6
_Current_ReadRegister                 text92       00D424
_EEADR                                (abs)        000F74
_EEADRH                               (abs)        000F75
_EECON1bits                           (abs)        000F7F
_EECON2                               (abs)        000F7E
_EEDATA                               (abs)        000F73
_EUSART1_DefaultErrorHandler          (abs)        000000
_EUSART1_DefaultFramingErrorHandler   (abs)        000000
_EUSART1_DefaultOverrunErrorHandler   (abs)        000000
_EUSART1_ErrorHandler                 bssBANK0     0000D6
_EUSART1_FramingErrorHandler          bssBANK0     0000DA
_EUSART1_OverrunErrorHandler          bssBANK0     0000D8
_I2C_CallbackReturnReset              text72       00BF74
_I2C_CallbackReturnStop               text73       00BF70
_I2C_Close                            text85       00C1FA
_I2C_DO_ADDRESS_NACK                  text49       00C834
_I2C_DO_IDLE                          text63       00C004
_I2C_DO_RCEN                          text58       00C010
_I2C_DO_RESET                         text50       00C01C
_I2C_DO_RX                            text59       00CC40
_I2C_DO_RX_ACK                        text53       00BFD0
_I2C_DO_RX_NACK_RESTART               text51       00BFE0
_I2C_DO_RX_NACK_STOP                  text52       00BFD8
_I2C_DO_SEND_ADR_READ                 text62       00C028
_I2C_DO_SEND_ADR_WRITE                text61       00C038
_I2C_DO_SEND_RESTART                  text55       00BFC0
_I2C_DO_SEND_RESTART_READ             text57       00BFB0
_I2C_DO_SEND_RESTART_WRITE            text56       00BFB8
_I2C_DO_SEND_STOP                     text54       00BFC8
_I2C_DO_TX                            text60       00CE40
_I2C_DO_TX_EMPTY                      text64       00C9F4
_I2C_Initialize                       text91       00C06A
_I2C_MasterClearIrq                   text88       00BF58
_I2C_MasterClose                      text87       00BF5C
_I2C_MasterDisableIrq                 text86       00BF60
_I2C_MasterEnableRestart              text83       00BF68
_I2C_MasterFsm                        text48       00C89A
_I2C_MasterGetRxData                  text69       00BF7C
_I2C_MasterIsNack                     text66       00C07E
_I2C_MasterOpen                       text43       00C0FC
_I2C_MasterOperation                  text45       00C488
_I2C_MasterSendAck                    text68       00BF8A
_I2C_MasterSendNack                   text70       00BF84
_I2C_MasterSendTxData                 text67       00BFA8
_I2C_MasterSetIrq                     text65       00BF80
_I2C_MasterStart                      text84       00BF64
_I2C_MasterStartRx                    text71       00BF78
_I2C_MasterStop                       text82       00BF6C
_I2C_MasterWaitForEvent               text47       00C048
_I2C_MasterWrite                      text44       00BFE8
_I2C_Master_Init                      text89       00C654
_I2C_Master_Read                      text100      00C334
_I2C_Master_RepeatedStart             text99       00BF90
_I2C_Master_Start                     text98       00BF98
_I2C_Master_Stop                      text97       00BFA0
_I2C_Master_Wait                      text101      00C186
_I2C_Master_Write                     text96       00BFF0
_I2C_Open                             text42       00CA70
_I2C_Poller                           text46       00C0DE
_I2C_SetAddressNackCallback           text41       00C0AA
_I2C_SetBuffer                        text81       00C162
_I2C_SetCallback                      text80       00C97A
_I2C_SetDataCompleteCallback          text79       00C092
_I2C_Status                           bssBANK1     000150
_I2C_WriteNBytes                      text40       00C5FA
_INTCON2bits                          (abs)        000FF1
_INTCONbits                           (abs)        000FF2
_LATA                                 (abs)        000F89
_LATB                                 (abs)        000F8A
_LATC                                 (abs)        000F8B
_OSCCON                               (abs)        000FD3
_OSCCON2                              (abs)        000FD2
_OSCILLATOR_Initialize                text30       00C058
_OSCTUNE                              (abs)        000F9B
_Oled_Clear                           text38       00C2D6
_Oled_Command                         text37       00C140
_Oled_Data                            text39       00C11E
_Oled_Init                            text36       00CAFE
_Oled_SelectPage                      text35       00C0C2
_Oled_WriteCharacter                  text34       00C90A
_Oled_WriteString                     text33       00C76E
_PEN                                  (abs)        007E2A
_PIE1bits                             (abs)        000F9D
_PIN_MANAGER_Initialize               text29       00C1D2
_PIR1bits                             (abs)        000F9E
_PIR2bits                             (abs)        000FA1
_PIR4bits                             (abs)        000FB7
_Power                                bssBANK0     0000C2
_Power_ReadRegister                   text31       00D234
_RCEN                                 (abs)        007E2B
_RCREG1                               (abs)        000FAE
_RCSTA1                               (abs)        000FAB
_RCSTA1bits                           (abs)        000FAB
_REFOCON                              (abs)        000F9A
_RSEN                                 (abs)        007E29
_SEN                                  (abs)        007E28
_SPBRG1                               (abs)        000FAF
_SPBRGH1                              (abs)        000F7D
_SSD1306_Buffer                       bssBIGRAM    0005C4
_SSPADD                               (abs)        000FC8
_SSPBUF                               (abs)        000FC9
_SSPCON1                              (abs)        000FC6
_SSPCON1bits                          (abs)        000FC6
_SSPCON2                              (abs)        000FC5
_SSPCON2bits                          (abs)        000FC5
_SSPSTAT                              (abs)        000FC7
_SSPSTATbits                          (abs)        000FC7
_SYSTEM_Initialize                    text28       00BFFA
_TABLAT                               (abs)        000FF5
_TBLPTRH                              (abs)        000FF7
_TBLPTRL                              (abs)        000FF6
_TBLPTRU                              (abs)        000FF8
_TRISA                                (abs)        000F92
_TRISB                                (abs)        000F93
_TRISC                                (abs)        000F94
_TRISC3                               (abs)        007CA3
_TRISC4                               (abs)        007CA4
_TXREG1                               (abs)        000FAD
_TXSTA1                               (abs)        000FAC
_TXSTA1bits                           (abs)        000FAC
_Voltage                              bssBANK0     0000CA
_Voltage_ReadRegister                 text27       00D526
_WPUB                                 (abs)        000F5B
__HRAM                                (abs)        000000
__Habs1                               abs1         000000
__Hbank0                              bank0        000000
__Hbank1                              bank1        000000
__Hbank10                             bank10       000000
__Hbank11                             bank11       000000
__Hbank12                             bank12       000000
__Hbank13                             bank13       000000
__Hbank14                             bank14       000000
__Hbank2                              bank2        000000
__Hbank3                              bank3        000000
__Hbank4                              bank4        000000
__Hbank5                              bank5        000000
__Hbank6                              bank6        000000
__Hbank7                              bank7        000000
__Hbank8                              bank8        000000
__Hbank9                              bank9        000000
__Hbigbss                             bigbss       000000
__Hbigdata                            bigdata      000000
__Hbigram                             bigram       000000
__Hbss                                bss          000000
__HbssBANK0                           bssBANK0     000000
__HbssBANK1                           bssBANK1     000000
__HbssBIGRAM                          bssBIGRAM    000000
__Hcinit                              cinit        000000
__Hclrtext                            clrtext      000000
__Hcomram                             comram       000000
__Hconfig                             config       30000E
__Hconst                              const        000000
__HcstackBANK0                        cstackBANK0  000000
__HcstackCOMRAM                       cstackCOMRAM 000000
__Hdata                               data         000000
__Heeprom_data                        eeprom_data  000000
__Hfarbss                             farbss       000000
__Hfardata                            fardata      000000
__Hibigdata                           ibigdata     000000
__Hidata                              idata        000000
__Hidloc                              idloc        200008
__Hifardata                           ifardata     000000
__Hinit                               init         000004
__Hintcode                            intcode      000000
__Hintcode_body                       intcode_body 000000
__Hintcodelo                          intcodelo    000000
__Hintentry                           intentry     000000
__Hintret                             intret       000000
__Hintsave_regs                       intsave_regs 000000
__Hirdata                             irdata       000000
__Hmediumconst                        mediumconst  010000
__HnvFARRAM                           nvFARRAM     000000
__Hnvbit                              nvbit        000000
__Hnvrram                             nvrram       000000
__Hparam                              rparam       000000
__Hpowerup                            powerup      000000
__Hram                                ram          000000
__Hramtop                             ramtop       000F00
__Hrbit                               rbit         000000
__Hrbss                               rbss         000000
__Hrdata                              rdata        000000
__Hreset_vec                          reset_vec    000000
__Hrparam                             rparam       000000
__Hsfr                                sfr          000000
__Hsmallconst                         smallconst   000000
__Hspace_0                            (abs)        010000
__Hspace_1                            (abs)        0009C4
__Hspace_2                            (abs)        000000
__Hspace_4                            (abs)        60000E
__Hstack                              stack        000000
__Hstruct                             struct       000000
__Htemp                               temp         000000
__Htext                               text         000000
__Htext0                              text0        000000
__Htext1                              text1        000000
__Htext10                             text10       000000
__Htext100                            text100      000000
__Htext101                            text101      000000
__Htext102                            text102      000000
__Htext11                             text11       000000
__Htext12                             text12       000000
__Htext13                             text13       000000
__Htext14                             text14       000000
__Htext15                             text15       000000
__Htext16                             text16       000000
__Htext17                             text17       000000
__Htext18                             text18       000000
__Htext19                             text19       000000
__Htext2                              text2        000000
__Htext20                             text20       000000
__Htext21                             text21       000000
__Htext22                             text22       000000
__Htext23                             text23       000000
__Htext24                             text24       000000
__Htext25                             text25       000000
__Htext26                             text26       000000
__Htext27                             text27       000000
__Htext28                             text28       000000
__Htext29                             text29       000000
__Htext3                              text3        000000
__Htext30                             text30       000000
__Htext31                             text31       000000
__Htext32                             text32       000000
__Htext33                             text33       000000
__Htext34                             text34       000000
__Htext35                             text35       000000
__Htext36                             text36       000000
__Htext37                             text37       000000
__Htext38                             text38       000000
__Htext39                             text39       000000
__Htext4                              text4        000000
__Htext40                             text40       000000
__Htext41                             text41       000000
__Htext42                             text42       000000
__Htext43                             text43       000000
__Htext44                             text44       000000
__Htext45                             text45       000000
__Htext46                             text46       000000
__Htext47                             text47       000000
__Htext48                             text48       000000
__Htext49                             text49       000000
__Htext5                              text5        000000
__Htext50                             text50       000000
__Htext51                             text51       000000
__Htext52                             text52       000000
__Htext53                             text53       000000
__Htext54                             text54       000000
__Htext55                             text55       000000
__Htext56                             text56       000000
__Htext57                             text57       000000
__Htext58                             text58       000000
__Htext59                             text59       000000
__Htext6                              text6        000000
__Htext60                             text60       000000
__Htext61                             text61       000000
__Htext62                             text62       000000
__Htext63                             text63       000000
__Htext64                             text64       000000
__Htext65                             text65       000000
__Htext66                             text66       000000
__Htext67                             text67       000000
__Htext68                             text68       000000
__Htext69                             text69       000000
__Htext7                              text7        000000
__Htext70                             text70       000000
__Htext71                             text71       000000
__Htext72                             text72       000000
__Htext73                             text73       000000
__Htext74                             text74       000000
__Htext75                             text75       000000
__Htext76                             text76       000000
__Htext77                             text77       000000
__Htext78                             text78       000000
__Htext79                             text79       000000
__Htext8                              text8        000000
__Htext80                             text80       000000
__Htext81                             text81       000000
__Htext82                             text82       000000
__Htext83                             text83       000000
__Htext84                             text84       000000
__Htext85                             text85       000000
__Htext86                             text86       000000
__Htext87                             text87       000000
__Htext88                             text88       000000
__Htext89                             text89       000000
__Htext9                              text9        000000
__Htext90                             text90       000000
__Htext91                             text91       000000
__Htext92                             text92       000000
__Htext93                             text93       000000
__Htext94                             text94       000000
__Htext95                             text95       000000
__Htext96                             text96       000000
__Htext97                             text97       000000
__Htext98                             text98       000000
__Htext99                             text99       000000
__LRAM                                (abs)        000001
__Labs1                               abs1         000000
__Lbank0                              bank0        000000
__Lbank1                              bank1        000000
__Lbank10                             bank10       000000
__Lbank11                             bank11       000000
__Lbank12                             bank12       000000
__Lbank13                             bank13       000000
__Lbank14                             bank14       000000
__Lbank2                              bank2        000000
__Lbank3                              bank3        000000
__Lbank4                              bank4        000000
__Lbank5                              bank5        000000
__Lbank6                              bank6        000000
__Lbank7                              bank7        000000
__Lbank8                              bank8        000000
__Lbank9                              bank9        000000
__Lbigbss                             bigbss       000000
__Lbigdata                            bigdata      000000
__Lbigram                             bigram       000000
__Lbss                                bss          000000
__LbssBANK0                           bssBANK0     000000
__LbssBANK1                           bssBANK1     000000
__LbssBIGRAM                          bssBIGRAM    000000
__Lcinit                              cinit        000000
__Lclrtext                            clrtext      000000
__Lcomram                             comram       000000
__Lconfig                             config       000000
__Lconst                              const        000000
__LcstackBANK0                        cstackBANK0  000000
__LcstackCOMRAM                       cstackCOMRAM 000000
__Ldata                               data         000000
__Leeprom_data                        eeprom_data  000000
__Lfarbss                             farbss       000000
__Lfardata                            fardata      000000
__Libigdata                           ibigdata     000000
__Lidata                              idata        000000
__Lidloc                              idloc        000000
__Lifardata                           ifardata     000000
__Linit                               init         000000
__Lintcode                            intcode      000000
__Lintcode_body                       intcode_body 000000
__Lintcodelo                          intcodelo    000000
__Lintentry                           intentry     000000
__Lintret                             intret       000000
__Lintsave_regs                       intsave_regs 000000
__Lirdata                             irdata       000000
__Lmediumconst                        mediumconst  00FD06
__LnvFARRAM                           nvFARRAM     000000
__Lnvbit                              nvbit        000000
__Lnvrram                             nvrram       000000
__Lparam                              rparam       000000
__Lpowerup                            powerup      000000
__Lram                                ram          000000
__Lramtop                             ramtop       000F00
__Lrbit                               rbit         000000
__Lrbss                               rbss         000000
__Lrdata                              rdata        000000
__Lreset_vec                          reset_vec    000000
__Lrparam                             rparam       000000
__Lsfr                                sfr          000000
__Lsmallconst                         smallconst   000000
__Lspace_0                            (abs)        000000
__Lspace_1                            (abs)        000000
__Lspace_2                            (abs)        000000
__Lspace_4                            (abs)        000000
__Lstack                              stack        000000
__Lstruct                             struct       000000
__Ltemp                               temp         000000
__Ltext                               text         000000
__Ltext0                              text0        000000
__Ltext1                              text1        000000
__Ltext10                             text10       000000
__Ltext100                            text100      000000
__Ltext101                            text101      000000
__Ltext102                            text102      000000
__Ltext11                             text11       000000
__Ltext12                             text12       000000
__Ltext13                             text13       000000
__Ltext14                             text14       000000
__Ltext15                             text15       000000
__Ltext16                             text16       000000
__Ltext17                             text17       000000
__Ltext18                             text18       000000
__Ltext19                             text19       000000
__Ltext2                              text2        000000
__Ltext20                             text20       000000
__Ltext21                             text21       000000
__Ltext22                             text22       000000
__Ltext23                             text23       000000
__Ltext24                             text24       000000
__Ltext25                             text25       000000
__Ltext26                             text26       000000
__Ltext27                             text27       000000
__Ltext28                             text28       000000
__Ltext29                             text29       000000
__Ltext3                              text3        000000
__Ltext30                             text30       000000
__Ltext31                             text31       000000
__Ltext32                             text32       000000
__Ltext33                             text33       000000
__Ltext34                             text34       000000
__Ltext35                             text35       000000
__Ltext36                             text36       000000
__Ltext37                             text37       000000
__Ltext38                             text38       000000
__Ltext39                             text39       000000
__Ltext4                              text4        000000
__Ltext40                             text40       000000
__Ltext41                             text41       000000
__Ltext42                             text42       000000
__Ltext43                             text43       000000
__Ltext44                             text44       000000
__Ltext45                             text45       000000
__Ltext46                             text46       000000
__Ltext47                             text47       000000
__Ltext48                             text48       000000
__Ltext49                             text49       000000
__Ltext5                              text5        000000
__Ltext50                             text50       000000
__Ltext51                             text51       000000
__Ltext52                             text52       000000
__Ltext53                             text53       000000
__Ltext54                             text54       000000
__Ltext55                             text55       000000
__Ltext56                             text56       000000
__Ltext57                             text57       000000
__Ltext58                             text58       000000
__Ltext59                             text59       000000
__Ltext6                              text6        000000
__Ltext60                             text60       000000
__Ltext61                             text61       000000
__Ltext62                             text62       000000
__Ltext63                             text63       000000
__Ltext64                             text64       000000
__Ltext65                             text65       000000
__Ltext66                             text66       000000
__Ltext67                             text67       000000
__Ltext68                             text68       000000
__Ltext69                             text69       000000
__Ltext7                              text7        000000
__Ltext70                             text70       000000
__Ltext71                             text71       000000
__Ltext72                             text72       000000
__Ltext73                             text73       000000
__Ltext74                             text74       000000
__Ltext75                             text75       000000
__Ltext76                             text76       000000
__Ltext77                             text77       000000
__Ltext78                             text78       000000
__Ltext79                             text79       000000
__Ltext8                              text8        000000
__Ltext80                             text80       000000
__Ltext81                             text81       000000
__Ltext82                             text82       000000
__Ltext83                             text83       000000
__Ltext84                             text84       000000
__Ltext85                             text85       000000
__Ltext86                             text86       000000
__Ltext87                             text87       000000
__Ltext88                             text88       000000
__Ltext89                             text89       000000
__Ltext9                              text9        000000
__Ltext90                             text90       000000
__Ltext91                             text91       000000
__Ltext92                             text92       000000
__Ltext93                             text93       000000
__Ltext94                             text94       000000
__Ltext95                             text95       000000
__Ltext96                             text96       000000
__Ltext97                             text97       000000
__Ltext98                             text98       000000
__Ltext99                             text99       000000
__S0                                  (abs)        010000
__S1                                  (abs)        0009C4
__S2                                  (abs)        000000
__S4                                  (abs)        000000
__S5                                  (abs)        000000
___awdiv                              text23       00CF04
___awdiv@counter                      cstackCOMRAM 000005
___awdiv@dividend                     cstackCOMRAM 000001
___awdiv@divisor                      cstackCOMRAM 000003
___awdiv@quotient                     cstackCOMRAM 000007
___awdiv@sign                         cstackCOMRAM 000006
___awmod                              text22       00CD90
___awmod@counter                      cstackCOMRAM 000005
___awmod@dividend                     cstackCOMRAM 000001
___awmod@divisor                      cstackCOMRAM 000003
___awmod@sign                         cstackCOMRAM 000006
___fladd                              text18       00EBEE
___fladd@a                            cstackCOMRAM 000005
___fladd@aexp                         cstackCOMRAM 00000E
___fladd@b                            cstackCOMRAM 000001
___fladd@bexp                         cstackCOMRAM 00000F
___fladd@grs                          cstackCOMRAM 000010
___fladd@signs                        cstackCOMRAM 00000D
___fldiv                              text95       00DFB2
___fldiv@a                            cstackCOMRAM 000005
___fldiv@aexp                         cstackCOMRAM 000019
___fldiv@b                            cstackCOMRAM 000001
___fldiv@bexp                         cstackCOMRAM 000018
___fldiv@grs                          cstackCOMRAM 000014
___fldiv@new_exp                      cstackCOMRAM 000012
___fldiv@rem                          cstackCOMRAM 00000D
___fldiv@sign                         cstackCOMRAM 000011
___fleq                               text21       00CCE6
___fleq@ff1                           cstackCOMRAM 000001
___fleq@ff2                           cstackCOMRAM 000005
___flge                               text20       00D628
___flge@ff1                           cstackCOMRAM 00002E
___flge@ff2                           cstackCOMRAM 000032
___flmul                              text94       00E34C
___flmul@a                            cstackCOMRAM 000019
___flmul@aexp                         cstackCOMRAM 000026
___flmul@b                            cstackCOMRAM 000015
___flmul@bexp                         cstackCOMRAM 000027
___flmul@grs                          cstackCOMRAM 000022
___flmul@prod                         cstackCOMRAM 000028
___flmul@sign                         cstackCOMRAM 000021
___flmul@temp                         cstackCOMRAM 00002C
___flneg                              text19       00C3D8
___flneg@f1                           cstackCOMRAM 000001
___flsub                              text17       00C510
___flsub@a                            cstackCOMRAM 000032
___flsub@b                            cstackCOMRAM 00002E
___fltol                              text16       00D72C
___fltol@exp1                         cstackCOMRAM 00000A
___fltol@f1                           cstackCOMRAM 000001
___fltol@sign1                        cstackCOMRAM 000009
___fpclassifyf                        text15       00D326
___fpclassifyf@F465                   bssBANK0     0000B2
___fpclassifyf@e                      cstackCOMRAM 000009
___fpclassifyf@u                      cstackCOMRAM 00000B
___fpclassifyf@x                      cstackCOMRAM 000001
___inthi_sp                           stack        000000
___intlo_sp                           stack        000000
___lldiv                              text90       00CB9C
___lldiv@counter                      cstackCOMRAM 00000D
___lldiv@dividend                     cstackCOMRAM 000001
___lldiv@divisor                      cstackCOMRAM 000005
___lldiv@quotient                     cstackCOMRAM 000009
___param_bank                         (abs)        000000
___rparam_used                        (abs)        000001
___sp                                 stack        000000
___wmul                               text32       00C1AC
___wmul@multiplicand                  cstackCOMRAM 000003
___wmul@multiplier                    cstackCOMRAM 000001
___wmul@product                       cstackCOMRAM 000005
___xxtofl                             text93       00D9CC
___xxtofl@arg                         cstackCOMRAM 000011
___xxtofl@exp                         cstackCOMRAM 000010
___xxtofl@sign                        cstackCOMRAM 00000F
___xxtofl@val                         cstackCOMRAM 000007
__accesstop                           (abs)        000060
__activetblptr                        (abs)        000003
__end_of_ASCII                        mediumconst  00FF87
__end_of_Current_ReadRegister         text92       00D526
__end_of_I2C_CallbackReturnReset      text72       00BF78
__end_of_I2C_CallbackReturnStop       text73       00BF74
__end_of_I2C_Close                    text85       00C226
__end_of_I2C_DO_ADDRESS_NACK          text49       00C89A
__end_of_I2C_DO_IDLE                  text63       00C010
__end_of_I2C_DO_RCEN                  text58       00C01C
__end_of_I2C_DO_RESET                 text50       00C028
__end_of_I2C_DO_RX                    text59       00CCE6
__end_of_I2C_DO_RX_ACK                text53       00BFD8
__end_of_I2C_DO_RX_NACK_RESTART       text51       00BFE8
__end_of_I2C_DO_RX_NACK_STOP          text52       00BFE0
__end_of_I2C_DO_SEND_ADR_READ         text62       00C038
__end_of_I2C_DO_SEND_ADR_WRITE        text61       00C048
__end_of_I2C_DO_SEND_RESTART          text55       00BFC8
__end_of_I2C_DO_SEND_RESTART_READ     text57       00BFB8
__end_of_I2C_DO_SEND_RESTART_WRITE    text56       00BFC0
__end_of_I2C_DO_SEND_STOP             text54       00BFD0
__end_of_I2C_DO_TX                    text60       00CF04
__end_of_I2C_DO_TX_EMPTY              text64       00CA70
__end_of_I2C_Initialize               text91       00C07E
__end_of_I2C_MasterClearIrq           text88       00BF5C
__end_of_I2C_MasterClose              text87       00BF60
__end_of_I2C_MasterDisableIrq         text86       00BF64
__end_of_I2C_MasterEnableRestart      text83       00BF6C
__end_of_I2C_MasterFsm                text48       00C90A
__end_of_I2C_MasterGetRxData          text69       00BF80
__end_of_I2C_MasterIsNack             text66       00C092
__end_of_I2C_MasterOpen               text43       00C11E
__end_of_I2C_MasterOperation          text45       00C4CC
__end_of_I2C_MasterSendAck            text68       00BF90
__end_of_I2C_MasterSendNack           text70       00BF8A
__end_of_I2C_MasterSendTxData         text67       00BFB0
__end_of_I2C_MasterSetIrq             text65       00BF84
__end_of_I2C_MasterStart              text84       00BF68
__end_of_I2C_MasterStartRx            text71       00BF7C
__end_of_I2C_MasterStop               text82       00BF70
__end_of_I2C_MasterWaitForEvent       text47       00C058
__end_of_I2C_MasterWrite              text44       00BFF0
__end_of_I2C_Master_Init              text89       00C6B0
__end_of_I2C_Master_Read              text100      00C36A
__end_of_I2C_Master_RepeatedStart     text99       00BF98
__end_of_I2C_Master_Start             text98       00BFA0
__end_of_I2C_Master_Stop              text97       00BFA8
__end_of_I2C_Master_Wait              text101      00C1AC
__end_of_I2C_Master_Write             text96       00BFFA
__end_of_I2C_Open                     text42       00CAFE
__end_of_I2C_Poller                   text46       00C0FC
__end_of_I2C_SetAddressNackCallback   text41       00C0C2
__end_of_I2C_SetBuffer                text81       00C186
__end_of_I2C_SetCallback              text80       00C9F4
__end_of_I2C_SetDataCompleteCallback  text79       00C0AA
__end_of_I2C_WriteNBytes              text40       00C654
__end_of_IPL                          mediumconst  00FD87
__end_of_OSCILLATOR_Initialize        text30       00C06A
__end_of_Oled_Clear                   text38       00C302
__end_of_Oled_Command                 text37       00C162
__end_of_Oled_Data                    text39       00C140
__end_of_Oled_Init                    text36       00CB9C
__end_of_Oled_SelectPage              text35       00C0DE
__end_of_Oled_WriteCharacter          text34       00C97A
__end_of_Oled_WriteString             text33       00C7D0
__end_of_PIN_MANAGER_Initialize       text29       00C1FA
__end_of_Power_ReadRegister           text31       00D326
__end_of_SYSTEM_Initialize            text28       00C004
__end_of_Voltage_ReadRegister         text27       00D628
__end_of___awdiv                      text23       00CFC8
__end_of___awmod                      text22       00CE40
__end_of___fladd                      text18       00F0AE
__end_of___fldiv                      text95       00E34C
__end_of___fleq                       text21       00CD90
__end_of___flge                       text20       00D72C
__end_of___flmul                      text94       00E776
__end_of___flneg                      text19       00C410
__end_of___flsub                      text17       00C556
__end_of___fltol                      text16       00D832
__end_of___fpclassifyf                text15       00D424
__end_of___lldiv                      text90       00CC40
__end_of___wmul                       text32       00C1D2
__end_of___xxtofl                     text93       00DB80
__end_of__initialization              cinit        00C32E
__end_of_atoi                         text24       00D9CC
__end_of_efgtoa                       text5        00FD06
__end_of_floorf                       text14       00DD92
__end_of_fputc                        text12       00D158
__end_of_fputs                        text11       00C510
__end_of_i2c_fsmStateTable            mediumconst  00FDA7
__end_of_isdigit                      text26       00C3D8
__end_of_isspace                      text25       00C5A8
__end_of_isupper                      text7        00C448
__end_of_main                         text0        00DFB2
__end_of_pad                          text9        00D08E
__end_of_putch                        text13       00BF58
__end_of_rd1RegCompleteHandler        text77       00C27E
__end_of_rd2RegCompleteHandler        text76       00C2AA
__end_of_rdBlkRegCompleteHandler      text74       00C488
__end_of_sprintf                      text1        00C5FA
__end_of_strcpy                       text8        00C70E
__end_of_strlen                       text10       00C3A0
__end_of_strncmp                      text4        00D234
__end_of_tolower                      text6        00C76E
__end_of_vfpfcnvrt                    text3        00EBEE
__end_of_vfprintf                     text2        00C834
__end_of_wr1RegCompleteHandler        text75       00C2D6
__end_of_wr2RegCompleteHandler        text78       00C252
__initialization                      cinit        00C302
__mediumconst                         mediumconst  00FD06
__pbssBANK0                           bssBANK0     0000AE
__pbssBANK1                           bssBANK1     000100
__pbssBIGRAM                          bssBIGRAM    0001C4
__pcinit                              cinit        00C302
__pcstackBANK0                        cstackBANK0  000060
__pcstackCOMRAM                       cstackCOMRAM 000001
__pmediumconst                        mediumconst  00FD06
__ptext0                              text0        00DD92
__ptext1                              text1        00C5A8
__ptext10                             text10       00C36A
__ptext100                            text100      00C334
__ptext101                            text101      00C186
__ptext102                            text102      000000
__ptext11                             text11       00C4CC
__ptext12                             text12       00D08E
__ptext13                             text13       00BF56
__ptext14                             text14       00DB80
__ptext15                             text15       00D326
__ptext16                             text16       00D72C
__ptext17                             text17       00C510
__ptext18                             text18       00EBEE
__ptext19                             text19       00C3D8
__ptext2                              text2        00C7D0
__ptext20                             text20       00D628
__ptext21                             text21       00CCE6
__ptext22                             text22       00CD90
__ptext23                             text23       00CF04
__ptext24                             text24       00D832
__ptext25                             text25       00C556
__ptext26                             text26       00C3A0
__ptext27                             text27       00D526
__ptext28                             text28       00BFFA
__ptext29                             text29       00C1D2
__ptext3                              text3        00E776
__ptext30                             text30       00C058
__ptext31                             text31       00D234
__ptext32                             text32       00C1AC
__ptext33                             text33       00C76E
__ptext34                             text34       00C90A
__ptext35                             text35       00C0C2
__ptext36                             text36       00CAFE
__ptext37                             text37       00C140
__ptext38                             text38       00C2D6
__ptext39                             text39       00C11E
__ptext4                              text4        00D158
__ptext40                             text40       00C5FA
__ptext41                             text41       00C0AA
[...]
__size_of___flneg                     (abs)        000000
__size_of___flsub                     (abs)        000000
__size_of___fltol                     (abs)        000000
__size_of___fpclassifyf               (abs)        000000
__size_of___lldiv                     (abs)        000000
__size_of___wmul                      (abs)        000000
__size_of___xxtofl                    (abs)        000000
__size_of_atoi                        (abs)        000000
__size_of_efgtoa                      (abs)        000000
__size_of_floorf                      (abs)        000000
__size_of_fputc                       (abs)        000000
__size_of_fputs                       (abs)        000000
__size_of_isdigit                     (abs)        000000
__size_of_isspace                     (abs)        000000
__size_of_isupper                     (abs)        000000
__size_of_main                        (abs)        000000
__size_of_pad                         (abs)        000000
__size_of_putch                       (abs)        000000
__size_of_rd1RegCompleteHandler       (abs)        000000
__size_of_rd2RegCompleteHandler       (abs)        000000
__size_of_rdBlkRegCompleteHandler     (abs)        000000
__size_of_sprintf                     (abs)        000000
__size_of_strcpy                      (abs)        000000
__size_of_strlen                      (abs)        000000
__size_of_strncmp                     (abs)        000000
__size_of_tolower                     (abs)        000000
__size_of_vfpfcnvrt                   (abs)        000000
__size_of_vfprintf                    (abs)        000000
__size_of_wr1RegCompleteHandler       (abs)        000000
__size_of_wr2RegCompleteHandler       (abs)        000000
__smallconst                          smallconst   000000
_atoi                                 text24       00D832
_atoi$2247                            cstackCOMRAM 000010
_atoi$2248                            cstackCOMRAM 000014
_atoi$2249                            cstackCOMRAM 000012
_buffer                               bssBIGRAM    0001C4
_current                              bssBANK0     0000BA
_current_str                          bssBANK0     0000E3
_dbuf                                 bssBANK1     000174
_efgtoa                               text5        00F0AE
_efgtoa$2183                          cstackBANK0  000060
_efgtoa$2184                          cstackBANK0  000062
_efgtoa$2189                          cstackBANK0  000064
_efgtoa$2193                          cstackBANK0  000066
_efgtoa$2194                          cstackBANK0  000068
_efgtoa$2195                          cstackBANK0  00006A
_eusart1RxLastError                   bssBANK0     0000DC
_flags                                bssBANK0     0000D4
_floorf                               text14       00DB80
_fputc                                text12       00D08E
_fputs                                text11       00C4CC
_i2c_fsmStateTable                    mediumconst  00FD87
_isdigit                              text26       00C3A0
_isspace                              text25       00C556
_isspace$2278                         cstackCOMRAM 000007
_isupper                              text7        00C410
_main                                 text0        00DD92
_nout                                 bssBANK0     0000CE
_oi                                   bssBANK1     000100
_pad                                  text9        00CFC8
_power                                bssBANK0     0000B6
_power_str                            bssBANK0     0000DD
_prec                                 bssBANK0     0000D2
_putch                                text13       00BF56
_rd1RegCompleteHandler                text77       00C252
_rd2RegCompleteHandler                text76       00C27E
_rdBlkRegCompleteHandler              text74       00C448
_sprintf                              text1        00C5A8
_strcpy                               text8        00C6B0
_strlen                               text10       00C36A
_strncmp                              text4        00D158
_tolower                              text6        00C70E
_tolower$2341                         cstackCOMRAM 00000D
_vfpfcnvrt                            text3        00E776
_vfpfcnvrt$2209                       cstackCOMRAM 000050
_vfpfcnvrt$2213                       cstackCOMRAM 000052
_vfprintf                             text2        00C7D0
_voltage                              bssBANK0     0000BE
_voltage_str                          bssBANK0     0000E9
_width                                bssBANK0     0000D0
_wr1RegCompleteHandler                text75       00C2AA
_wr2RegCompleteHandler                text78       00C226
atoi@n                                cstackCOMRAM 000015
atoi@neg                              cstackCOMRAM 00000E
atoi@s                                cstackCOMRAM 000008
efgtoa@c                              cstackCOMRAM 000040
efgtoa@d                              cstackBANK0  000078
efgtoa@e                              cstackBANK0  000090
efgtoa@f                              cstackCOMRAM 00003C
efgtoa@fp                             cstackCOMRAM 00003A
efgtoa@g                              cstackBANK0  00008C
efgtoa@h                              cstackBANK0  000082
efgtoa@i                              cstackBANK0  00008A
efgtoa@l                              cstackBANK0  000086
efgtoa@m                              cstackBANK0  000072
efgtoa@mode                           cstackBANK0  000081
efgtoa@n                              cstackBANK0  000092
efgtoa@ne                             cstackBANK0  000070
efgtoa@nmode                          cstackBANK0  000080
efgtoa@ou                             cstackBANK0  000074
efgtoa@p                              cstackBANK0  00007C
efgtoa@pp                             cstackBANK0  00006E
efgtoa@sign                           cstackBANK0  00007A
efgtoa@t                              cstackBANK0  00006C
efgtoa@u                              cstackBANK0  000094
efgtoa@w                              cstackBANK0  00007E
end_of_initialization                 cinit        00C32E
floorf@F527                           bssBANK0     0000AE
floorf@e                              cstackCOMRAM 000028
floorf@m                              cstackCOMRAM 000024
floorf@u                              cstackCOMRAM 00002A
floorf@x                              cstackCOMRAM 00001A
fputc@c                               cstackCOMRAM 000001
fputc@fp                              cstackCOMRAM 000003
fputs@c                               cstackCOMRAM 00000E
fputs@fp                              cstackCOMRAM 00000C
fputs@i                               cstackCOMRAM 00000F
fputs@s                               cstackCOMRAM 00000A
intlevel0                             text         000000
intlevel1                             text         000000
intlevel2                             text         000000
intlevel3                             text         000000
isa$std                               (abs)        000001
isa$xinst                             (abs)        000000
isdigit@c                             cstackCOMRAM 000001
isspace@c                             cstackCOMRAM 000001
isupper@c                             cstackCOMRAM 000001
pad@buf                               cstackCOMRAM 000013
pad@fp                                cstackCOMRAM 000011
pad@i                                 cstackCOMRAM 000018
pad@p                                 cstackCOMRAM 000015
pad@w                                 cstackCOMRAM 00001A
rd1RegCompleteHandler@ptr             cstackCOMRAM 00000A
rd2RegCompleteHandler@ptr             cstackCOMRAM 00000A
rdBlkRegCompleteHandler@ptr           cstackCOMRAM 00000A
sprintf@ap                            cstackBANK0  0000A6
sprintf@f                             cstackBANK0  0000A8
sprintf@fmt                           cstackBANK0  0000A0
sprintf@s                             cstackBANK0  00009E
stackhi                               (abs)        000E40
stacklo                               (abs)        0009C4
start                                 init         000000
start_initialization                  cinit        00C302
strcpy@d                              cstackCOMRAM 000009
strcpy@dest                           cstackCOMRAM 000001
strcpy@s                              cstackCOMRAM 000007
strcpy@src                            cstackCOMRAM 000003
strlen@a                              cstackCOMRAM 000003
strlen@s                              cstackCOMRAM 000001
strncmp@_l                            cstackCOMRAM 000001
strncmp@_r                            cstackCOMRAM 000003
strncmp@l                             cstackCOMRAM 000008
strncmp@n                             cstackCOMRAM 000005
strncmp@r                             cstackCOMRAM 00000A
tolower@c                             cstackCOMRAM 000007
vfpfcnvrt@ap                          cstackCOMRAM 00004A
vfpfcnvrt@c                           cstackCOMRAM 00005B
vfpfcnvrt@ct                          cstackCOMRAM 000058
vfpfcnvrt@f                           cstackCOMRAM 000054
vfpfcnvrt@fmt                         cstackCOMRAM 000048
vfpfcnvrt@fp                          cstackCOMRAM 000046
vfprintf@ap                           cstackBANK0  00009C
vfprintf@cfmt                         cstackCOMRAM 00005C
vfprintf@fmt                          cstackBANK0  00009A
vfprintf@fp                           cstackBANK0  000098
wr1RegCompleteHandler@ptr             cstackCOMRAM 00000A
wr2RegCompleteHandler@ptr             cstackCOMRAM 00000A


MODULE INFORMATION

Module		Function		Class		Link	Load	Size
C:\Program Files\Microchip\xc8\v2.32\pic\sources\c99\common\nf_sprintf.c
		_sprintf       		CODE           	C5A8	0000	82

C:\Program Files\Microchip\xc8\v2.32\pic\sources\c99\common\nf_sprintf.c estimated size: 82

C:\Program Files\Microchip\xc8\v2.32\pic\sources\c99\common\awdiv.c
		___awdiv       		CODE           	CF04	0000	196

C:\Program Files\Microchip\xc8\v2.32\pic\sources\c99\common\awdiv.c estimated size: 196

C:\Program Files\Microchip\xc8\v2.32\pic\sources\c99\common\isdigit.c
		_isdigit       		CODE           	C3A0	0000	56

C:\Program Files\Microchip\xc8\v2.32\pic\sources\c99\common\isdigit.c estimated size: 56

C:\Program Files\Microchip\xc8\v2.32\pic\sources\c99\common\sprcadd.c
		___flsub       		CODE           	C510	0000	70
		___fladd       		CODE           	EBEE	0000	1216

C:\Program Files\Microchip\xc8\v2.32\pic\sources\c99\common\sprcadd.c estimated size: 1286

C:\Program Files\Microchip\xc8\v2.32\pic\sources\c99\common\doprnt.c
		_vfpfcnvrt     		CODE           	E776	0000	1144
		_efgtoa        		CODE           	F0AE	0000	3160
		_pad           		CODE           	CFC8	0000	198
		_vfprintf      		CODE           	C7D0	0000	100

C:\Program Files\Microchip\xc8\v2.32\pic\sources\c99\common\doprnt.c estimated size: 4602

C:\Program Files\Microchip\xc8\v2.32\pic\sources\c99\common\flneg.c
		___flneg       		CODE           	C3D8	0000	56

C:\Program Files\Microchip\xc8\v2.32\pic\sources\c99\common\flneg.c estimated size: 56

mcc_generated_files/examples/i2c_master_example.c
		_wr1RegCompleteHandler		CODE           	C2AA	0000	44
		_wr2RegCompleteHandler		CODE           	C226	0000	44
		_rdBlkRegCompleteHandler		CODE           	C448	0000	64
		_rd1RegCompleteHandler		CODE           	C252	0000	44
		_rd2RegCompleteHandler		CODE           	C27E	0000	44
		_I2C_WriteNBytes		CODE           	C5FA	0000	90

mcc_generated_files/examples/i2c_master_example.c estimated size: 330

mcc_generated_files/pin_manager.c
		_PIN_MANAGER_Initialize		CODE           	C1D2	0000	40

mcc_generated_files/pin_manager.c estimated size: 40

C:\Program Files\Microchip\xc8\v2.32\pic\sources\c99\common\atoi.c
		_atoi          		CODE           	D832	0000	410

C:\Program Files\Microchip\xc8\v2.32\pic\sources\c99\common\atoi.c estimated size: 410

C:\Program Files\Microchip\xc8\v2.32\pic\sources\c99\common\nf_fputs.c
		_fputs         		CODE           	C4CC	0000	68

C:\Program Files\Microchip\xc8\v2.32\pic\sources\c99\common\nf_fputs.c estimated size: 68

C:\Program Files\Microchip\xc8\v2.32\pic\sources\c99\common\fleq.c
		___fleq        		CODE           	CCE6	0000	170

C:\Program Files\Microchip\xc8\v2.32\pic\sources\c99\common\fleq.c estimated size: 170

C:\Program Files\Microchip\xc8\v2.32\pic\sources\c99\common\putch.c
		_putch         		CODE           	BF56	0000	2

C:\Program Files\Microchip\xc8\v2.32\pic\sources\c99\common\putch.c estimated size: 2

C:\Program Files\Microchip\xc8\v2.32\pic\sources\c99\common\__fpclassifyf.c
		___fpclassifyf 		CODE           	D326	0000	254

C:\Program Files\Microchip\xc8\v2.32\pic\sources\c99\common\__fpclassifyf.c estimated size: 254

C:\Program Files\Microchip\xc8\v2.32\pic\sources\c99\common\isupper.c
		_isupper       		CODE           	C410	0000	56

C:\Program Files\Microchip\xc8\v2.32\pic\sources\c99\common\isupper.c estimated size: 56

C:\Program Files\Microchip\xc8\v2.32\pic\sources\c99\common\Umul16.c
		___wmul        		CODE           	C1AC	0000	38

C:\Program Files\Microchip\xc8\v2.32\pic\sources\c99\common\Umul16.c estimated size: 38

C:\Program Files\Microchip\xc8\v2.32\pic\sources\c99\common\isspace.c
		_isspace       		CODE           	C556	0000	82

C:\Program Files\Microchip\xc8\v2.32\pic\sources\c99\common\isspace.c estimated size: 82

C:\Program Files\Microchip\xc8\v2.32\pic\sources\c99\common\strncmp.c
		_strncmp       		CODE           	D158	0000	220

C:\Program Files\Microchip\xc8\v2.32\pic\sources\c99\common\strncmp.c estimated size: 220

C:\Program Files\Microchip\xc8\v2.32\pic\sources\c99\common\tolower.c
		_tolower       		CODE           	C70E	0000	96

C:\Program Files\Microchip\xc8\v2.32\pic\sources\c99\common\tolower.c estimated size: 96

shared
		_ASCII         		MEDIUMCONST    	FDA7	0000	480
		__initialization		CODE           	C302	0000	44
		_IPL           		MEDIUMCONST    	0000	0000	0
		_i2c_fsmStateTable		MEDIUMCONST    	FD87	0000	32

shared estimated size: 556

C:\Program Files\Microchip\xc8\v2.32\pic\sources\c99\common\sprcmul.c
		___flmul       		CODE           	E34C	0000	1066

C:\Program Files\Microchip\xc8\v2.32\pic\sources\c99\common\sprcmul.c estimated size: 1066

C:\Program Files\Microchip\xc8\v2.32\pic\sources\c99\common\awmod.c
		___awmod       		CODE           	CD90	0000	176

C:\Program Files\Microchip\xc8\v2.32\pic\sources\c99\common\awmod.c estimated size: 176

mcc_generated_files/mcc.c
		_OSCILLATOR_Initialize		CODE           	C058	0000	18
		_SYSTEM_Initialize		CODE           	BFFA	0000	10

mcc_generated_files/mcc.c estimated size: 28

C:\Program Files\Microchip\xc8\v2.32\pic\sources\c99\common\sprcdiv.c
		___fldiv       		CODE           	DFB2	0000	922

C:\Program Files\Microchip\xc8\v2.32\pic\sources\c99\common\sprcdiv.c estimated size: 922

OLED.c
		_Oled_WriteString		CODE           	C76E	0000	98
		_Oled_SelectPage		CODE           	C0C2	0000	28
		_Oled_WriteCharacter		CODE           	C90A	0000	112
		_Oled_Init     		CODE           	CAFE	0000	158
		_Oled_Data     		CODE           	C11E	0000	34
		_Oled_Clear    		CODE           	C2D6	0000	44
		_Oled_Command  		CODE           	C140	0000	34

OLED.c estimated size: 508

C:\Program Files\Microchip\xc8\v2.32\pic\sources\c99\common\fltol.c
		___fltol       		CODE           	D72C	0000	262

C:\Program Files\Microchip\xc8\v2.32\pic\sources\c99\common\fltol.c estimated size: 262

mcc_generated_files/i2c_master.c
		_I2C_Close     		CODE           	C1FA	0000	44
		_I2C_MasterStartRx		CODE           	BF78	0000	4
		_I2C_DO_SEND_ADR_WRITE		CODE           	C038	0000	16
		_I2C_MasterWaitForEvent		CODE           	C048	0000	16
		_I2C_DO_SEND_STOP		CODE           	BFC8	0000	8
		_I2C_MasterSendNack		CODE           	BF84	0000	6
		_I2C_MasterDisableIrq		CODE           	BF60	0000	4
		_I2C_CallbackReturnStop		CODE           	BF70	0000	4
		_I2C_MasterOperation		CODE           	C488	0000	68
		_I2C_DO_SEND_ADR_READ		CODE           	C028	0000	16
		_I2C_DO_RX_NACK_STOP		CODE           	BFD8	0000	8
		_I2C_DO_SEND_RESTART		CODE           	BFC0	0000	8
		_I2C_DO_RX     		CODE           	CC40	0000	166
		_I2C_DO_TX     		CODE           	CE40	0000	196
		_I2C_DO_IDLE   		CODE           	C004	0000	12
		_I2C_DO_RCEN   		CODE           	C010	0000	12
		_I2C_Poller    		CODE           	C0DE	0000	30
		_I2C_DO_RESET  		CODE           	C01C	0000	12
		_I2C_MasterClose		CODE           	BF5C	0000	4
		_I2C_MasterWrite		CODE           	BFE8	0000	8
		_I2C_DO_RX_ACK 		CODE           	BFD0	0000	8
		_I2C_MasterStart		CODE           	BF64	0000	4
		_I2C_MasterClearIrq		CODE           	BF58	0000	4
		_I2C_MasterGetRxData		CODE           	BF7C	0000	4
		_I2C_SetCallback		CODE           	C97A	0000	122
		_I2C_DO_ADDRESS_NACK		CODE           	C834	0000	102
		_I2C_MasterEnableRestart		CODE           	BF68	0000	4
		_I2C_CallbackReturnReset		CODE           	BF74	0000	4
		_I2C_Open      		CODE           	CA70	0000	142
		_I2C_SetAddressNackCallback		CODE           	C0AA	0000	24
		_I2C_DO_TX_EMPTY		CODE           	C9F4	0000	124
		_I2C_DO_SEND_RESTART_WRITE		CODE           	BFB8	0000	8
		_I2C_MasterIsNack		CODE           	C07E	0000	20
		_I2C_SetDataCompleteCallback		CODE           	C092	0000	24
		_I2C_DO_RX_NACK_RESTART		CODE           	BFE0	0000	8
		_I2C_MasterSendAck		CODE           	BF8A	0000	6
		_I2C_MasterFsm 		CODE           	C89A	0000	112
		_I2C_MasterSetIrq		CODE           	BF80	0000	4
		_I2C_DO_SEND_RESTART_READ		CODE           	BFB0	0000	8
		_I2C_Initialize		CODE           	C06A	0000	20
		_I2C_SetBuffer 		CODE           	C162	0000	36
		_I2C_MasterOpen		CODE           	C0FC	0000	34
		_I2C_MasterSendTxData		CODE           	BFA8	0000	8
		_I2C_MasterStop		CODE           	BF6C	0000	4

mcc_generated_files/i2c_master.c estimated size: 1476

C:\Program Files\Microchip\xc8\v2.32\pic\sources\c99\common\xxtofl.c
		___xxtofl      		CODE           	D9CC	0000	436

C:\Program Files\Microchip\xc8\v2.32\pic\sources\c99\common\xxtofl.c estimated size: 436

C:\Program Files\Microchip\xc8\v2.32\pic\sources\c99\common\nf_fputc.c
		_fputc         		CODE           	D08E	0000	202

C:\Program Files\Microchip\xc8\v2.32\pic\sources\c99\common\nf_fputc.c estimated size: 202

INA260.c
		_I2C_Master_Read		CODE           	C334	0000	54
		_I2C_Master_Wait		CODE           	C186	0000	38
		_I2C_Master_Init		CODE           	C654	0000	92
		_I2C_Master_Stop		CODE           	BFA0	0000	8
		_I2C_Master_RepeatedStart		CODE           	BF90	0000	8
		_Power_ReadRegister		CODE           	D234	0000	242
		_Voltage_ReadRegister		CODE           	D526	0000	258
		_I2C_Master_Write		CODE           	BFF0	0000	10
		_I2C_Master_Start		CODE           	BF98	0000	8
		_Current_ReadRegister		CODE           	D424	0000	258

INA260.c estimated size: 976

C:\Program Files\Microchip\xc8\v2.32\pic\sources\c99\common\__lldiv.c
		___lldiv       		CODE           	CB9C	0000	164

C:\Program Files\Microchip\xc8\v2.32\pic\sources\c99\common\__lldiv.c estimated size: 164

main.c
		_main          		CODE           	DD92	0000	544

main.c estimated size: 544

C:\Program Files\Microchip\xc8\v2.32\pic\sources\c99\common\strlen.c
		_strlen        		CODE           	C36A	0000	54

C:\Program Files\Microchip\xc8\v2.32\pic\sources\c99\common\strlen.c estimated size: 54

C:\Program Files\Microchip\xc8\v2.32\pic\sources\c99\common\flge.c
		___flge        		CODE           	D628	0000	260

C:\Program Files\Microchip\xc8\v2.32\pic\sources\c99\common\flge.c estimated size: 260

C:\Program Files\Microchip\xc8\v2.32\pic\sources\c99\common\floorf.c
		_floorf        		CODE           	DB80	0000	530

C:\Program Files\Microchip\xc8\v2.32\pic\sources\c99\common\floorf.c estimated size: 530

C:\Program Files\Microchip\xc8\v2.32\pic\sources\c99\common\strcpy.c
		_strcpy        		CODE           	C6B0	0000	94

C:\Program Files\Microchip\xc8\v2.32\pic\sources\c99\common\strcpy.c estimated size: 94

