Microchip MPLAB XC8 Compiler V2.20

Linker command line:

-W-3 --edf=C:\Program Files\Microchip\xc8\v2.20\pic\dat\en_msgs.txt -cn \
  -h+dist/default/production\PIC18F26K80_OLED-main.production.sym \
  --cmf=dist/default/production\PIC18F26K80_OLED-main.production.cmf -z \
  -Q18F26K80 -oC:\Users\diogo\AppData\Local\Temp\s58o.2 \
  --defsym=__MPLAB_BUILD=1 \
  -Mdist/default/production/PIC18F26K80_OLED-main.production.map -E1 \
  -ver=XC8 Compiler --acfsm=1493 -ASTACK=01C4h-0E40h -pstack=STACK \
  -ACODE=00h-0FFFFh -ACONST=00h-0FFFFh -ASMALLCONST=0F00h-0FFFhx241 \
  -AMEDIUMCONST=0F00h-0FFFFh -ACOMRAM=01h-05Fh -AABS1=00h-0E40h \
  -ABIGRAM=01h-0E40h -ARAM=060h-0FFh,0100h-01FFhx13,0E00h-0E40h \
  -ABANK0=060h-0FFh -ABANK1=0100h-01FFh -ABANK2=0200h-02FFh \
  -ABANK3=0300h-03FFh -ABANK4=0400h-04FFh -ABANK5=0500h-05FFh \
  -ABANK6=0600h-06FFh -ABANK7=0700h-07FFh -ABANK8=0800h-08FFh \
  -ABANK9=0900h-09FFh -ABANK10=0A00h-0AFFh -ABANK11=0B00h-0BFFh \
  -ABANK12=0C00h-0CFFh -ABANK13=0D00h-0DFFh -ABANK14=0E00h-0E40h \
  -ASFR=0E41h-0EFFh,0F00h-0F5Fh,0F60h-0FFFh -ACONFIG=0300000h-030000Dh \
  -AIDLOC=0200000h-0200007h -preset_vec=00h,intcode,intcodelo,powerup,init \
  -pramtop=0F00h -psmallconst=SMALLCONST -pmediumconst=MEDIUMCONST \
  -pconst=CONST -AFARRAM=00h-00h -AEEDATA=0F00000h-0F003FFh \
  -peeprom_data=EEDATA \
  -prdata=COMRAM,nvrram=COMRAM,nvbit=COMRAM,rbss=COMRAM,rbit=COMRAM \
  -pfarbss=FARRAM,fardata=FARRAM,nvFARRAM=FARRAM \
  -pintsave_regs=BIGRAM,bigbss=BIGRAM,bigdata=BIGRAM -pbss=RAM \
  -pidata=CODE,irdata=CODE,ibigdata=CODE,ifardata=CODE -prparam=COMRAM \
  C:\Users\diogo\AppData\Local\Temp\s58o.o \
  dist/default/production\PIC18F26K80_OLED-main.production.o 

Object code version is 3.11

Machine type is 18F26K80



                Name                               Link     Load   Length Selector   Space Scale
C:\Users\diogo\AppData\Local\Temp\s58o.o
                idloc                            200000   200000        8        0       5
                config                           300000   300000        E        0       4
                init                                  0        0        4        0       0
dist/default/production\PIC18F26K80_OLED-main.production.o
                idloc                            200000   200000        8        0       5
                config                           300000   300000        E        0       4
                mediumconst                        FDC0     FDC0      240     7EE0       0
                text101                            C31E     C31E       26     618F       0
                text100                            C49A     C49A       36     624D       0
                text99                             C10A     C10A        8     6085       0
                text98                             C112     C112        8     6089       0
                text97                             C11A     C11A        8     608D       0
                text96                             C16A     C16A        A     60B5       0
                text95                             E114     E114      39A     708A       0
                text94                             E4AE     E4AE      42A     7257       0
                text93                             DB74     DB74      1B4     6DBA       0
                text92                             D7AA     D7AA      118     6BD5       0
                text91                             C1E4     C1E4       14     60F2       0
                text90                             CD02     CD02       A4     6681       0
                text89                             C7BA     C7BA       5C     63DD       0
                text88                             C0D2     C0D2        4     6069       0
                text87                             C0D6     C0D6        4     606B       0
                text86                             C0DA     C0DA        4     606D       0
                text85                             C392     C392       2C     61C9       0
                text84                             C0DE     C0DE        4     606F       0
                text83                             C0E2     C0E2        4     6071       0
                text82                             C0E6     C0E6        4     6073       0
                text81                             C2FA     C2FA       24     617D       0
                text80                             CAE0     CAE0       7A     6570       0
                text79                             C20C     C20C       18     6106       0
                text78                             C3BE     C3BE       2C     61DF       0
                text77                             C3EA     C3EA       2C     61F5       0
                text76                             C416     C416       2C     620B       0
                text75                             C442     C442       2C     6221       0
                text74                             C5AE     C5AE       40     62D7       0
                text73                             C0EA     C0EA        4     6075       0
                text72                             C0EE     C0EE        4     6077       0
                text71                             C0F2     C0F2        4     6079       0
                text70                             C0FE     C0FE        6     607F       0
                text69                             C0F6     C0F6        4     607B       0
                text68                             C104     C104        6     6082       0
                text67                             C122     C122        8     6091       0
                text66                             C1F8     C1F8       14     60FC       0
                text65                             C0FA     C0FA        4     607D       0
                text64                             CB5A     CB5A       7C     65AD       0
                text63                             C17E     C17E        C     60BF       0
                text62                             C1A2     C1A2       10     60D1       0
                text61                             C1B2     C1B2       10     60D9       0
                text60                             CFA6     CFA6       C4     67D3       0
                text59                             CDA6     CDA6       A6     66D3       0
                text58                             C18A     C18A        C     60C5       0
                text57                             C12A     C12A        8     6095       0
                text56                             C132     C132        8     6099       0
                text55                             C13A     C13A        8     609D       0
                text54                             C142     C142        8     60A1       0
                text53                             C14A     C14A        8     60A5       0
                text52                             C152     C152        8     60A9       0
                text51                             C15A     C15A        8     60AD       0
                text50                             C196     C196        C     60CB       0
                text49                             C99A     C99A       66     64CD       0
                text48                             CA00     CA00       70     6500       0
                text47                             C1C2     C1C2       10     60E1       0
                text46                             C258     C258       1E     612C       0
                text45                             C5EE     C5EE       44     62F7       0
                text44                             C162     C162        8     60B1       0
                text43                             C294     C294       22     614A       0
                text42                             CBD6     CBD6       8E     65EB       0
                text41                             C224     C224       18     6112       0
                text40                             C760     C760       5A     63B0       0
                text39                             C2B6     C2B6       22     615B       0
                text38                             C46E     C46E       2C     6237       0
                text37                             C2D8     C2D8       22     616C       0
                text36                             CC64     CC64       9E     6632       0
                text35                             C23C     C23C       1C     611E       0
                text34                             CA70     CA70       70     6538       0
                text33                             C8D4     C8D4       62     646A       0
                text32                             C344     C344       26     61A2       0
                text31                             D6A2     D6A2      108     6B51       0
                text30                             C1D2     C1D2       12     60E9       0
                text29                             C36A     C36A       28     61B5       0
                text28                             C174     C174        A     60BA       0
                text27                             D8C2     D8C2      118     6C61       0
                text26                             C506     C506       38     6283       0
                text25                             C6BC     C6BC       52     635E       0
                text24                             D9DA     D9DA      19A     6CED       0
                text23                             D06A     D06A       C4     6835       0
                text22                             CEF6     CEF6       B0     677B       0
                text21                             CE4C     CE4C       AA     6726       0
                text20                             D498     D498      104     6A4C       0
                text19                             C53E     C53E       38     629F       0
                text18                             ED50     ED50      4C0     76A8       0
                text17                             C676     C676       46     633B       0
                text16                             D59C     D59C      106     6ACE       0
                text15                             D39A     D39A       FE     69CD       0
                text14                             DF02     DF02      212     6F81       0
                text13                             C0D0     C0D0        2     6068       0
                text12                             D1F4     D1F4       CA     68FA       0
                text11                             C632     C632       44     6319       0
                text10                             C4D0     C4D0       36     6268       0
                text9                              D12E     D12E       C6     6897       0
                text8                              C816     C816       5E     640B       0
                text7                              C576     C576       38     62BB       0
                text6                              C874     C874       60     643A       0
                text5                              F210     F210      BB0     7908       0
                text4                              D2BE     D2BE       DC     695F       0
                text3                              E8D8     E8D8      478     746C       0
                text2                              C936     C936       64     649B       0
                text1                              C70E     C70E       52     6387       0
                text0                              DD28     DD28      1DA     6E94       0
                cstackCOMRAM                          1        1       5F        1       1
                cstackBANK0                          60       60       50       60       1
                bssBANK1                            100      100       C4      100       1
                bssBANK0                             B0       B0       41       60       1
                cinit                              C276     C276       1E     613B       0

TOTAL           Name                               Link     Load   Length     Space
        CLASS   STACK          

        CLASS   CODE           
                init                                  0        0        4         0
                text101                            C31E     C31E       26         0
                text100                            C49A     C49A       36         0
                text99                             C10A     C10A        8         0
                text98                             C112     C112        8         0
                text97                             C11A     C11A        8         0
                text96                             C16A     C16A        A         0
                text95                             E114     E114      39A         0
                text94                             E4AE     E4AE      42A         0
                text93                             DB74     DB74      1B4         0
                text92                             D7AA     D7AA      118         0
                text91                             C1E4     C1E4       14         0
                text90                             CD02     CD02       A4         0
                text89                             C7BA     C7BA       5C         0
                text88                             C0D2     C0D2        4         0
                text87                             C0D6     C0D6        4         0
                text86                             C0DA     C0DA        4         0
                text85                             C392     C392       2C         0
                text84                             C0DE     C0DE        4         0
                text83                             C0E2     C0E2        4         0
                text82                             C0E6     C0E6        4         0
                text81                             C2FA     C2FA       24         0
                text80                             CAE0     CAE0       7A         0
                text79                             C20C     C20C       18         0
                text78                             C3BE     C3BE       2C         0
                text77                             C3EA     C3EA       2C         0
                text76                             C416     C416       2C         0
                text75                             C442     C442       2C         0
                text74                             C5AE     C5AE       40         0
                text73                             C0EA     C0EA        4         0
                text72                             C0EE     C0EE        4         0
                text71                             C0F2     C0F2        4         0
                text70                             C0FE     C0FE        6         0
                text69                             C0F6     C0F6        4         0
                text68                             C104     C104        6         0
                text67                             C122     C122        8         0
                text66                             C1F8     C1F8       14         0
                text65                             C0FA     C0FA        4         0
                text64                             CB5A     CB5A       7C         0
                text63                             C17E     C17E        C         0
                text62                             C1A2     C1A2       10         0
                text61                             C1B2     C1B2       10         0
                text60                             CFA6     CFA6       C4         0
                text59                             CDA6     CDA6       A6         0
                text58                             C18A     C18A        C         0
                text57                             C12A     C12A        8         0
                text56                             C132     C132        8         0
                text55                             C13A     C13A        8         0
                text54                             C142     C142        8         0
                text53                             C14A     C14A        8         0
                text52                             C152     C152        8         0
                text51                             C15A     C15A        8         0
                text50                             C196     C196        C         0
                text49                             C99A     C99A       66         0
                text48                             CA00     CA00       70         0
                text47                             C1C2     C1C2       10         0
                text46                             C258     C258       1E         0
                text45                             C5EE     C5EE       44         0
                text44                             C162     C162        8         0
                text43                             C294     C294       22         0
                text42                             CBD6     CBD6       8E         0
                text41                             C224     C224       18         0
                text40                             C760     C760       5A         0
                text39                             C2B6     C2B6       22         0
                text38                             C46E     C46E       2C         0
                text37                             C2D8     C2D8       22         0
                text36                             CC64     CC64       9E         0
                text35                             C23C     C23C       1C         0
                text34                             CA70     CA70       70         0
                text33                             C8D4     C8D4       62         0
                text32                             C344     C344       26         0
                text31                             D6A2     D6A2      108         0
                text30                             C1D2     C1D2       12         0
                text29                             C36A     C36A       28         0
                text28                             C174     C174        A         0
                text27                             D8C2     D8C2      118         0
                text26                             C506     C506       38         0
                text25                             C6BC     C6BC       52         0
                text24                             D9DA     D9DA      19A         0
                text23                             D06A     D06A       C4         0
                text22                             CEF6     CEF6       B0         0
                text21                             CE4C     CE4C       AA         0
                text20                             D498     D498      104         0
                text19                             C53E     C53E       38         0
                text18                             ED50     ED50      4C0         0
                text17                             C676     C676       46         0
                text16                             D59C     D59C      106         0
                text15                             D39A     D39A       FE         0
                text14                             DF02     DF02      212         0
                text13                             C0D0     C0D0        2         0
                text12                             D1F4     D1F4       CA         0
                text11                             C632     C632       44         0
                text10                             C4D0     C4D0       36         0
                text9                              D12E     D12E       C6         0
                text8                              C816     C816       5E         0
                text7                              C576     C576       38         0
                text6                              C874     C874       60         0
                text5                              F210     F210      BB0         0
                text4                              D2BE     D2BE       DC         0
                text3                              E8D8     E8D8      478         0
                text2                              C936     C936       64         0
                text1                              C70E     C70E       52         0
                text0                              DD28     DD28      1DA         0
                cinit                              C276     C276       1E         0

        CLASS   CONST          

        CLASS   SMALLCONST     

        CLASS   MEDIUMCONST    
                mediumconst                        FDC0     FDC0      240         0

        CLASS   COMRAM         
                cstackCOMRAM                          1        1       5F         1

        CLASS   ABS1           

        CLASS   BIGRAM         

        CLASS   RAM            

        CLASS   BANK0          
                cstackBANK0                          60       60       50         1
                bssBANK0                             B0       B0       41         1

        CLASS   BANK1          
                bssBANK1                            100      100       C4         1

        CLASS   BANK2          

        CLASS   BANK3          

        CLASS   BANK4          

        CLASS   BANK5          

        CLASS   BANK6          

        CLASS   BANK7          

        CLASS   BANK8          

        CLASS   BANK9          

        CLASS   BANK10         

        CLASS   BANK11         

        CLASS   BANK12         

        CLASS   BANK13         

        CLASS   BANK14         

        CLASS   SFR            

        CLASS   CONFIG         
                config                           300000   300000        E         4

        CLASS   IDLOC          
                idloc                            200000   200000        8         5

        CLASS   FARRAM         

        CLASS   EEDATA         



SEGMENTS        Name                           Load    Length   Top    Selector   Space  Class

                reset_vec                      000000  000004  000004         0       0  CODE    
                cstackCOMRAM                   000001  00005F  000060         1       1  COMRAM  
                cstackBANK0                    000060  000091  0000F1        60       1  BANK0   
                bssBANK1                       000100  0000C4  0001C4       100       1  BANK1   
                text13                         00C0D0  000002  00C0D2      6068       0  CODE    
                text88                         00C0D2  000004  00C0D6      6069       0  CODE    
                text87                         00C0D6  000004  00C0DA      606B       0  CODE    
                text86                         00C0DA  000004  00C0DE      606D       0  CODE    
                text84                         00C0DE  000004  00C0E2      606F       0  CODE    
                text83                         00C0E2  000004  00C0E6      6071       0  CODE    
                text82                         00C0E6  000004  00C0EA      6073       0  CODE    
                text73                         00C0EA  000004  00C0EE      6075       0  CODE    
                text72                         00C0EE  000004  00C0F2      6077       0  CODE    
                text71                         00C0F2  000004  00C0F6      6079       0  CODE    
                text69                         00C0F6  000004  00C0FA      607B       0  CODE    
                text65                         00C0FA  000004  00C0FE      607D       0  CODE    
                text70                         00C0FE  000006  00C104      607F       0  CODE    
                text68                         00C104  000006  00C10A      6082       0  CODE    
                text99                         00C10A  000008  00C112      6085       0  CODE    
                text98                         00C112  000008  00C11A      6089       0  CODE    
                text97                         00C11A  000008  00C122      608D       0  CODE    
                text67                         00C122  000008  00C12A      6091       0  CODE    
                text57                         00C12A  000008  00C132      6095       0  CODE    
                text56                         00C132  000008  00C13A      6099       0  CODE    
                text55                         00C13A  000008  00C142      609D       0  CODE    
                text54                         00C142  000008  00C14A      60A1       0  CODE    
                text53                         00C14A  000008  00C152      60A5       0  CODE    
                text52                         00C152  000008  00C15A      60A9       0  CODE    
                text51                         00C15A  000008  00C162      60AD       0  CODE    
                text44                         00C162  000008  00C16A      60B1       0  CODE    
                text96                         00C16A  00000A  00C174      60B5       0  CODE    
                text28                         00C174  00000A  00C17E      60BA       0  CODE    
                text63                         00C17E  00000C  00C18A      60BF       0  CODE    
                text58                         00C18A  00000C  00C196      60C5       0  CODE    
                text50                         00C196  00000C  00C1A2      60CB       0  CODE    
                text62                         00C1A2  000010  00C1B2      60D1       0  CODE    
                text61                         00C1B2  000010  00C1C2      60D9       0  CODE    
                text47                         00C1C2  000010  00C1D2      60E1       0  CODE    
                text30                         00C1D2  000012  00C1E4      60E9       0  CODE    
                text91                         00C1E4  000014  00C1F8      60F2       0  CODE    
                text66                         00C1F8  000014  00C20C      60FC       0  CODE    
                text79                         00C20C  000018  00C224      6106       0  CODE    
                text41                         00C224  000018  00C23C      6112       0  CODE    
                text35                         00C23C  00001C  00C258      611E       0  CODE    
                text46                         00C258  00001E  00C276      612C       0  CODE    
                cinit                          00C276  00001E  00C294      613B       0  CODE    
                text43                         00C294  000022  00C2B6      614A       0  CODE    
                text39                         00C2B6  000022  00C2D8      615B       0  CODE    
                text37                         00C2D8  000022  00C2FA      616C       0  CODE    
                text81                         00C2FA  000024  00C31E      617D       0  CODE    
                text101                        00C31E  000026  00C344      618F       0  CODE    
                text32                         00C344  000026  00C36A      61A2       0  CODE    
                text29                         00C36A  000028  00C392      61B5       0  CODE    
                text85                         00C392  00002C  00C3BE      61C9       0  CODE    
                text78                         00C3BE  00002C  00C3EA      61DF       0  CODE    
                text77                         00C3EA  00002C  00C416      61F5       0  CODE    
                text76                         00C416  00002C  00C442      620B       0  CODE    
                text75                         00C442  00002C  00C46E      6221       0  CODE    
                text38                         00C46E  00002C  00C49A      6237       0  CODE    
                text100                        00C49A  000036  00C4D0      624D       0  CODE    
                text10                         00C4D0  000036  00C506      6268       0  CODE    
                text26                         00C506  000038  00C53E      6283       0  CODE    
                text19                         00C53E  000038  00C576      629F       0  CODE    
                text7                          00C576  000038  00C5AE      62BB       0  CODE    
                text74                         00C5AE  000040  00C5EE      62D7       0  CODE    
                text45                         00C5EE  000044  00C632      62F7       0  CODE    
                text11                         00C632  000044  00C676      6319       0  CODE    
                text17                         00C676  000046  00C6BC      633B       0  CODE    
                text25                         00C6BC  000052  00C70E      635E       0  CODE    
                text1                          00C70E  000052  00C760      6387       0  CODE    
                text40                         00C760  00005A  00C7BA      63B0       0  CODE    
                text89                         00C7BA  00005C  00C816      63DD       0  CODE    
                text8                          00C816  00005E  00C874      640B       0  CODE    
                text6                          00C874  000060  00C8D4      643A       0  CODE    
                text33                         00C8D4  000062  00C936      646A       0  CODE    
                text2                          00C936  000064  00C99A      649B       0  CODE    
                text49                         00C99A  000066  00CA00      64CD       0  CODE    
                text48                         00CA00  000070  00CA70      6500       0  CODE    
                text34                         00CA70  000070  00CAE0      6538       0  CODE    
                text80                         00CAE0  00007A  00CB5A      6570       0  CODE    
                text64                         00CB5A  00007C  00CBD6      65AD       0  CODE    
                text42                         00CBD6  00008E  00CC64      65EB       0  CODE    
                text36                         00CC64  00009E  00CD02      6632       0  CODE    
                text90                         00CD02  0000A4  00CDA6      6681       0  CODE    
                text59                         00CDA6  0000A6  00CE4C      66D3       0  CODE    
                text21                         00CE4C  0000AA  00CEF6      6726       0  CODE    
                text22                         00CEF6  0000B0  00CFA6      677B       0  CODE    
                text60                         00CFA6  0000C4  00D06A      67D3       0  CODE    
                text23                         00D06A  0000C4  00D12E      6835       0  CODE    
                text9                          00D12E  0000C6  00D1F4      6897       0  CODE    
                text12                         00D1F4  0000CA  00D2BE      68FA       0  CODE    
                text4                          00D2BE  0000DC  00D39A      695F       0  CODE    
                text15                         00D39A  0000FE  00D498      69CD       0  CODE    
                text20                         00D498  000104  00D59C      6A4C       0  CODE    
                text16                         00D59C  000106  00D6A2      6ACE       0  CODE    
                text31                         00D6A2  000108  00D7AA      6B51       0  CODE    
                text92                         00D7AA  000118  00D8C2      6BD5       0  CODE    
                text27                         00D8C2  000118  00D9DA      6C61       0  CODE    
                text24                         00D9DA  00019A  00DB74      6CED       0  CODE    
                text93                         00DB74  0001B4  00DD28      6DBA       0  CODE    
                text0                          00DD28  0001DA  00DF02      6E94       0  CODE    
                text14                         00DF02  000212  00E114      6F81       0  CODE    
                text95                         00E114  00039A  00E4AE      708A       0  CODE    
                text94                         00E4AE  00042A  00E8D8      7257       0  CODE    
                text3                          00E8D8  000478  00ED50      746C       0  CODE    
                text18                         00ED50  0004C0  00F210      76A8       0  CODE    
                text5                          00F210  000BB0  00FDC0      7908       0  CODE    
                mediumconst                    00FDC0  000240  010000      7EE0       0  MEDIUMCO


UNUSED ADDRESS RANGES

        Name                Unused          Largest block    Delta
        BANK0            0000F1-0000FF                F
        BANK1            0001C4-0001FF               3C
        BANK10           000A00-000AFF              100
        BANK11           000B00-000BFF              100
        BANK12           000C00-000CFF              100
        BANK13           000D00-000DFF              100
        BANK14           000E00-000E40               41
        BANK2            000200-0002FF              100
        BANK3            000300-0003FF              100
        BANK4            000400-0004FF              100
        BANK5            000500-0005FF              100
        BANK6            000600-0006FF              100
        BANK7            000700-0007FF              100
        BANK8            000800-0008FF              100
        BANK9            000900-0009FF              100
        BIGRAM           0000F1-0000FF                F
                         0001C4-000E40              C7D
        CODE             000004-00C0CF             C0CC
        CONST            000004-00C0CF             C0CC
        EEDATA           F00000-F003FF              400
        MEDIUMCONST      000F00-00C0CF             B1D0
        RAM              0000F1-0000FF                F
                         0001C4-000E40              100
        SFR              000E41-000FFF               BF
        SMALLCONST       000F00-00C0CF              100
        STACK            0001C4-000E40              C7D

                                  Symbol Table

?_Current_ReadRegister                cstackCOMRAM 00002E
?_I2C_Master_Read                     cstackCOMRAM 000002
?_Power_ReadRegister                  cstackCOMRAM 00001A
?_Voltage_ReadRegister                cstackCOMRAM 00002E
?___awdiv                             cstackCOMRAM 000001
?___awmod                             cstackCOMRAM 000001
?___fladd                             cstackCOMRAM 000001
?___fldiv                             cstackCOMRAM 000001
?___flmul                             cstackCOMRAM 000015
?___flneg                             cstackCOMRAM 000001
?___flsub                             cstackCOMRAM 00002E
?___fltol                             cstackCOMRAM 000001
?___fpclassifyf                       cstackCOMRAM 000001
?___lldiv                             cstackCOMRAM 000001
?___wmul                              cstackCOMRAM 000001
?___xxtofl                            cstackCOMRAM 000007
?_atoi                                cstackCOMRAM 000008
?_efgtoa                              cstackCOMRAM 00003A
?_floorf                              cstackCOMRAM 00001A
?_isdigit                             cstackCOMRAM 000001
?_isspace                             cstackCOMRAM 000001
?_isupper                             cstackCOMRAM 000001
?_pad                                 cstackCOMRAM 000011
?_sprintf                             cstackBANK0  00009E
?_strlen                              cstackCOMRAM 000001
?_strncmp                             cstackCOMRAM 000001
?_tolower                             cstackCOMRAM 000007
?_vfpfcnvrt                           cstackCOMRAM 000046
?_vfprintf                            cstackBANK0  000098
Current_ReadRegister@temp_c           cstackCOMRAM 000036
Current_ReadRegister@temp_d           cstackCOMRAM 000034
I2C_CallbackReturnReset@funPtr        cstackCOMRAM 00000A
I2C_Close@returnValue                 cstackCOMRAM 000001
I2C_MasterOperation@read              cstackCOMRAM 000010
I2C_MasterOperation@returnValue       cstackCOMRAM 000011
I2C_MasterSendTxData@data             cstackCOMRAM 000001
I2C_Master_Init@c                     cstackCOMRAM 00000E
I2C_Master_Read@a                     cstackCOMRAM 000002
I2C_Master_Read@temp                  cstackCOMRAM 000004
I2C_Master_Write@d                    cstackCOMRAM 000002
I2C_Open@address                      cstackCOMRAM 000001
I2C_Open@returnValue                  cstackCOMRAM 000002
I2C_SetAddressNackCallback@cb         cstackCOMRAM 000006
I2C_SetAddressNackCallback@ptr        cstackCOMRAM 000008
I2C_SetBuffer@buffer                  cstackCOMRAM 000001
I2C_SetBuffer@bufferSize              cstackCOMRAM 000003
I2C_SetCallback@cb                    cstackCOMRAM 000001
I2C_SetCallback@idx                   cstackCOMRAM 000005
I2C_SetCallback@ptr                   cstackCOMRAM 000003
I2C_SetDataCompleteCallback@cb        cstackCOMRAM 000006
I2C_SetDataCompleteCallback@ptr       cstackCOMRAM 000008
I2C_WriteNBytes@address               cstackCOMRAM 000016
I2C_WriteNBytes@data                  cstackCOMRAM 000012
I2C_WriteNBytes@len                   cstackCOMRAM 000014
Oled_Clear@i                          cstackCOMRAM 00001A
Oled_Command@command                  cstackCOMRAM 000017
Oled_Command@data_I2C                 cstackCOMRAM 000018
Oled_Data@data_I2C                    cstackCOMRAM 000018
Oled_Data@value                       cstackCOMRAM 000017
Oled_SelectPage@Result                cstackCOMRAM 00001B
Oled_SelectPage@page_num              cstackCOMRAM 00001A
Oled_WriteCharacter@character         cstackCOMRAM 00001E
Oled_WriteCharacter@i                 cstackCOMRAM 00001F
Oled_WriteString@characters           cstackCOMRAM 000021
Power_ReadRegister@temp_e             cstackCOMRAM 000022
Power_ReadRegister@temp_f             cstackCOMRAM 000020
Voltage_ReadRegister@temp_a           cstackCOMRAM 000036
Voltage_ReadRegister@temp_b           cstackCOMRAM 000034
_ACKDT                                (abs)        007E2D
_ACKEN                                (abs)        007E2C
_ANCON0                               (abs)        000F5D
_ANCON1                               (abs)        000F5C
_ASCII                                mediumconst  00FDE1
_BAUDCON1                             (abs)        000FA7
_Current                              bssBANK0     0000C8
_Current_ReadRegister                 text92       00D7AA
_EEADR                                (abs)        000F74
_EEADRH                               (abs)        000F75
_EECON1bits                           (abs)        000F7F
_EECON2                               (abs)        000F7E
_EEDATA                               (abs)        000F73
_EUSART1_DefaultErrorHandler          (abs)        000000
_EUSART1_DefaultFramingErrorHandler   (abs)        000000
_EUSART1_DefaultOverrunErrorHandler   (abs)        000000
_EUSART1_ErrorHandler                 bssBANK0     0000D8
_EUSART1_FramingErrorHandler          bssBANK0     0000DC
_EUSART1_OverrunErrorHandler          bssBANK0     0000DA
_I2C_CallbackReturnReset              text72       00C0EE
_I2C_CallbackReturnStop               text73       00C0EA
_I2C_Close                            text85       00C392
_I2C_DO_ADDRESS_NACK                  text49       00C99A
_I2C_DO_IDLE                          text63       00C17E
_I2C_DO_RCEN                          text58       00C18A
_I2C_DO_RESET                         text50       00C196
_I2C_DO_RX                            text59       00CDA6
_I2C_DO_RX_ACK                        text53       00C14A
_I2C_DO_RX_NACK_RESTART               text51       00C15A
_I2C_DO_RX_NACK_STOP                  text52       00C152
_I2C_DO_SEND_ADR_READ                 text62       00C1A2
_I2C_DO_SEND_ADR_WRITE                text61       00C1B2
_I2C_DO_SEND_RESTART                  text55       00C13A
_I2C_DO_SEND_RESTART_READ             text57       00C12A
_I2C_DO_SEND_RESTART_WRITE            text56       00C132
_I2C_DO_SEND_STOP                     text54       00C142
_I2C_DO_TX                            text60       00CFA6
_I2C_DO_TX_EMPTY                      text64       00CB5A
_I2C_Initialize                       text91       00C1E4
_I2C_MasterClearIrq                   text88       00C0D2
_I2C_MasterClose                      text87       00C0D6
_I2C_MasterDisableIrq                 text86       00C0DA
_I2C_MasterEnableRestart              text83       00C0E2
_I2C_MasterFsm                        text48       00CA00
_I2C_MasterGetRxData                  text69       00C0F6
_I2C_MasterIsNack                     text66       00C1F8
_I2C_MasterOpen                       text43       00C294
_I2C_MasterOperation                  text45       00C5EE
_I2C_MasterSendAck                    text68       00C104
_I2C_MasterSendNack                   text70       00C0FE
_I2C_MasterSendTxData                 text67       00C122
_I2C_MasterSetIrq                     text65       00C0FA
_I2C_MasterStart                      text84       00C0DE
_I2C_MasterStartRx                    text71       00C0F2
_I2C_MasterStop                       text82       00C0E6
_I2C_MasterWaitForEvent               text47       00C1C2
_I2C_MasterWrite                      text44       00C162
_I2C_Master_Init                      text89       00C7BA
_I2C_Master_Read                      text100      00C49A
_I2C_Master_RepeatedStart             text99       00C10A
_I2C_Master_Start                     text98       00C112
_I2C_Master_Stop                      text97       00C11A
_I2C_Master_Wait                      text101      00C31E
_I2C_Master_Write                     text96       00C16A
_I2C_Open                             text42       00CBD6
_I2C_Poller                           text46       00C258
_I2C_SetAddressNackCallback           text41       00C224
_I2C_SetBuffer                        text81       00C2FA
_I2C_SetCallback                      text80       00CAE0
_I2C_SetDataCompleteCallback          text79       00C20C
_I2C_Status                           bssBANK1     000150
_I2C_WriteNBytes                      text40       00C760
_INTCON2bits                          (abs)        000FF1
_INTCONbits                           (abs)        000FF2
_LATA                                 (abs)        000F89
_LATB                                 (abs)        000F8A
_LATC                                 (abs)        000F8B
_OSCCON                               (abs)        000FD3
_OSCCON2                              (abs)        000FD2
_OSCILLATOR_Initialize                text30       00C1D2
_OSCTUNE                              (abs)        000F9B
_Oled_Clear                           text38       00C46E
_Oled_Command                         text37       00C2D8
_Oled_Data                            text39       00C2B6
_Oled_Init                            text36       00CC64
_Oled_SelectPage                      text35       00C23C
_Oled_WriteCharacter                  text34       00CA70
_Oled_WriteString                     text33       00C8D4
_PEN                                  (abs)        007E2A
_PIE1bits                             (abs)        000F9D
_PIN_MANAGER_Initialize               text29       00C36A
_PIR1bits                             (abs)        000F9E
_PIR2bits                             (abs)        000FA1
_PIR4bits                             (abs)        000FB7
_Power                                bssBANK0     0000C4
_Power_ReadRegister                   text31       00D6A2
_RCEN                                 (abs)        007E2B
_RCREG1                               (abs)        000FAE
_RCSTA1                               (abs)        000FAB
_RCSTA1bits                           (abs)        000FAB
_REFOCON                              (abs)        000F9A
_RSEN                                 (abs)        007E29
_SEN                                  (abs)        007E28
_SPBRG1                               (abs)        000FAF
_SPBRGH1                              (abs)        000F7D
_SSPADD                               (abs)        000FC8
_SSPBUF                               (abs)        000FC9
_SSPCON1                              (abs)        000FC6
_SSPCON1bits                          (abs)        000FC6
_SSPCON2                              (abs)        000FC5
_SSPCON2bits                          (abs)        000FC5
_SSPSTAT                              (abs)        000FC7
_SSPSTATbits                          (abs)        000FC7
_SYSTEM_Initialize                    text28       00C174
_TABLAT                               (abs)        000FF5
_TBLPTRH                              (abs)        000FF7
_TBLPTRL                              (abs)        000FF6
_TBLPTRU                              (abs)        000FF8
_TRISA                                (abs)        000F92
_TRISB                                (abs)        000F93
_TRISC                                (abs)        000F94
_TRISC3                               (abs)        007CA3
_TRISC4                               (abs)        007CA4
_TXREG1                               (abs)        000FAD
_TXSTA1                               (abs)        000FAC
_TXSTA1bits                           (abs)        000FAC
_Voltage                              bssBANK0     0000CC
_Voltage_ReadRegister                 text27       00D8C2
_WPUB                                 (abs)        000F5B
__HRAM                                (abs)        000000
__Habs1                               abs1         000000
__Hbank0                              bank0        000000
__Hbank1                              bank1        000000
__Hbank10                             bank10       000000
__Hbank11                             bank11       000000
__Hbank12                             bank12       000000
__Hbank13                             bank13       000000
__Hbank14                             bank14       000000
__Hbank2                              bank2        000000
__Hbank3                              bank3        000000
__Hbank4                              bank4        000000
__Hbank5                              bank5        000000
__Hbank6                              bank6        000000
__Hbank7                              bank7        000000
__Hbank8                              bank8        000000
__Hbank9                              bank9        000000
__Hbigbss                             bigbss       000000
__Hbigdata                            bigdata      000000
__Hbigram                             bigram       000000
__Hbss                                bss          000000
__HbssBANK0                           bssBANK0     000000
__HbssBANK1                           bssBANK1     000000
__Hcinit                              cinit        000000
__Hclrtext                            clrtext      000000
__Hcomram                             comram       000000
__Hconfig                             config       30000E
__Hconst                              const        000000
__HcstackBANK0                        cstackBANK0  000000
__HcstackCOMRAM                       cstackCOMRAM 000000
__Hdata                               data         000000
__Heeprom_data                        eeprom_data  000000
__Hfarbss                             farbss       000000
__Hfardata                            fardata      000000
__Hibigdata                           ibigdata     000000
__Hidata                              idata        000000
__Hidloc                              idloc        200008
__Hifardata                           ifardata     000000
__Hinit                               init         000004
__Hintcode                            intcode      000000
__Hintcode_body                       intcode_body 000000
__Hintcodelo                          intcodelo    000000
__Hintentry                           intentry     000000
__Hintret                             intret       000000
__Hintsave_regs                       intsave_regs 000000
__Hirdata                             irdata       000000
__Hmediumconst                        mediumconst  010000
__HnvFARRAM                           nvFARRAM     000000
__Hnvbit                              nvbit        000000
__Hnvrram                             nvrram       000000
__Hparam                              rparam       000000
__Hpowerup                            powerup      000000
__Hram                                ram          000000
__Hramtop                             ramtop       000F00
__Hrbit                               rbit         000000
__Hrbss                               rbss         000000
__Hrdata                              rdata        000000
__Hreset_vec                          reset_vec    000000
__Hrparam                             rparam       000000
__Hsfr                                sfr          000000
__Hsmallconst                         smallconst   000000
__Hspace_0                            (abs)        010000
__Hspace_1                            (abs)        0001C4
__Hspace_2                            (abs)        000000
__Hspace_4                            (abs)        60000E
__Hstack                              stack        000000
__Hstruct                             struct       000000
__Htemp                               temp         000000
__Htext                               text         000000
__Htext0                              text0        000000
__Htext1                              text1        000000
__Htext10                             text10       000000
__Htext100                            text100      000000
__Htext101                            text101      000000
__Htext102                            text102      000000
__Htext11                             text11       000000
__Htext12                             text12       000000
__Htext13                             text13       000000
__Htext14                             text14       000000
__Htext15                             text15       000000
__Htext16                             text16       000000
__Htext17                             text17       000000
__Htext18                             text18       000000
__Htext19                             text19       000000
__Htext2                              text2        000000
__Htext20                             text20       000000
__Htext21                             text21       000000
__Htext22                             text22       000000
__Htext23                             text23       000000
__Htext24                             text24       000000
__Htext25                             text25       000000
__Htext26                             text26       000000
__Htext27                             text27       000000
__Htext28                             text28       000000
__Htext29                             text29       000000
__Htext3                              text3        000000
__Htext30                             text30       000000
__Htext31                             text31       000000
__Htext32                             text32       000000
__Htext33                             text33       000000
__Htext34                             text34       000000
__Htext35                             text35       000000
__Htext36                             text36       000000
__Htext37                             text37       000000
__Htext38                             text38       000000
__Htext39                             text39       000000
__Htext4                              text4        000000
__Htext40                             text40       000000
__Htext41                             text41       000000
__Htext42                             text42       000000
__Htext43                             text43       000000
__Htext44                             text44       000000
__Htext45                             text45       000000
__Htext46                             text46       000000
__Htext47                             text47       000000
__Htext48                             text48       000000
__Htext49                             text49       000000
__Htext5                              text5        000000
__Htext50                             text50       000000
__Htext51                             text51       000000
__Htext52                             text52       000000
__Htext53                             text53       000000
__Htext54                             text54       000000
__Htext55                             text55       000000
__Htext56                             text56       000000
__Htext57                             text57       000000
__Htext58                             text58       000000
__Htext59                             text59       000000
__Htext6                              text6        000000
__Htext60                             text60       000000
__Htext61                             text61       000000
__Htext62                             text62       000000
__Htext63                             text63       000000
__Htext64                             text64       000000
__Htext65                             text65       000000
__Htext66                             text66       000000
__Htext67                             text67       000000
__Htext68                             text68       000000
__Htext69                             text69       000000
__Htext7                              text7        000000
__Htext70                             text70       000000
__Htext71                             text71       000000
__Htext72                             text72       000000
__Htext73                             text73       000000
__Htext74                             text74       000000
__Htext75                             text75       000000
__Htext76                             text76       000000
__Htext77                             text77       000000
__Htext78                             text78       000000
__Htext79                             text79       000000
__Htext8                              text8        000000
__Htext80                             text80       000000
__Htext81                             text81       000000
__Htext82                             text82       000000
__Htext83                             text83       000000
__Htext84                             text84       000000
__Htext85                             text85       000000
__Htext86                             text86       000000
__Htext87                             text87       000000
__Htext88                             text88       000000
__Htext89                             text89       000000
__Htext9                              text9        000000
__Htext90                             text90       000000
__Htext91                             text91       000000
__Htext92                             text92       000000
__Htext93                             text93       000000
__Htext94                             text94       000000
__Htext95                             text95       000000
__Htext96                             text96       000000
__Htext97                             text97       000000
__Htext98                             text98       000000
__Htext99                             text99       000000
__LRAM                                (abs)        000001
__Labs1                               abs1         000000
__Lbank0                              bank0        000000
__Lbank1                              bank1        000000
__Lbank10                             bank10       000000
__Lbank11                             bank11       000000
__Lbank12                             bank12       000000
__Lbank13                             bank13       000000
__Lbank14                             bank14       000000
__Lbank2                              bank2        000000
__Lbank3                              bank3        000000
__Lbank4                              bank4        000000
__Lbank5                              bank5        000000
__Lbank6                              bank6        000000
__Lbank7                              bank7        000000
__Lbank8                              bank8        000000
__Lbank9                              bank9        000000
__Lbigbss                             bigbss       000000
__Lbigdata                            bigdata      000000
__Lbigram                             bigram       000000
__Lbss                                bss          000000
__LbssBANK0                           bssBANK0     000000
__LbssBANK1                           bssBANK1     000000
__Lcinit                              cinit        000000
__Lclrtext                            clrtext      000000
__Lcomram                             comram       000000
__Lconfig                             config       000000
__Lconst                              const        000000
__LcstackBANK0                        cstackBANK0  000000
__LcstackCOMRAM                       cstackCOMRAM 000000
__Ldata                               data         000000
__Leeprom_data                        eeprom_data  000000
__Lfarbss                             farbss       000000
__Lfardata                            fardata      000000
__Libigdata                           ibigdata     000000
__Lidata                              idata        000000
__Lidloc                              idloc        000000
__Lifardata                           ifardata     000000
__Linit                               init         000000
__Lintcode                            intcode      000000
__Lintcode_body                       intcode_body 000000
__Lintcodelo                          intcodelo    000000
__Lintentry                           intentry     000000
__Lintret                             intret       000000
__Lintsave_regs                       intsave_regs 000000
__Lirdata                             irdata       000000
__Lmediumconst                        mediumconst  00FDC0
__LnvFARRAM                           nvFARRAM     000000
__Lnvbit                              nvbit        000000
__Lnvrram                             nvrram       000000
__Lparam                              rparam       000000
__Lpowerup                            powerup      000000
__Lram                                ram          000000
__Lramtop                             ramtop       000F00
__Lrbit                               rbit         000000
__Lrbss                               rbss         000000
__Lrdata                              rdata        000000
__Lreset_vec                          reset_vec    000000
__Lrparam                             rparam       000000
__Lsfr                                sfr          000000
__Lsmallconst                         smallconst   000000
__Lspace_0                            (abs)        000000
__Lspace_1                            (abs)        000000
__Lspace_2                            (abs)        000000
__Lspace_4                            (abs)        000000
__Lstack                              stack        000000
__Lstruct                             struct       000000
__Ltemp                               temp         000000
__Ltext                               text         000000
__Ltext0                              text0        000000
__Ltext1                              text1        000000
__Ltext10                             text10       000000
__Ltext100                            text100      000000
__Ltext101                            text101      000000
__Ltext102                            text102      000000
__Ltext11                             text11       000000
__Ltext12                             text12       000000
__Ltext13                             text13       000000
__Ltext14                             text14       000000
__Ltext15                             text15       000000
__Ltext16                             text16       000000
__Ltext17                             text17       000000
__Ltext18                             text18       000000
__Ltext19                             text19       000000
__Ltext2                              text2        000000
__Ltext20                             text20       000000
__Ltext21                             text21       000000
__Ltext22                             text22       000000
__Ltext23                             text23       000000
__Ltext24                             text24       000000
__Ltext25                             text25       000000
__Ltext26                             text26       000000
__Ltext27                             text27       000000
__Ltext28                             text28       000000
__Ltext29                             text29       000000
__Ltext3                              text3        000000
__Ltext30                             text30       000000
__Ltext31                             text31       000000
__Ltext32                             text32       000000
__Ltext33                             text33       000000
__Ltext34                             text34       000000
__Ltext35                             text35       000000
__Ltext36                             text36       000000
__Ltext37                             text37       000000
__Ltext38                             text38       000000
__Ltext39                             text39       000000
__Ltext4                              text4        000000
__Ltext40                             text40       000000
__Ltext41                             text41       000000
__Ltext42                             text42       000000
__Ltext43                             text43       000000
__Ltext44                             text44       000000
__Ltext45                             text45       000000
__Ltext46                             text46       000000
__Ltext47                             text47       000000
__Ltext48                             text48       000000
__Ltext49                             text49       000000
__Ltext5                              text5        000000
__Ltext50                             text50       000000
__Ltext51                             text51       000000
__Ltext52                             text52       000000
__Ltext53                             text53       000000
__Ltext54                             text54       000000
__Ltext55                             text55       000000
__Ltext56                             text56       000000
__Ltext57                             text57       000000
__Ltext58                             text58       000000
__Ltext59                             text59       000000
__Ltext6                              text6        000000
__Ltext60                             text60       000000
__Ltext61                             text61       000000
__Ltext62                             text62       000000
__Ltext63                             text63       000000
__Ltext64                             text64       000000
__Ltext65                             text65       000000
__Ltext66                             text66       000000
__Ltext67                             text67       000000
__Ltext68                             text68       000000
__Ltext69                             text69       000000
__Ltext7                              text7        000000
__Ltext70                             text70       000000
__Ltext71                             text71       000000
__Ltext72                             text72       000000
__Ltext73                             text73       000000
__Ltext74                             text74       000000
__Ltext75                             text75       000000
__Ltext76                             text76       000000
__Ltext77                             text77       000000
__Ltext78                             text78       000000
__Ltext79                             text79       000000
__Ltext8                              text8        000000
__Ltext80                             text80       000000
__Ltext81                             text81       000000
__Ltext82                             text82       000000
__Ltext83                             text83       000000
__Ltext84                             text84       000000
__Ltext85                             text85       000000
__Ltext86                             text86       000000
__Ltext87                             text87       000000
__Ltext88                             text88       000000
__Ltext89                             text89       000000
__Ltext9                              text9        000000
__Ltext90                             text90       000000
__Ltext91                             text91       000000
__Ltext92                             text92       000000
__Ltext93                             text93       000000
__Ltext94                             text94       000000
__Ltext95                             text95       000000
__Ltext96                             text96       000000
__Ltext97                             text97       000000
__Ltext98                             text98       000000
__Ltext99                             text99       000000
__S0                                  (abs)        010000
__S1                                  (abs)        0001C4
__S2                                  (abs)        000000
__S4                                  (abs)        000000
__S5                                  (abs)        000000
___awdiv                              text23       00D06A
___awdiv@counter                      cstackCOMRAM 000005
___awdiv@dividend                     cstackCOMRAM 000001
___awdiv@divisor                      cstackCOMRAM 000003
___awdiv@quotient                     cstackCOMRAM 000007
___awdiv@sign                         cstackCOMRAM 000006
___awmod                              text22       00CEF6
___awmod@counter                      cstackCOMRAM 000005
___awmod@dividend                     cstackCOMRAM 000001
___awmod@divisor                      cstackCOMRAM 000003
___awmod@sign                         cstackCOMRAM 000006
___fladd                              text18       00ED50
___fladd@a                            cstackCOMRAM 000005
___fladd@aexp                         cstackCOMRAM 00000E
___fladd@b                            cstackCOMRAM 000001
___fladd@bexp                         cstackCOMRAM 00000F
___fladd@grs                          cstackCOMRAM 000010
___fladd@signs                        cstackCOMRAM 00000D
___fldiv                              text95       00E114
___fldiv@a                            cstackCOMRAM 000005
___fldiv@aexp                         cstackCOMRAM 000019
___fldiv@b                            cstackCOMRAM 000001
___fldiv@bexp                         cstackCOMRAM 000018
___fldiv@grs                          cstackCOMRAM 000014
___fldiv@new_exp                      cstackCOMRAM 000012
___fldiv@rem                          cstackCOMRAM 00000D
___fldiv@sign                         cstackCOMRAM 000011
___fleq                               text21       00CE4C
___fleq@ff1                           cstackCOMRAM 000001
___fleq@ff2                           cstackCOMRAM 000005
___flge                               text20       00D498
___flge@ff1                           cstackCOMRAM 00002E
___flge@ff2                           cstackCOMRAM 000032
___flmul                              text94       00E4AE
___flmul@a                            cstackCOMRAM 000019
___flmul@aexp                         cstackCOMRAM 000026
___flmul@b                            cstackCOMRAM 000015
___flmul@bexp                         cstackCOMRAM 000027
___flmul@grs                          cstackCOMRAM 000022
___flmul@prod                         cstackCOMRAM 000028
___flmul@sign                         cstackCOMRAM 000021
___flmul@temp                         cstackCOMRAM 00002C
___flneg                              text19       00C53E
___flneg@f1                           cstackCOMRAM 000001
___flsub                              text17       00C676
___flsub@a                            cstackCOMRAM 000032
___flsub@b                            cstackCOMRAM 00002E
___fltol                              text16       00D59C
___fltol@exp1                         cstackCOMRAM 00000A
___fltol@f1                           cstackCOMRAM 000001
___fltol@sign1                        cstackCOMRAM 000009
___fpclassifyf                        text15       00D39A
___fpclassifyf@F463                   bssBANK0     0000B4
___fpclassifyf@e                      cstackCOMRAM 000009
___fpclassifyf@u                      cstackCOMRAM 00000B
___fpclassifyf@x                      cstackCOMRAM 000001
___inthi_sp                           stack        000000
___intlo_sp                           stack        000000
___lldiv                              text90       00CD02
___lldiv@counter                      cstackCOMRAM 00000D
___lldiv@dividend                     cstackCOMRAM 000001
___lldiv@divisor                      cstackCOMRAM 000005
___lldiv@quotient                     cstackCOMRAM 000009
___param_bank                         (abs)        000000
___rparam_used                        (abs)        000001
___sp                                 stack        000000
___wmul                               text32       00C344
___wmul@multiplicand                  cstackCOMRAM 000003
___wmul@multiplier                    cstackCOMRAM 000001
___wmul@product                       cstackCOMRAM 000005
___xxtofl                             text93       00DB74
___xxtofl@arg                         cstackCOMRAM 000011
___xxtofl@exp                         cstackCOMRAM 000010
___xxtofl@sign                        cstackCOMRAM 00000F
___xxtofl@val                         cstackCOMRAM 000007
__accesstop                           (abs)        000060
__activetblptr                        (abs)        000003
__end_of_ASCII                        mediumconst  00FFC1
__end_of_Current_ReadRegister         text92       00D8C2
__end_of_I2C_CallbackReturnReset      text72       00C0F2
__end_of_I2C_CallbackReturnStop       text73       00C0EE
__end_of_I2C_Close                    text85       00C3BE
__end_of_I2C_DO_ADDRESS_NACK          text49       00CA00
__end_of_I2C_DO_IDLE                  text63       00C18A
__end_of_I2C_DO_RCEN                  text58       00C196
__end_of_I2C_DO_RESET                 text50       00C1A2
__end_of_I2C_DO_RX                    text59       00CE4C
__end_of_I2C_DO_RX_ACK                text53       00C152
__end_of_I2C_DO_RX_NACK_RESTART       text51       00C162
__end_of_I2C_DO_RX_NACK_STOP          text52       00C15A
__end_of_I2C_DO_SEND_ADR_READ         text62       00C1B2
__end_of_I2C_DO_SEND_ADR_WRITE        text61       00C1C2
__end_of_I2C_DO_SEND_RESTART          text55       00C142
__end_of_I2C_DO_SEND_RESTART_READ     text57       00C132
__end_of_I2C_DO_SEND_RESTART_WRITE    text56       00C13A
__end_of_I2C_DO_SEND_STOP             text54       00C14A
__end_of_I2C_DO_TX                    text60       00D06A
__end_of_I2C_DO_TX_EMPTY              text64       00CBD6
__end_of_I2C_Initialize               text91       00C1F8
__end_of_I2C_MasterClearIrq           text88       00C0D6
__end_of_I2C_MasterClose              text87       00C0DA
__end_of_I2C_MasterDisableIrq         text86       00C0DE
__end_of_I2C_MasterEnableRestart      text83       00C0E6
__end_of_I2C_MasterFsm                text48       00CA70
__end_of_I2C_MasterGetRxData          text69       00C0FA
__end_of_I2C_MasterIsNack             text66       00C20C
__end_of_I2C_MasterOpen               text43       00C2B6
__end_of_I2C_MasterOperation          text45       00C632
__end_of_I2C_MasterSendAck            text68       00C10A
__end_of_I2C_MasterSendNack           text70       00C104
__end_of_I2C_MasterSendTxData         text67       00C12A
__end_of_I2C_MasterSetIrq             text65       00C0FE
__end_of_I2C_MasterStart              text84       00C0E2
__end_of_I2C_MasterStartRx            text71       00C0F6
__end_of_I2C_MasterStop               text82       00C0EA
__end_of_I2C_MasterWaitForEvent       text47       00C1D2
__end_of_I2C_MasterWrite              text44       00C16A
__end_of_I2C_Master_Init              text89       00C816
__end_of_I2C_Master_Read              text100      00C4D0
__end_of_I2C_Master_RepeatedStart     text99       00C112
__end_of_I2C_Master_Start             text98       00C11A
__end_of_I2C_Master_Stop              text97       00C122
__end_of_I2C_Master_Wait              text101      00C344
__end_of_I2C_Master_Write             text96       00C174
__end_of_I2C_Open                     text42       00CC64
__end_of_I2C_Poller                   text46       00C276
__end_of_I2C_SetAddressNackCallback   text41       00C23C
__end_of_I2C_SetBuffer                text81       00C31E
__end_of_I2C_SetCallback              text80       00CB5A
__end_of_I2C_SetDataCompleteCallback  text79       00C224
__end_of_I2C_WriteNBytes              text40       00C7BA
__end_of_OSCILLATOR_Initialize        text30       00C1E4
__end_of_Oled_Clear                   text38       00C49A
__end_of_Oled_Command                 text37       00C2FA
__end_of_Oled_Data                    text39       00C2D8
__end_of_Oled_Init                    text36       00CD02
__end_of_Oled_SelectPage              text35       00C258
__end_of_Oled_WriteCharacter          text34       00CAE0
__end_of_Oled_WriteString             text33       00C936
__end_of_PIN_MANAGER_Initialize       text29       00C392
__end_of_Power_ReadRegister           text31       00D7AA
__end_of_SYSTEM_Initialize            text28       00C17E
__end_of_Voltage_ReadRegister         text27       00D9DA
__end_of___awdiv                      text23       00D12E
__end_of___awmod                      text22       00CFA6
__end_of___fladd                      text18       00F210
__end_of___fldiv                      text95       00E4AE
__end_of___fleq                       text21       00CEF6
__end_of___flge                       text20       00D59C
__end_of___flmul                      text94       00E8D8
__end_of___flneg                      text19       00C576
__end_of___flsub                      text17       00C6BC
__end_of___fltol                      text16       00D6A2
__end_of___fpclassifyf                text15       00D498
__end_of___lldiv                      text90       00CDA6
__end_of___wmul                       text32       00C36A
__end_of___xxtofl                     text93       00DD28
__end_of__initialization              cinit        00C28E
__end_of_atoi                         text24       00DB74
__end_of_efgtoa                       text5        00FDC0
__end_of_floorf                       text14       00E114
__end_of_fputc                        text12       00D2BE
__end_of_fputs                        text11       00C676
__end_of_i2c_fsmStateTable            mediumconst  00FDE1
__end_of_isdigit                      text26       00C53E
__end_of_isspace                      text25       00C70E
__end_of_isupper                      text7        00C5AE
__end_of_main                         text0        00DF02
__end_of_pad                          text9        00D1F4
__end_of_putch                        text13       00C0D2
__end_of_rd1RegCompleteHandler        text77       00C416
__end_of_rd2RegCompleteHandler        text76       00C442
__end_of_rdBlkRegCompleteHandler      text74       00C5EE
__end_of_sprintf                      text1        00C760
__end_of_strcpy                       text8        00C874
__end_of_strlen                       text10       00C506
__end_of_strncmp                      text4        00D39A
__end_of_tolower                      text6        00C8D4
__end_of_vfpfcnvrt                    text3        00ED50
__end_of_vfprintf                     text2        00C99A
__end_of_wr1RegCompleteHandler        text75       00C46E
__end_of_wr2RegCompleteHandler        text78       00C3EA
__initialization                      cinit        00C276
__mediumconst                         mediumconst  00FDC0
__pbssBANK0                           bssBANK0     0000B0
__pbssBANK1                           bssBANK1     000100
__pcinit                              cinit        00C276
__pcstackBANK0                        cstackBANK0  000060
__pcstackCOMRAM                       cstackCOMRAM 000001
__pmediumconst                        mediumconst  00FDC0
__ptext0                              text0        00DD28
__ptext1                              text1        00C70E
__ptext10                             text10       00C4D0
__ptext100                            text100      00C49A
__ptext101                            text101      00C31E
__ptext102                            text102      000000
__ptext11                             text11       00C632
__ptext12                             text12       00D1F4
__ptext13                             text13       00C0D0
__ptext14                             text14       00DF02
__ptext15                             text15       00D39A
__ptext16                             text16       00D59C
__ptext17                             text17       00C676
__ptext18                             text18       00ED50
__ptext19                             text19       00C53E
__ptext2                              text2        00C936
__ptext20                             text20       00D498
__ptext21                             text21       00CE4C
__ptext22                             text22       00CEF6
__ptext23                             text23       00D06A
__ptext24                             text24       00D9DA
__ptext25                             text25       00C6BC
__ptext26                             text26       00C506
__ptext27                             text27       00D8C2
__ptext28                             text28       00C174
__ptext29                             text29       00C36A
__ptext3                              text3        00E8D8
__ptext30                             text30       00C1D2
__ptext31                             text31       00D6A2
__ptext32                             text32       00C344
__ptext33                             text33       00C8D4
__ptext34                             text34       00CA70
__ptext35                             text35       00C23C
__ptext36                             text36       00CC64
__ptext37                             text37       00C2D8
__ptext38                             text38       00C46E
__ptext39                             text39       00C2B6
__ptext4                              text4        00D2BE
__ptext40                             text40       00C760
__ptext41                             text41       00C224
__ptext42                             text42       00CBD6
[...]
 Return value:  Size  Location     Type
                  4    0[COMRAM] unsigned char 
 Registers used:
		wreg, status,2, status,0
 Tracked objects:
		On entry : 
		On exit  : 
		Unchanged: 
 Data sizes:     COMRAM   BANK0   BANK1   BANK2   BANK3   BANK4   BANK5   BANK6   BANK7   BANK8   BANK9  BANK10  BANK11  BANK12  BANK13  BANK14
      Params:         8       0       0       0       0       0       0       0       0       0       0       0       0       0       0       0
      Locals:        13       0       0       0       0       0       0       0       0       0       0       0       0       0       0       0
      Temps:          4       0       0       0       0       0       0       0       0       0       0       0       0       0       0       0
      Totals:        25       0       0       0       0       0       0       0       0       0       0       0       0       0       0       0
Total ram usage:       25 bytes
 Hardware stack levels used:    1
 This function calls:
		Nothing
 This function is called by:
		_Voltage_ReadRegister
		_Current_ReadRegister
		_Power_ReadRegister
		_efgtoa
 This function uses a non-reentrant model


 *************** function _I2C_Master_Write *****************
 Defined at:
		line 100 in file "INA260.c"
 Parameters:    Size  Location     Type
  d               2    1[COMRAM] unsigned int 
 Auto vars:     Size  Location     Type
		None
 Return value:  Size  Location     Type
                  1    wreg      void 
 Registers used:
		wreg, status,2, status,0, cstack
 Tracked objects:
		On entry : 
		On exit  : 
		Unchanged: 
 Data sizes:     COMRAM   BANK0   BANK1   BANK2   BANK3   BANK4   BANK5   BANK6   BANK7   BANK8   BANK9  BANK10  BANK11  BANK12  BANK13  BANK14
      Params:         2       0       0       0       0       0       0       0       0       0       0       0       0       0       0       0
      Locals:         0       0       0       0       0       0       0       0       0       0       0       0       0       0       0       0
      Temps:          0       0       0       0       0       0       0       0       0       0       0       0       0       0       0       0
      Totals:         2       0       0       0       0       0       0       0       0       0       0       0       0       0       0       0
Total ram usage:        2 bytes
 Hardware stack levels used:    1
 Hardware stack levels required when called:    1
 This function calls:
		_I2C_Master_Wait
 This function is called by:
		_Voltage_ReadRegister
		_Current_ReadRegister
		_Power_ReadRegister
 This function uses a non-reentrant model


 *************** function _I2C_Master_Stop *****************
 Defined at:
		line 94 in file "INA260.c"
 Parameters:    Size  Location     Type
		None
 Auto vars:     Size  Location     Type
		None
 Return value:  Size  Location     Type
                  1    wreg      void 
 Registers used:
		wreg, status,2, status,0, cstack
 Tracked objects:
		On entry : 
		On exit  : 
		Unchanged: 
 Data sizes:     COMRAM   BANK0   BANK1   BANK2   BANK3   BANK4   BANK5   BANK6   BANK7   BANK8   BANK9  BANK10  BANK11  BANK12  BANK13  BANK14
      Params:         0       0       0       0       0       0       0       0       0       0       0       0       0       0       0       0
      Locals:         0       0       0       0       0       0       0       0       0       0       0       0       0       0       0       0
      Temps:          0       0       0       0       0       0       0       0       0       0       0       0       0       0       0       0
      Totals:         0       0       0       0       0       0       0       0       0       0       0       0       0       0       0       0
Total ram usage:        0 bytes
 Hardware stack levels used:    1
 Hardware stack levels required when called:    1
 This function calls:
		_I2C_Master_Wait
 This function is called by:
		_Voltage_ReadRegister
		_Current_ReadRegister
		_Power_ReadRegister
 This function uses a non-reentrant model


 *************** function _I2C_Master_Start *****************
 Defined at:
		line 82 in file "INA260.c"
 Parameters:    Size  Location     Type
		None
 Auto vars:     Size  Location     Type
		None
 Return value:  Size  Location     Type
                  1    wreg      void 
 Registers used:
		wreg, status,2, status,0, cstack
 Tracked objects:
		On entry : 
		On exit  : 
		Unchanged: 
 Data sizes:     COMRAM   BANK0   BANK1   BANK2   BANK3   BANK4   BANK5   BANK6   BANK7   BANK8   BANK9  BANK10  BANK11  BANK12  BANK13  BANK14
      Params:         0       0       0       0       0       0       0       0       0       0       0       0       0       0       0       0
      Locals:         0       0       0       0       0       0       0       0       0       0       0       0       0       0       0       0
      Temps:          0       0       0       0       0       0       0       0       0       0       0       0       0       0       0       0
      Totals:         0       0       0       0       0       0       0       0       0       0       0       0       0       0       0       0
Total ram usage:        0 bytes
 Hardware stack levels used:    1
 Hardware stack levels required when called:    1
 This function calls:
		_I2C_Master_Wait
 This function is called by:
		_Voltage_ReadRegister
		_Current_ReadRegister
		_Power_ReadRegister
 This function uses a non-reentrant model


 *************** function _I2C_Master_RepeatedStart *****************
 Defined at:
		line 88 in file "INA260.c"
 Parameters:    Size  Location     Type
		None
 Auto vars:     Size  Location     Type
		None
 Return value:  Size  Location     Type
                  1    wreg      void 
 Registers used:
		wreg, status,2, status,0, cstack
 Tracked objects:
		On entry : 
		On exit  : 
		Unchanged: 
 Data sizes:     COMRAM   BANK0   BANK1   BANK2   BANK3   BANK4   BANK5   BANK6   BANK7   BANK8   BANK9  BANK10  BANK11  BANK12  BANK13  BANK14
      Params:         0       0       0       0       0       0       0       0       0       0       0       0       0       0       0       0
      Locals:         0       0       0       0       0       0       0       0       0       0       0       0       0       0       0       0
      Temps:          0       0       0       0       0       0       0       0       0       0       0       0       0       0       0       0
      Totals:         0       0       0       0       0       0       0       0       0       0       0       0       0       0       0       0
Total ram usage:        0 bytes
 Hardware stack levels used:    1
 Hardware stack levels required when called:    1
 This function calls:
		_I2C_Master_Wait
 This function is called by:
		_Voltage_ReadRegister
		_Current_ReadRegister
		_Power_ReadRegister
 This function uses a non-reentrant model


 *************** function _I2C_Master_Read *****************
 Defined at:
		line 106 in file "INA260.c"
 Parameters:    Size  Location     Type
  a               2    1[COMRAM] unsigned short 
 Auto vars:     Size  Location     Type
  temp            2    3[COMRAM] unsigned short 
 Return value:  Size  Location     Type
                  2    1[COMRAM] unsigned short 
 Registers used:
		wreg, status,2, status,0, cstack
 Tracked objects:
		On entry : 
		On exit  : 
		Unchanged: 
 Data sizes:     COMRAM   BANK0   BANK1   BANK2   BANK3   BANK4   BANK5   BANK6   BANK7   BANK8   BANK9  BANK10  BANK11  BANK12  BANK13  BANK14
      Params:         2       0       0       0       0       0       0       0       0       0       0       0       0       0       0       0
      Locals:         2       0       0       0       0       0       0       0       0       0       0       0       0       0       0       0
      Temps:          0       0       0       0       0       0       0       0       0       0       0       0       0       0       0       0
      Totals:         4       0       0       0       0       0       0       0       0       0       0       0       0       0       0       0
Total ram usage:        4 bytes
 Hardware stack levels used:    1
 Hardware stack levels required when called:    1
 This function calls:
		_I2C_Master_Wait
 This function is called by:
		_Voltage_ReadRegister
		_Current_ReadRegister
		_Power_ReadRegister
 This function uses a non-reentrant model


 *************** function _I2C_Master_Wait *****************
 Defined at:
		line 77 in file "INA260.c"
 Parameters:    Size  Location     Type
		None
 Auto vars:     Size  Location     Type
		None
 Return value:  Size  Location     Type
                  1    wreg      void 
 Registers used:
		wreg, status,2, status,0
 Tracked objects:
		On entry : 
		On exit  : 
		Unchanged: 
 Data sizes:     COMRAM   BANK0   BANK1   BANK2   BANK3   BANK4   BANK5   BANK6   BANK7   BANK8   BANK9  BANK10  BANK11  BANK12  BANK13  BANK14
      Params:         0       0       0       0       0       0       0       0       0       0       0       0       0       0       0       0
      Locals:         0       0       0       0       0       0       0       0       0       0       0       0       0       0       0       0
      Temps:          1       0       0       0       0       0       0       0       0       0       0       0       0       0       0       0
      Totals:         1       0       0       0       0       0       0       0       0       0       0       0       0       0       0       0
Total ram usage:        1 bytes
 Hardware stack levels used:    1
 This function calls:
		Nothing
 This function is called by:
		_I2C_Master_Start
		_I2C_Master_RepeatedStart
		_I2C_Master_Stop
		_I2C_Master_Write
		_I2C_Master_Read
 This function uses a non-reentrant model



MODULE INFORMATION

Module		Function		Class		Link	Load	Size
C:\Program Files\Microchip\xc8\v2.20\pic\sources\c99\common\nf_fputc.c
		_fputc         		CODE           	D1F4	0000	203

C:\Program Files\Microchip\xc8\v2.20\pic\sources\c99\common\nf_fputc.c estimated size: 203

C:\Program Files\Microchip\xc8\v2.20\pic\sources\c99\common\isdigit.c
		_isdigit       		CODE           	C506	0000	57

C:\Program Files\Microchip\xc8\v2.20\pic\sources\c99\common\isdigit.c estimated size: 57

C:\Program Files\Microchip\xc8\v2.20\pic\sources\c99\common\sprcadd.c
		___flsub       		CODE           	C676	0000	71
		___fladd       		CODE           	ED50	0000	1217

C:\Program Files\Microchip\xc8\v2.20\pic\sources\c99\common\sprcadd.c estimated size: 1288

C:\Program Files\Microchip\xc8\v2.20\pic\sources\c99\common\doprnt.c
		_vfpfcnvrt     		CODE           	E8D8	0000	1145
		_efgtoa        		CODE           	F210	0000	2993
		_pad           		CODE           	D12E	0000	199
		_vfprintf      		CODE           	C936	0000	101

C:\Program Files\Microchip\xc8\v2.20\pic\sources\c99\common\doprnt.c estimated size: 4438

C:\Program Files\Microchip\xc8\v2.20\pic\sources\c99\common\flneg.c
		___flneg       		CODE           	C53E	0000	57

C:\Program Files\Microchip\xc8\v2.20\pic\sources\c99\common\flneg.c estimated size: 57

mcc_generated_files/examples/i2c_master_example.c
		_wr1RegCompleteHandler		CODE           	C442	0000	45
		_wr2RegCompleteHandler		CODE           	C3BE	0000	45
		_rdBlkRegCompleteHandler		CODE           	C5AE	0000	65
		_rd1RegCompleteHandler		CODE           	C3EA	0000	45
		_rd2RegCompleteHandler		CODE           	C416	0000	45
		_I2C_WriteNBytes		CODE           	C760	0000	91

mcc_generated_files/examples/i2c_master_example.c estimated size: 336

C:\Program Files\Microchip\xc8\v2.20\pic\sources\c99\common\Umul16.c
		___wmul        		CODE           	C344	0000	39

C:\Program Files\Microchip\xc8\v2.20\pic\sources\c99\common\Umul16.c estimated size: 39

mcc_generated_files/pin_manager.c
		_PIN_MANAGER_Initialize		CODE           	C36A	0000	41

mcc_generated_files/pin_manager.c estimated size: 41

C:\Program Files\Microchip\xc8\v2.20\pic\sources\c99\common\flge.c
		___flge        		CODE           	D498	0000	261

C:\Program Files\Microchip\xc8\v2.20\pic\sources\c99\common\flge.c estimated size: 261

C:\Program Files\Microchip\xc8\v2.20\pic\sources\c99\common\nf_sprintf.c
		_sprintf       		CODE           	C70E	0000	83

C:\Program Files\Microchip\xc8\v2.20\pic\sources\c99\common\nf_sprintf.c estimated size: 83

C:\Program Files\Microchip\xc8\v2.20\pic\sources\c99\common\awmod.c
		___awmod       		CODE           	CEF6	0000	177

C:\Program Files\Microchip\xc8\v2.20\pic\sources\c99\common\awmod.c estimated size: 177

C:\Program Files\Microchip\xc8\v2.20\pic\sources\c99\common\putch.c
		_putch         		CODE           	C0D0	0000	3

C:\Program Files\Microchip\xc8\v2.20\pic\sources\c99\common\putch.c estimated size: 3

C:\Program Files\Microchip\xc8\v2.20\pic\sources\c99\common\nf_fputs.c
		_fputs         		CODE           	C632	0000	69

C:\Program Files\Microchip\xc8\v2.20\pic\sources\c99\common\nf_fputs.c estimated size: 69

C:\Program Files\Microchip\xc8\v2.20\pic\sources\c99\common\isupper.c
		_isupper       		CODE           	C576	0000	57

C:\Program Files\Microchip\xc8\v2.20\pic\sources\c99\common\isupper.c estimated size: 57

shared
		_ASCII         		MEDIUMCONST    	FDE1	0000	481
		__initialization		CODE           	C276	0000	25
		_i2c_fsmStateTable		MEDIUMCONST    	FDC1	0000	33

shared estimated size: 539

mcc_generated_files/mcc.c
		_OSCILLATOR_Initialize		CODE           	C1D2	0000	19
		_SYSTEM_Initialize		CODE           	C174	0000	11

mcc_generated_files/mcc.c estimated size: 30

C:\Program Files\Microchip\xc8\v2.20\pic\sources\c99\common\isspace.c
		_isspace       		CODE           	C6BC	0000	83

C:\Program Files\Microchip\xc8\v2.20\pic\sources\c99\common\isspace.c estimated size: 83

OLED.c
		_Oled_WriteString		CODE           	C8D4	0000	99
		_Oled_SelectPage		CODE           	C23C	0000	29
		_Oled_WriteCharacter		CODE           	CA70	0000	113
		_Oled_Init     		CODE           	CC64	0000	159
		_Oled_Data     		CODE           	C2B6	0000	35
		_Oled_Clear    		CODE           	C46E	0000	45
		_Oled_Command  		CODE           	C2D8	0000	35

OLED.c estimated size: 515

C:\Program Files\Microchip\xc8\v2.20\pic\sources\c99\common\strlen.c
		_strlen        		CODE           	C4D0	0000	55

C:\Program Files\Microchip\xc8\v2.20\pic\sources\c99\common\strlen.c estimated size: 55

C:\Program Files\Microchip\xc8\v2.20\pic\sources\c99\common\strncmp.c
		_strncmp       		CODE           	D2BE	0000	221

C:\Program Files\Microchip\xc8\v2.20\pic\sources\c99\common\strncmp.c estimated size: 221

C:\Program Files\Microchip\xc8\v2.20\pic\sources\c99\common\tolower.c
		_tolower       		CODE           	C874	0000	97

C:\Program Files\Microchip\xc8\v2.20\pic\sources\c99\common\tolower.c estimated size: 97

C:\Program Files\Microchip\xc8\v2.20\pic\sources\c99\common\floorf.c
		_floorf        		CODE           	DF02	0000	531

C:\Program Files\Microchip\xc8\v2.20\pic\sources\c99\common\floorf.c estimated size: 531

C:\Program Files\Microchip\xc8\v2.20\pic\sources\c99\common\sprcmul.c
		___flmul       		CODE           	E4AE	0000	1067

C:\Program Files\Microchip\xc8\v2.20\pic\sources\c99\common\sprcmul.c estimated size: 1067

C:\Program Files\Microchip\xc8\v2.20\pic\sources\c99\common\strcpy.c
		_strcpy        		CODE           	C816	0000	95

C:\Program Files\Microchip\xc8\v2.20\pic\sources\c99\common\strcpy.c estimated size: 95

mcc_generated_files/i2c_master.c
		_I2C_Close     		CODE           	C392	0000	45
		_I2C_MasterStartRx		CODE           	C0F2	0000	5
		_I2C_DO_SEND_ADR_WRITE		CODE           	C1B2	0000	17
		_I2C_MasterWaitForEvent		CODE           	C1C2	0000	17
		_I2C_DO_SEND_STOP		CODE           	C142	0000	9
		_I2C_MasterSendNack		CODE           	C0FE	0000	7
		_I2C_MasterDisableIrq		CODE           	C0DA	0000	5
		_I2C_CallbackReturnStop		CODE           	C0EA	0000	5
		_I2C_MasterOperation		CODE           	C5EE	0000	69
		_I2C_DO_SEND_ADR_READ		CODE           	C1A2	0000	17
		_I2C_DO_RX_NACK_STOP		CODE           	C152	0000	9
		_I2C_DO_SEND_RESTART		CODE           	C13A	0000	9
		_I2C_DO_RX     		CODE           	CDA6	0000	167
		_I2C_DO_TX     		CODE           	CFA6	0000	197
		_I2C_DO_IDLE   		CODE           	C17E	0000	13
		_I2C_DO_RCEN   		CODE           	C18A	0000	13
		_I2C_Poller    		CODE           	C258	0000	31
		_I2C_DO_RESET  		CODE           	C196	0000	13
		_I2C_MasterClose		CODE           	C0D6	0000	5
		_I2C_MasterWrite		CODE           	C162	0000	9
		_I2C_DO_RX_ACK 		CODE           	C14A	0000	9
		_I2C_MasterStart		CODE           	C0DE	0000	5
		_I2C_MasterClearIrq		CODE           	C0D2	0000	5
		_I2C_MasterGetRxData		CODE           	C0F6	0000	5
		_I2C_SetCallback		CODE           	CAE0	0000	123
		_I2C_DO_ADDRESS_NACK		CODE           	C99A	0000	103
		_I2C_MasterEnableRestart		CODE           	C0E2	0000	5
		_I2C_CallbackReturnReset		CODE           	C0EE	0000	5
		_I2C_Open      		CODE           	CBD6	0000	143
		_I2C_SetAddressNackCallback		CODE           	C224	0000	25
		_I2C_DO_TX_EMPTY		CODE           	CB5A	0000	125
		_I2C_DO_SEND_RESTART_WRITE		CODE           	C132	0000	9
		_I2C_MasterIsNack		CODE           	C1F8	0000	21
		_I2C_SetDataCompleteCallback		CODE           	C20C	0000	25
		_I2C_DO_RX_NACK_RESTART		CODE           	C15A	0000	9
		_I2C_MasterSendAck		CODE           	C104	0000	7
		_I2C_MasterFsm 		CODE           	CA00	0000	113
		_I2C_MasterSetIrq		CODE           	C0FA	0000	5
		_I2C_DO_SEND_RESTART_READ		CODE           	C12A	0000	9
		_I2C_Initialize		CODE           	C1E4	0000	21
		_I2C_SetBuffer 		CODE           	C2FA	0000	37
		_I2C_MasterOpen		CODE           	C294	0000	35
		_I2C_MasterSendTxData		CODE           	C122	0000	9
		_I2C_MasterStop		CODE           	C0E6	0000	5

mcc_generated_files/i2c_master.c estimated size: 1520

C:\Program Files\Microchip\xc8\v2.20\pic\sources\c99\common\__lldiv.c
		___lldiv       		CODE           	CD02	0000	165

C:\Program Files\Microchip\xc8\v2.20\pic\sources\c99\common\__lldiv.c estimated size: 165

C:\Program Files\Microchip\xc8\v2.20\pic\sources\c99\common\sprcdiv.c
		___fldiv       		CODE           	E114	0000	923

C:\Program Files\Microchip\xc8\v2.20\pic\sources\c99\common\sprcdiv.c estimated size: 923

C:\Program Files\Microchip\xc8\v2.20\pic\sources\c99\common\awdiv.c
		___awdiv       		CODE           	D06A	0000	197

C:\Program Files\Microchip\xc8\v2.20\pic\sources\c99\common\awdiv.c estimated size: 197

C:\Program Files\Microchip\xc8\v2.20\pic\sources\c99\common\atoi.c
		_atoi          		CODE           	D9DA	0000	411

C:\Program Files\Microchip\xc8\v2.20\pic\sources\c99\common\atoi.c estimated size: 411

INA260.c
		_I2C_Master_Read		CODE           	C49A	0000	55
		_I2C_Master_Wait		CODE           	C31E	0000	39
		_I2C_Master_Init		CODE           	C7BA	0000	93
		_I2C_Master_Stop		CODE           	C11A	0000	9
		_I2C_Master_RepeatedStart		CODE           	C10A	0000	9
		_Power_ReadRegister		CODE           	D6A2	0000	265
		_Voltage_ReadRegister		CODE           	D8C2	0000	281
		_I2C_Master_Write		CODE           	C16A	0000	11
		_I2C_Master_Start		CODE           	C112	0000	9
		_Current_ReadRegister		CODE           	D7AA	0000	281

INA260.c estimated size: 1052

C:\Program Files\Microchip\xc8\v2.20\pic\sources\c99\common\__fpclassifyf.c
		___fpclassifyf 		CODE           	D39A	0000	255

C:\Program Files\Microchip\xc8\v2.20\pic\sources\c99\common\__fpclassifyf.c estimated size: 255

C:\Program Files\Microchip\xc8\v2.20\pic\sources\c99\common\fltol.c
		___fltol       		CODE           	D59C	0000	263

C:\Program Files\Microchip\xc8\v2.20\pic\sources\c99\common\fltol.c estimated size: 263

C:\Program Files\Microchip\xc8\v2.20\pic\sources\c99\common\fleq.c
		___fleq        		CODE           	CE4C	0000	171

C:\Program Files\Microchip\xc8\v2.20\pic\sources\c99\common\fleq.c estimated size: 171

main.c
		_main          		CODE           	DD28	0000	475

main.c estimated size: 475

C:\Program Files\Microchip\xc8\v2.20\pic\sources\c99\common\xxtofl.c
		___xxtofl      		CODE           	DB74	0000	437

C:\Program Files\Microchip\xc8\v2.20\pic\sources\c99\common\xxtofl.c estimated size: 437

