Microchip MPLAB XC8 Compiler V2.32

Linker command line:

-W-3 --edf=C:\Program Files\Microchip\xc8\v2.32\pic\dat\en_msgs.txt -cn \
  -h+dist/default/production\PIC18F26K80_OLED-main.production.sym \
  --cmf=dist/default/production\PIC18F26K80_OLED-main.production.cmf -z \
  -Q18F26K80 -oC:\Users\D1NG0\AppData\Local\Temp\xcAsc2c.4 \
  --defsym=__MPLAB_BUILD=1 \
  -Mdist/default/production/PIC18F26K80_OLED-main.production.map -E1 \
  -ver=XC8 Compiler --acfsm=1493 -ASTACK=09C4h-0E40h -pstack=STACK \
  -ACODE=00h-0FFFFh -ACONST=00h-0FFFFh -ASMALLCONST=0F00h-0FFFhx241 \
  -AMEDIUMCONST=0F00h-0FFFFh -ACOMRAM=01h-05Fh -AABS1=00h-0E40h \
  -ABIGRAM=01h-0E40h -ARAM=060h-0FFh,0100h-01FFhx13,0E00h-0E40h \
  -ABANK0=060h-0FFh -ABANK1=0100h-01FFh -ABANK2=0200h-02FFh \
  -ABANK3=0300h-03FFh -ABANK4=0400h-04FFh -ABANK5=0500h-05FFh \
  -ABANK6=0600h-06FFh -ABANK7=0700h-07FFh -ABANK8=0800h-08FFh \
  -ABANK9=0900h-09FFh -ABANK10=0A00h-0AFFh -ABANK11=0B00h-0BFFh \
  -ABANK12=0C00h-0CFFh -ABANK13=0D00h-0DFFh -ABANK14=0E00h-0E40h \
  -ASFR=0E41h-0EFFh,0F00h-0F5Fh,0F60h-0FFFh -ACONFIG=0300000h-030000Dh \
  -AIDLOC=0200000h-0200007h -AEEDATA=0F00000h-0F003FFh -peeprom_data=EEDATA \
  -preset_vec=00h,intcode,intcodelo,powerup,init -pramtop=0F00h \
  -psmallconst=SMALLCONST -pmediumconst=MEDIUMCONST -pconst=CONST \
  -AFARRAM=00h-00h \
  -prdata=COMRAM,nvrram=COMRAM,nvbit=COMRAM,rbss=COMRAM,rbit=COMRAM \
  -pfarbss=FARRAM,fardata=FARRAM,nvFARRAM=FARRAM \
  -pintsave_regs=BIGRAM,bigbss=BIGRAM,bigdata=BIGRAM -pbss=RAM \
  -pidata=CODE,irdata=CODE,ibigdata=CODE,ifardata=CODE -prparam=COMRAM \
  C:\Users\D1NG0\AppData\Local\Temp\xcAsc2c.o \
  dist/default/production\PIC18F26K80_OLED-main.production.o 

Object code version is 3.11

Machine type is 18F26K80



                Name                               Link     Load   Length Selector   Space Scale
C:\Users\D1NG0\AppData\Local\Temp\xcAsc2c.o
                idloc                            200000   200000        8        0       5
                config                           300000   300000        E        0       4
                init                                  0        0        4        0       0
dist/default/production\PIC18F26K80_OLED-main.production.o
                idloc                            200000   200000        8        0       5
                config                           300000   300000        E        0       4
                mediumconst                        FD2E     FD2E      2D2     7E97       0
                text101                            C1FE     C1FE       26     60FF       0
                text100                            C3AC     C3AC       36     61D6       0
                text99                             C008     C008        8     6004       0
                text98                             C010     C010        8     6008       0
                text97                             C018     C018        8     600C       0
                text96                             C068     C068        A     6034       0
                text95                             DFDA     DFDA      39A     6FED       0
                text94                             E374     E374      42A     71BA       0
                text93                             DA44     DA44      1B4     6D22       0
                text92                             D49C     D49C      102     6A4E       0
                text91                             C0E2     C0E2       14     6071       0
                text90                             CC14     CC14       A4     660A       0
                text89                             C6CC     C6CC       5C     6366       0
                text88                             BFD0     BFD0        4     5FE8       0
                text87                             BFD4     BFD4        4     5FEA       0
                text86                             BFD8     BFD8        4     5FEC       0
                text85                             C272     C272       2C     6139       0
                text84                             BFDC     BFDC        4     5FEE       0
                text83                             BFE0     BFE0        4     5FF0       0
                text82                             BFE4     BFE4        4     5FF2       0
                text81                             C1DA     C1DA       24     60ED       0
                text80                             C9F2     C9F2       7A     64F9       0
                text79                             C10A     C10A       18     6085       0
                text78                             C29E     C29E       2C     614F       0
                text77                             C2CA     C2CA       2C     6165       0
                text76                             C2F6     C2F6       2C     617B       0
                text75                             C322     C322       2C     6191       0
                text74                             C4C0     C4C0       40     6260       0
                text73                             BFE8     BFE8        4     5FF4       0
                text72                             BFEC     BFEC        4     5FF6       0
                text71                             BFF0     BFF0        4     5FF8       0
                text70                             BFFC     BFFC        6     5FFE       0
                text69                             BFF4     BFF4        4     5FFA       0
                text68                             C002     C002        6     6001       0
                text67                             C020     C020        8     6010       0
                text66                             C0F6     C0F6       14     607B       0
                text65                             BFF8     BFF8        4     5FFC       0
                text64                             CA6C     CA6C       7C     6536       0
                text63                             C07C     C07C        C     603E       0
                text62                             C0A0     C0A0       10     6050       0
                text61                             C0B0     C0B0       10     6058       0
                text60                             CEB8     CEB8       C4     675C       0
                text59                             CCB8     CCB8       A6     665C       0
                text58                             C088     C088        C     6044       0
                text57                             C028     C028        8     6014       0
                text56                             C030     C030        8     6018       0
                text55                             C038     C038        8     601C       0
                text54                             C040     C040        8     6020       0
                text53                             C048     C048        8     6024       0
                text52                             C050     C050        8     6028       0
                text51                             C058     C058        8     602C       0
                text50                             C094     C094        C     604A       0
                text49                             C8AC     C8AC       66     6456       0
                text48                             C912     C912       70     6489       0
                text47                             C0C0     C0C0       10     6060       0
                text46                             C156     C156       1E     60AB       0
                text45                             C500     C500       44     6280       0
                text44                             C060     C060        8     6030       0
                text43                             C174     C174       22     60BA       0
                text42                             CAE8     CAE8       8E     6574       0
                text41                             C122     C122       18     6091       0
                text40                             C672     C672       5A     6339       0
                text39                             C196     C196       22     60CB       0
                text38                             C34E     C34E       2C     61A7       0
                text37                             C1B8     C1B8       22     60DC       0
                text36                             CB76     CB76       9E     65BB       0
                text35                             C13A     C13A       1C     609D       0
                text34                             C982     C982       70     64C1       0
                text33                             C7E6     C7E6       62     63F3       0
                text32                             C224     C224       26     6112       0
                text31                             D2AC     D2AC       F2     6956       0
                text30                             C0D0     C0D0       12     6068       0
                text29                             C24A     C24A       28     6125       0
                text28                             C072     C072        A     6039       0
                text27                             D59E     D59E      102     6ACF       0
                text26                             C418     C418       38     620C       0
                text25                             C5CE     C5CE       52     62E7       0
                text24                             D8AA     D8AA      19A     6C55       0
                text23                             CF7C     CF7C       C4     67BE       0
                text22                             CE08     CE08       B0     6704       0
                text21                             CD5E     CD5E       AA     66AF       0
                text20                             D6A0     D6A0      104     6B50       0
                text19                             C450     C450       38     6228       0
                text18                             EC16     EC16      4C0     760B       0
                text17                             C588     C588       46     62C4       0
                text16                             D7A4     D7A4      106     6BD2       0
                text15                             D39E     D39E       FE     69CF       0
                text14                             DDC8     DDC8      212     6EE4       0
                text13                             BFCE     BFCE        2     5FE7       0
                text12                             D106     D106       CA     6883       0
                text11                             C544     C544       44     62A2       0
                text10                             C3E2     C3E2       36     61F1       0
                text9                              D040     D040       C6     6820       0
                text8                              C728     C728       5E     6394       0
                text7                              C488     C488       38     6244       0
                text6                              C786     C786       60     63C3       0
                text5                              F0D6     F0D6      C58     786B       0
                text4                              D1D0     D1D0       DC     68E8       0
                text3                              E79E     E79E      478     73CF       0
                text2                              C848     C848       64     6424       0
                text1                              C620     C620       52     6310       0
                text0                              DBF8     DBF8      1D0     6DFC       0
                cstackCOMRAM                          1        1       5F        1       1
                cstackBANK0                          60       60       4E       60       1
                bssBIGRAM                           1C4      1C4      800      1C4       1
                bssBANK1                            100      100       C4      100       1
                bssBANK0                             AE       AE       41       60       1
                cinit                              C37A     C37A       32     61BD       0

TOTAL           Name                               Link     Load   Length     Space
        CLASS   STACK          

        CLASS   CODE           
                init                                  0        0        4         0
                text101                            C1FE     C1FE       26         0
                text100                            C3AC     C3AC       36         0
                text99                             C008     C008        8         0
                text98                             C010     C010        8         0
                text97                             C018     C018        8         0
                text96                             C068     C068        A         0
                text95                             DFDA     DFDA      39A         0
                text94                             E374     E374      42A         0
                text93                             DA44     DA44      1B4         0
                text92                             D49C     D49C      102         0
                text91                             C0E2     C0E2       14         0
                text90                             CC14     CC14       A4         0
                text89                             C6CC     C6CC       5C         0
                text88                             BFD0     BFD0        4         0
                text87                             BFD4     BFD4        4         0
                text86                             BFD8     BFD8        4         0
                text85                             C272     C272       2C         0
                text84                             BFDC     BFDC        4         0
                text83                             BFE0     BFE0        4         0
                text82                             BFE4     BFE4        4         0
                text81                             C1DA     C1DA       24         0
                text80                             C9F2     C9F2       7A         0
                text79                             C10A     C10A       18         0
                text78                             C29E     C29E       2C         0
                text77                             C2CA     C2CA       2C         0
                text76                             C2F6     C2F6       2C         0
                text75                             C322     C322       2C         0
                text74                             C4C0     C4C0       40         0
                text73                             BFE8     BFE8        4         0
                text72                             BFEC     BFEC        4         0
                text71                             BFF0     BFF0        4         0
                text70                             BFFC     BFFC        6         0
                text69                             BFF4     BFF4        4         0
                text68                             C002     C002        6         0
                text67                             C020     C020        8         0
                text66                             C0F6     C0F6       14         0
                text65                             BFF8     BFF8        4         0
                text64                             CA6C     CA6C       7C         0
                text63                             C07C     C07C        C         0
                text62                             C0A0     C0A0       10         0
                text61                             C0B0     C0B0       10         0
                text60                             CEB8     CEB8       C4         0
                text59                             CCB8     CCB8       A6         0
                text58                             C088     C088        C         0
                text57                             C028     C028        8         0
                text56                             C030     C030        8         0
                text55                             C038     C038        8         0
                text54                             C040     C040        8         0
                text53                             C048     C048        8         0
                text52                             C050     C050        8         0
                text51                             C058     C058        8         0
                text50                             C094     C094        C         0
                text49                             C8AC     C8AC       66         0
                text48                             C912     C912       70         0
                text47                             C0C0     C0C0       10         0
                text46                             C156     C156       1E         0
                text45                             C500     C500       44         0
                text44                             C060     C060        8         0
                text43                             C174     C174       22         0
                text42                             CAE8     CAE8       8E         0
                text41                             C122     C122       18         0
                text40                             C672     C672       5A         0
                text39                             C196     C196       22         0
                text38                             C34E     C34E       2C         0
                text37                             C1B8     C1B8       22         0
                text36                             CB76     CB76       9E         0
                text35                             C13A     C13A       1C         0
                text34                             C982     C982       70         0
                text33                             C7E6     C7E6       62         0
                text32                             C224     C224       26         0
                text31                             D2AC     D2AC       F2         0
                text30                             C0D0     C0D0       12         0
                text29                             C24A     C24A       28         0
                text28                             C072     C072        A         0
                text27                             D59E     D59E      102         0
                text26                             C418     C418       38         0
                text25                             C5CE     C5CE       52         0
                text24                             D8AA     D8AA      19A         0
                text23                             CF7C     CF7C       C4         0
                text22                             CE08     CE08       B0         0
                text21                             CD5E     CD5E       AA         0
                text20                             D6A0     D6A0      104         0
                text19                             C450     C450       38         0
                text18                             EC16     EC16      4C0         0
                text17                             C588     C588       46         0
                text16                             D7A4     D7A4      106         0
                text15                             D39E     D39E       FE         0
                text14                             DDC8     DDC8      212         0
                text13                             BFCE     BFCE        2         0
                text12                             D106     D106       CA         0
                text11                             C544     C544       44         0
                text10                             C3E2     C3E2       36         0
                text9                              D040     D040       C6         0
                text8                              C728     C728       5E         0
                text7                              C488     C488       38         0
                text6                              C786     C786       60         0
                text5                              F0D6     F0D6      C58         0
                text4                              D1D0     D1D0       DC         0
                text3                              E79E     E79E      478         0
                text2                              C848     C848       64         0
                text1                              C620     C620       52         0
                text0                              DBF8     DBF8      1D0         0
                cinit                              C37A     C37A       32         0

        CLASS   CONST          

        CLASS   SMALLCONST     

        CLASS   MEDIUMCONST    
                mediumconst                        FD2E     FD2E      2D2         0

        CLASS   COMRAM         
                cstackCOMRAM                          1        1       5F         1

        CLASS   ABS1           

        CLASS   BIGRAM         
                bssBIGRAM                           1C4      1C4      800         1

        CLASS   RAM            

        CLASS   BANK0          
                cstackBANK0                          60       60       4E         1
                bssBANK0                             AE       AE       41         1

        CLASS   BANK1          
                bssBANK1                            100      100       C4         1

        CLASS   BANK2          

        CLASS   BANK3          

        CLASS   BANK4          

        CLASS   BANK5          

        CLASS   BANK6          

        CLASS   BANK7          

        CLASS   BANK8          

        CLASS   BANK9          

        CLASS   BANK10         

        CLASS   BANK11         

        CLASS   BANK12         

        CLASS   BANK13         

        CLASS   BANK14         

        CLASS   SFR            

        CLASS   CONFIG         
                config                           300000   300000        E         4

        CLASS   IDLOC          
                idloc                            200000   200000        8         5

        CLASS   EEDATA         

        CLASS   FARRAM         



SEGMENTS        Name                           Load    Length   Top    Selector   Space  Class

                reset_vec                      000000  000004  000004         0       0  CODE    
                cstackCOMRAM                   000001  00005F  000060         1       1  COMRAM  
                cstackBANK0                    000060  00008F  0000EF        60       1  BANK0   
                bssBANK1                       000100  0000C4  0001C4       100       1  BANK1   
                bssBIGRAM                      0001C4  000800  0009C4       1C4       1  BIGRAM  
                text13                         00BFCE  000002  00BFD0      5FE7       0  CODE    
                text88                         00BFD0  000004  00BFD4      5FE8       0  CODE    
                text87                         00BFD4  000004  00BFD8      5FEA       0  CODE    
                text86                         00BFD8  000004  00BFDC      5FEC       0  CODE    
                text84                         00BFDC  000004  00BFE0      5FEE       0  CODE    
                text83                         00BFE0  000004  00BFE4      5FF0       0  CODE    
                text82                         00BFE4  000004  00BFE8      5FF2       0  CODE    
                text73                         00BFE8  000004  00BFEC      5FF4       0  CODE    
                text72                         00BFEC  000004  00BFF0      5FF6       0  CODE    
                text71                         00BFF0  000004  00BFF4      5FF8       0  CODE    
                text69                         00BFF4  000004  00BFF8      5FFA       0  CODE    
                text65                         00BFF8  000004  00BFFC      5FFC       0  CODE    
                text70                         00BFFC  000006  00C002      5FFE       0  CODE    
                text68                         00C002  000006  00C008      6001       0  CODE    
                text99                         00C008  000008  00C010      6004       0  CODE    
                text98                         00C010  000008  00C018      6008       0  CODE    
                text97                         00C018  000008  00C020      600C       0  CODE    
                text67                         00C020  000008  00C028      6010       0  CODE    
                text57                         00C028  000008  00C030      6014       0  CODE    
                text56                         00C030  000008  00C038      6018       0  CODE    
                text55                         00C038  000008  00C040      601C       0  CODE    
                text54                         00C040  000008  00C048      6020       0  CODE    
                text53                         00C048  000008  00C050      6024       0  CODE    
                text52                         00C050  000008  00C058      6028       0  CODE    
                text51                         00C058  000008  00C060      602C       0  CODE    
                text44                         00C060  000008  00C068      6030       0  CODE    
                text96                         00C068  00000A  00C072      6034       0  CODE    
                text28                         00C072  00000A  00C07C      6039       0  CODE    
                text63                         00C07C  00000C  00C088      603E       0  CODE    
                text58                         00C088  00000C  00C094      6044       0  CODE    
                text50                         00C094  00000C  00C0A0      604A       0  CODE    
                text62                         00C0A0  000010  00C0B0      6050       0  CODE    
                text61                         00C0B0  000010  00C0C0      6058       0  CODE    
                text47                         00C0C0  000010  00C0D0      6060       0  CODE    
                text30                         00C0D0  000012  00C0E2      6068       0  CODE    
                text91                         00C0E2  000014  00C0F6      6071       0  CODE    
                text66                         00C0F6  000014  00C10A      607B       0  CODE    
                text79                         00C10A  000018  00C122      6085       0  CODE    
                text41                         00C122  000018  00C13A      6091       0  CODE    
                text35                         00C13A  00001C  00C156      609D       0  CODE    
                text46                         00C156  00001E  00C174      60AB       0  CODE    
                text43                         00C174  000022  00C196      60BA       0  CODE    
                text39                         00C196  000022  00C1B8      60CB       0  CODE    
                text37                         00C1B8  000022  00C1DA      60DC       0  CODE    
                text81                         00C1DA  000024  00C1FE      60ED       0  CODE    
                text101                        00C1FE  000026  00C224      60FF       0  CODE    
                text32                         00C224  000026  00C24A      6112       0  CODE    
                text29                         00C24A  000028  00C272      6125       0  CODE    
                text85                         00C272  00002C  00C29E      6139       0  CODE    
                text78                         00C29E  00002C  00C2CA      614F       0  CODE    
                text77                         00C2CA  00002C  00C2F6      6165       0  CODE    
                text76                         00C2F6  00002C  00C322      617B       0  CODE    
                text75                         00C322  00002C  00C34E      6191       0  CODE    
                text38                         00C34E  00002C  00C37A      61A7       0  CODE    
                cinit                          00C37A  000032  00C3AC      61BD       0  CODE    
                text100                        00C3AC  000036  00C3E2      61D6       0  CODE    
                text10                         00C3E2  000036  00C418      61F1       0  CODE    
                text26                         00C418  000038  00C450      620C       0  CODE    
                text19                         00C450  000038  00C488      6228       0  CODE    
                text7                          00C488  000038  00C4C0      6244       0  CODE    
                text74                         00C4C0  000040  00C500      6260       0  CODE    
                text45                         00C500  000044  00C544      6280       0  CODE    
                text11                         00C544  000044  00C588      62A2       0  CODE    
                text17                         00C588  000046  00C5CE      62C4       0  CODE    
                text25                         00C5CE  000052  00C620      62E7       0  CODE    
                text1                          00C620  000052  00C672      6310       0  CODE    
                text40                         00C672  00005A  00C6CC      6339       0  CODE    
                text89                         00C6CC  00005C  00C728      6366       0  CODE    
                text8                          00C728  00005E  00C786      6394       0  CODE    
                text6                          00C786  000060  00C7E6      63C3       0  CODE    
                text33                         00C7E6  000062  00C848      63F3       0  CODE    
                text2                          00C848  000064  00C8AC      6424       0  CODE    
                text49                         00C8AC  000066  00C912      6456       0  CODE    
                text48                         00C912  000070  00C982      6489       0  CODE    
                text34                         00C982  000070  00C9F2      64C1       0  CODE    
                text80                         00C9F2  00007A  00CA6C      64F9       0  CODE    
                text64                         00CA6C  00007C  00CAE8      6536       0  CODE    
                text42                         00CAE8  00008E  00CB76      6574       0  CODE    
                text36                         00CB76  00009E  00CC14      65BB       0  CODE    
                text90                         00CC14  0000A4  00CCB8      660A       0  CODE    
                text59                         00CCB8  0000A6  00CD5E      665C       0  CODE    
                text21                         00CD5E  0000AA  00CE08      66AF       0  CODE    
                text22                         00CE08  0000B0  00CEB8      6704       0  CODE    
                text60                         00CEB8  0000C4  00CF7C      675C       0  CODE    
                text23                         00CF7C  0000C4  00D040      67BE       0  CODE    
                text9                          00D040  0000C6  00D106      6820       0  CODE    
                text12                         00D106  0000CA  00D1D0      6883       0  CODE    
                text4                          00D1D0  0000DC  00D2AC      68E8       0  CODE    
                text31                         00D2AC  0000F2  00D39E      6956       0  CODE    
                text15                         00D39E  0000FE  00D49C      69CF       0  CODE    
                text92                         00D49C  000102  00D59E      6A4E       0  CODE    
                text27                         00D59E  000102  00D6A0      6ACF       0  CODE    
                text20                         00D6A0  000104  00D7A4      6B50       0  CODE    
                text16                         00D7A4  000106  00D8AA      6BD2       0  CODE    
                text24                         00D8AA  00019A  00DA44      6C55       0  CODE    
                text93                         00DA44  0001B4  00DBF8      6D22       0  CODE    
                text0                          00DBF8  0001D0  00DDC8      6DFC       0  CODE    
                text14                         00DDC8  000212  00DFDA      6EE4       0  CODE    
                text95                         00DFDA  00039A  00E374      6FED       0  CODE    
                text94                         00E374  00042A  00E79E      71BA       0  CODE    
                text3                          00E79E  000478  00EC16      73CF       0  CODE    
                text18                         00EC16  0004C0  00F0D6      760B       0  CODE    
                text5                          00F0D6  000C58  00FD2E      786B       0  CODE    
                mediumconst                    00FD2E  0002D2  010000      7E97       0  MEDIUMCO


UNUSED ADDRESS RANGES

        Name                Unused          Largest block    Delta
        BANK0            0000EF-0000FF               11
        BANK10           000A00-000AFF              100
        BANK11           000B00-000BFF              100
        BANK12           000C00-000CFF              100
        BANK13           000D00-000DFF              100
        BANK14           000E00-000E40               41
        BANK9            0009C4-0009FF               3C
        BIGRAM           0000EF-0000FF               11
                         0009C4-000E40              47D
        CODE             000004-00BFCD             BFCA
        CONST            000004-00BFCD             BFCA
        EEDATA           F00000-F003FF              400
        MEDIUMCONST      000F00-00BFCD             B0CE
        RAM              0000EF-0000FF               11
                         0009C4-000E40              100
        SFR              000E41-000FFF               BF
        SMALLCONST       000F00-00BFCD              100
        STACK            0009C4-000E40              47D

                                  Symbol Table

?_Current_ReadRegister                cstackCOMRAM 00002E
?_I2C_Master_Read                     cstackCOMRAM 000002
?_Power_ReadRegister                  cstackCOMRAM 00001A
?_Voltage_ReadRegister                cstackCOMRAM 00002E
?___awdiv                             cstackCOMRAM 000001
?___awmod                             cstackCOMRAM 000001
?___fladd                             cstackCOMRAM 000001
?___fldiv                             cstackCOMRAM 000001
?___flmul                             cstackCOMRAM 000015
?___flneg                             cstackCOMRAM 000001
?___flsub                             cstackCOMRAM 00002E
?___fltol                             cstackCOMRAM 000001
?___fpclassifyf                       cstackCOMRAM 000001
?___lldiv                             cstackCOMRAM 000001
?___wmul                              cstackCOMRAM 000001
?___xxtofl                            cstackCOMRAM 000007
?_atoi                                cstackCOMRAM 000008
?_efgtoa                              cstackCOMRAM 00003A
?_floorf                              cstackCOMRAM 00001A
?_isdigit                             cstackCOMRAM 000001
?_isspace                             cstackCOMRAM 000001
?_isupper                             cstackCOMRAM 000001
?_pad                                 cstackCOMRAM 000011
?_sprintf                             cstackBANK0  00009E
?_strlen                              cstackCOMRAM 000001
?_strncmp                             cstackCOMRAM 000001
?_tolower                             cstackCOMRAM 000007
?_vfpfcnvrt                           cstackCOMRAM 000046
?_vfprintf                            cstackBANK0  000098
Current_ReadRegister@temp_c           cstackCOMRAM 000036
Current_ReadRegister@temp_d           cstackCOMRAM 000034
I2C_CallbackReturnReset@funPtr        cstackCOMRAM 00000A
I2C_Close@returnValue                 cstackCOMRAM 000001
I2C_MasterOperation@read              cstackCOMRAM 000010
I2C_MasterOperation@returnValue       cstackCOMRAM 000011
I2C_MasterSendTxData@data             cstackCOMRAM 000001
I2C_Master_Init@c                     cstackCOMRAM 00000E
I2C_Master_Read@a                     cstackCOMRAM 000002
I2C_Master_Read@temp                  cstackCOMRAM 000004
I2C_Master_Write@d                    cstackCOMRAM 000002
I2C_Open@address                      cstackCOMRAM 000001
I2C_Open@returnValue                  cstackCOMRAM 000002
I2C_SetAddressNackCallback@cb         cstackCOMRAM 000006
I2C_SetAddressNackCallback@ptr        cstackCOMRAM 000008
I2C_SetBuffer@buffer                  cstackCOMRAM 000001
I2C_SetBuffer@bufferSize              cstackCOMRAM 000003
I2C_SetCallback@cb                    cstackCOMRAM 000001
I2C_SetCallback@idx                   cstackCOMRAM 000005
I2C_SetCallback@ptr                   cstackCOMRAM 000003
I2C_SetDataCompleteCallback@cb        cstackCOMRAM 000006
I2C_SetDataCompleteCallback@ptr       cstackCOMRAM 000008
I2C_WriteNBytes@address               cstackCOMRAM 000016
I2C_WriteNBytes@data                  cstackCOMRAM 000012
I2C_WriteNBytes@len                   cstackCOMRAM 000014
Oled_Clear@i                          cstackCOMRAM 00001A
Oled_Command@command                  cstackCOMRAM 000017
Oled_Command@data_I2C                 cstackCOMRAM 000018
Oled_Data@data_I2C                    cstackCOMRAM 000018
Oled_Data@value                       cstackCOMRAM 000017
Oled_SelectPage@Result                cstackCOMRAM 00001B
Oled_SelectPage@page_num              cstackCOMRAM 00001A
Oled_WriteCharacter@character         cstackCOMRAM 00001E
Oled_WriteCharacter@i                 cstackCOMRAM 00001F
Oled_WriteString@characters           cstackCOMRAM 000021
Power_ReadRegister@temp_e             cstackCOMRAM 000022
Power_ReadRegister@temp_f             cstackCOMRAM 000020
Voltage_ReadRegister@temp_a           cstackCOMRAM 000036
Voltage_ReadRegister@temp_b           cstackCOMRAM 000034
_ACKDT                                (abs)        007E2D
_ACKEN                                (abs)        007E2C
_ANCON0                               (abs)        000F5D
_ANCON1                               (abs)        000F5C
_ASCII                                mediumconst  00FDCF
_BAUDCON1                             (abs)        000FA7
_Current                              bssBANK0     0000C6
_Current_ReadRegister                 text92       00D49C
_EEADR                                (abs)        000F74
_EEADRH                               (abs)        000F75
_EECON1bits                           (abs)        000F7F
_EECON2                               (abs)        000F7E
_EEDATA                               (abs)        000F73
_EUSART1_DefaultErrorHandler          (abs)        000000
_EUSART1_DefaultFramingErrorHandler   (abs)        000000
_EUSART1_DefaultOverrunErrorHandler   (abs)        000000
_EUSART1_ErrorHandler                 bssBANK0     0000D6
_EUSART1_FramingErrorHandler          bssBANK0     0000DA
_EUSART1_OverrunErrorHandler          bssBANK0     0000D8
_I2C_CallbackReturnReset              text72       00BFEC
_I2C_CallbackReturnStop               text73       00BFE8
_I2C_Close                            text85       00C272
_I2C_DO_ADDRESS_NACK                  text49       00C8AC
_I2C_DO_IDLE                          text63       00C07C
_I2C_DO_RCEN                          text58       00C088
_I2C_DO_RESET                         text50       00C094
_I2C_DO_RX                            text59       00CCB8
_I2C_DO_RX_ACK                        text53       00C048
_I2C_DO_RX_NACK_RESTART               text51       00C058
_I2C_DO_RX_NACK_STOP                  text52       00C050
_I2C_DO_SEND_ADR_READ                 text62       00C0A0
_I2C_DO_SEND_ADR_WRITE                text61       00C0B0
_I2C_DO_SEND_RESTART                  text55       00C038
_I2C_DO_SEND_RESTART_READ             text57       00C028
_I2C_DO_SEND_RESTART_WRITE            text56       00C030
_I2C_DO_SEND_STOP                     text54       00C040
_I2C_DO_TX                            text60       00CEB8
_I2C_DO_TX_EMPTY                      text64       00CA6C
_I2C_Initialize                       text91       00C0E2
_I2C_MasterClearIrq                   text88       00BFD0
_I2C_MasterClose                      text87       00BFD4
_I2C_MasterDisableIrq                 text86       00BFD8
_I2C_MasterEnableRestart              text83       00BFE0
_I2C_MasterFsm                        text48       00C912
_I2C_MasterGetRxData                  text69       00BFF4
_I2C_MasterIsNack                     text66       00C0F6
_I2C_MasterOpen                       text43       00C174
_I2C_MasterOperation                  text45       00C500
_I2C_MasterSendAck                    text68       00C002
_I2C_MasterSendNack                   text70       00BFFC
_I2C_MasterSendTxData                 text67       00C020
_I2C_MasterSetIrq                     text65       00BFF8
_I2C_MasterStart                      text84       00BFDC
_I2C_MasterStartRx                    text71       00BFF0
_I2C_MasterStop                       text82       00BFE4
_I2C_MasterWaitForEvent               text47       00C0C0
_I2C_MasterWrite                      text44       00C060
_I2C_Master_Init                      text89       00C6CC
_I2C_Master_Read                      text100      00C3AC
_I2C_Master_RepeatedStart             text99       00C008
_I2C_Master_Start                     text98       00C010
_I2C_Master_Stop                      text97       00C018
_I2C_Master_Wait                      text101      00C1FE
_I2C_Master_Write                     text96       00C068
_I2C_Open                             text42       00CAE8
_I2C_Poller                           text46       00C156
_I2C_SetAddressNackCallback           text41       00C122
_I2C_SetBuffer                        text81       00C1DA
_I2C_SetCallback                      text80       00C9F2
_I2C_SetDataCompleteCallback          text79       00C10A
_I2C_Status                           bssBANK1     000150
_I2C_WriteNBytes                      text40       00C672
_INTCON2bits                          (abs)        000FF1
_INTCONbits                           (abs)        000FF2
_LATA                                 (abs)        000F89
_LATB                                 (abs)        000F8A
_LATC                                 (abs)        000F8B
_OSCCON                               (abs)        000FD3
_OSCCON2                              (abs)        000FD2
_OSCILLATOR_Initialize                text30       00C0D0
_OSCTUNE                              (abs)        000F9B
_Oled_Clear                           text38       00C34E
_Oled_Command                         text37       00C1B8
_Oled_Data                            text39       00C196
_Oled_Init                            text36       00CB76
_Oled_SelectPage                      text35       00C13A
_Oled_WriteCharacter                  text34       00C982
_Oled_WriteString                     text33       00C7E6
_PEN                                  (abs)        007E2A
_PIE1bits                             (abs)        000F9D
_PIN_MANAGER_Initialize               text29       00C24A
_PIR1bits                             (abs)        000F9E
_PIR2bits                             (abs)        000FA1
_PIR4bits                             (abs)        000FB7
_Power                                bssBANK0     0000C2
_Power_ReadRegister                   text31       00D2AC
_RCEN                                 (abs)        007E2B
_RCREG1                               (abs)        000FAE
_RCSTA1                               (abs)        000FAB
_RCSTA1bits                           (abs)        000FAB
_REFOCON                              (abs)        000F9A
_RSEN                                 (abs)        007E29
_SEN                                  (abs)        007E28
_SPBRG1                               (abs)        000FAF
_SPBRGH1                              (abs)        000F7D
_SSD1306_Buffer                       bssBIGRAM    0005C4
_SSPADD                               (abs)        000FC8
_SSPBUF                               (abs)        000FC9
_SSPCON1                              (abs)        000FC6
_SSPCON1bits                          (abs)        000FC6
_SSPCON2                              (abs)        000FC5
_SSPCON2bits                          (abs)        000FC5
_SSPSTAT                              (abs)        000FC7
_SSPSTATbits                          (abs)        000FC7
_SYSTEM_Initialize                    text28       00C072
_TABLAT                               (abs)        000FF5
_TBLPTRH                              (abs)        000FF7
_TBLPTRL                              (abs)        000FF6
_TBLPTRU                              (abs)        000FF8
_TRISA                                (abs)        000F92
_TRISB                                (abs)        000F93
_TRISC                                (abs)        000F94
_TRISC3                               (abs)        007CA3
_TRISC4                               (abs)        007CA4
_TXREG1                               (abs)        000FAD
_TXSTA1                               (abs)        000FAC
_TXSTA1bits                           (abs)        000FAC
_Voltage                              bssBANK0     0000CA
_Voltage_ReadRegister                 text27       00D59E
_WPUB                                 (abs)        000F5B
__HRAM                                (abs)        000000
__Habs1                               abs1         000000
__Hbank0                              bank0        000000
__Hbank1                              bank1        000000
__Hbank10                             bank10       000000
__Hbank11                             bank11       000000
__Hbank12                             bank12       000000
__Hbank13                             bank13       000000
__Hbank14                             bank14       000000
__Hbank2                              bank2        000000
__Hbank3                              bank3        000000
__Hbank4                              bank4        000000
__Hbank5                              bank5        000000
__Hbank6                              bank6        000000
__Hbank7                              bank7        000000
__Hbank8                              bank8        000000
__Hbank9                              bank9        000000
__Hbigbss                             bigbss       000000
__Hbigdata                            bigdata      000000
__Hbigram                             bigram       000000
__Hbss                                bss          000000
__HbssBANK0                           bssBANK0     000000
__HbssBANK1                           bssBANK1     000000
__HbssBIGRAM                          bssBIGRAM    000000
__Hcinit                              cinit        000000
__Hclrtext                            clrtext      000000
__Hcomram                             comram       000000
__Hconfig                             config       30000E
__Hconst                              const        000000
__HcstackBANK0                        cstackBANK0  000000
__HcstackCOMRAM                       cstackCOMRAM 000000
__Hdata                               data         000000
__Heeprom_data                        eeprom_data  000000
__Hfarbss                             farbss       000000
__Hfardata                            fardata      000000
__Hibigdata                           ibigdata     000000
__Hidata                              idata        000000
__Hidloc                              idloc        200008
__Hifardata                           ifardata     000000
__Hinit                               init         000004
__Hintcode                            intcode      000000
__Hintcode_body                       intcode_body 000000
__Hintcodelo                          intcodelo    000000
__Hintentry                           intentry     000000
__Hintret                             intret       000000
__Hintsave_regs                       intsave_regs 000000
__Hirdata                             irdata       000000
__Hmediumconst                        mediumconst  010000
__HnvFARRAM                           nvFARRAM     000000
__Hnvbit                              nvbit        000000
__Hnvrram                             nvrram       000000
__Hparam                              rparam       000000
__Hpowerup                            powerup      000000
__Hram                                ram          000000
__Hramtop                             ramtop       000F00
__Hrbit                               rbit         000000
__Hrbss                               rbss         000000
__Hrdata                              rdata        000000
__Hreset_vec                          reset_vec    000000
__Hrparam                             rparam       000000
__Hsfr                                sfr          000000
__Hsmallconst                         smallconst   000000
__Hspace_0                            (abs)        010000
__Hspace_1                            (abs)        0009C4
__Hspace_2                            (abs)        000000
__Hspace_4                            (abs)        60000E
__Hstack                              stack        000000
__Hstruct                             struct       000000
__Htemp                               temp         000000
__Htext                               text         000000
__Htext0                              text0        000000
__Htext1                              text1        000000
__Htext10                             text10       000000
__Htext100                            text100      000000
__Htext101                            text101      000000
__Htext102                            text102      000000
__Htext11                             text11       000000
__Htext12                             text12       000000
__Htext13                             text13       000000
__Htext14                             text14       000000
__Htext15                             text15       000000
__Htext16                             text16       000000
__Htext17                             text17       000000
__Htext18                             text18       000000
__Htext19                             text19       000000
__Htext2                              text2        000000
__Htext20                             text20       000000
__Htext21                             text21       000000
__Htext22                             text22       000000
__Htext23                             text23       000000
__Htext24                             text24       000000
__Htext25                             text25       000000
__Htext26                             text26       000000
__Htext27                             text27       000000
__Htext28                             text28       000000
__Htext29                             text29       000000
__Htext3                              text3        000000
__Htext30                             text30       000000
__Htext31                             text31       000000
__Htext32                             text32       000000
__Htext33                             text33       000000
__Htext34                             text34       000000
__Htext35                             text35       000000
__Htext36                             text36       000000
__Htext37                             text37       000000
__Htext38                             text38       000000
__Htext39                             text39       000000
__Htext4                              text4        000000
__Htext40                             text40       000000
__Htext41                             text41       000000
__Htext42                             text42       000000
__Htext43                             text43       000000
__Htext44                             text44       000000
__Htext45                             text45       000000
__Htext46                             text46       000000
__Htext47                             text47       000000
__Htext48                             text48       000000
__Htext49                             text49       000000
__Htext5                              text5        000000
__Htext50                             text50       000000
__Htext51                             text51       000000
__Htext52                             text52       000000
__Htext53                             text53       000000
__Htext54                             text54       000000
__Htext55                             text55       000000
__Htext56                             text56       000000
__Htext57                             text57       000000
__Htext58                             text58       000000
__Htext59                             text59       000000
__Htext6                              text6        000000
__Htext60                             text60       000000
__Htext61                             text61       000000
__Htext62                             text62       000000
__Htext63                             text63       000000
__Htext64                             text64       000000
__Htext65                             text65       000000
__Htext66                             text66       000000
__Htext67                             text67       000000
__Htext68                             text68       000000
__Htext69                             text69       000000
__Htext7                              text7        000000
__Htext70                             text70       000000
__Htext71                             text71       000000
__Htext72                             text72       000000
__Htext73                             text73       000000
__Htext74                             text74       000000
__Htext75                             text75       000000
__Htext76                             text76       000000
__Htext77                             text77       000000
__Htext78                             text78       000000
__Htext79                             text79       000000
__Htext8                              text8        000000
__Htext80                             text80       000000
__Htext81                             text81       000000
__Htext82                             text82       000000
__Htext83                             text83       000000
__Htext84                             text84       000000
__Htext85                             text85       000000
__Htext86                             text86       000000
__Htext87                             text87       000000
__Htext88                             text88       000000
__Htext89                             text89       000000
__Htext9                              text9        000000
__Htext90                             text90       000000
__Htext91                             text91       000000
__Htext92                             text92       000000
__Htext93                             text93       000000
__Htext94                             text94       000000
__Htext95                             text95       000000
__Htext96                             text96       000000
__Htext97                             text97       000000
__Htext98                             text98       000000
__Htext99                             text99       000000
__LRAM                                (abs)        000001
__Labs1                               abs1         000000
__Lbank0                              bank0        000000
__Lbank1                              bank1        000000
__Lbank10                             bank10       000000
__Lbank11                             bank11       000000
__Lbank12                             bank12       000000
__Lbank13                             bank13       000000
__Lbank14                             bank14       000000
__Lbank2                              bank2        000000
__Lbank3                              bank3        000000
__Lbank4                              bank4        000000
__Lbank5                              bank5        000000
__Lbank6                              bank6        000000
__Lbank7                              bank7        000000
__Lbank8                              bank8        000000
__Lbank9                              bank9        000000
__Lbigbss                             bigbss       000000
__Lbigdata                            bigdata      000000
__Lbigram                             bigram       000000
__Lbss                                bss          000000
__LbssBANK0                           bssBANK0     000000
__LbssBANK1                           bssBANK1     000000
__LbssBIGRAM                          bssBIGRAM    000000
__Lcinit                              cinit        000000
__Lclrtext                            clrtext      000000
__Lcomram                             comram       000000
__Lconfig                             config       000000
__Lconst                              const        000000
__LcstackBANK0                        cstackBANK0  000000
__LcstackCOMRAM                       cstackCOMRAM 000000
__Ldata                               data         000000
__Leeprom_data                        eeprom_data  000000
__Lfarbss                             farbss       000000
__Lfardata                            fardata      000000
__Libigdata                           ibigdata     000000
__Lidata                              idata        000000
__Lidloc                              idloc        000000
__Lifardata                           ifardata     000000
__Linit                               init         000000
__Lintcode                            intcode      000000
__Lintcode_body                       intcode_body 000000
__Lintcodelo                          intcodelo    000000
__Lintentry                           intentry     000000
__Lintret                             intret       000000
__Lintsave_regs                       intsave_regs 000000
__Lirdata                             irdata       000000
__Lmediumconst                        mediumconst  00FD2E
__LnvFARRAM                           nvFARRAM     000000
__Lnvbit                              nvbit        000000
__Lnvrram                             nvrram       000000
__Lparam                              rparam       000000
__Lpowerup                            powerup      000000
__Lram                                ram          000000
__Lramtop                             ramtop       000F00
__Lrbit                               rbit         000000
__Lrbss                               rbss         000000
__Lrdata                              rdata        000000
__Lreset_vec                          reset_vec    000000
__Lrparam                             rparam       000000
__Lsfr                                sfr          000000
__Lsmallconst                         smallconst   000000
__Lspace_0                            (abs)        000000
__Lspace_1                            (abs)        000000
__Lspace_2                            (abs)        000000
__Lspace_4                            (abs)        000000
__Lstack                              stack        000000
__Lstruct                             struct       000000
__Ltemp                               temp         000000
__Ltext                               text         000000
__Ltext0                              text0        000000
__Ltext1                              text1        000000
__Ltext10                             text10       000000
__Ltext100                            text100      000000
__Ltext101                            text101      000000
__Ltext102                            text102      000000
__Ltext11                             text11       000000
__Ltext12                             text12       000000
__Ltext13                             text13       000000
__Ltext14                             text14       000000
__Ltext15                             text15       000000
__Ltext16                             text16       000000
__Ltext17                             text17       000000
__Ltext18                             text18       000000
__Ltext19                             text19       000000
__Ltext2                              text2        000000
__Ltext20                             text20       000000
__Ltext21                             text21       000000
__Ltext22                             text22       000000
__Ltext23                             text23       000000
__Ltext24                             text24       000000
__Ltext25                             text25       000000
__Ltext26                             text26       000000
__Ltext27                             text27       000000
__Ltext28                             text28       000000
__Ltext29                             text29       000000
__Ltext3                              text3        000000
__Ltext30                             text30       000000
__Ltext31                             text31       000000
__Ltext32                             text32       000000
__Ltext33                             text33       000000
__Ltext34                             text34       000000
__Ltext35                             text35       000000
__Ltext36                             text36       000000
__Ltext37                             text37       000000
__Ltext38                             text38       000000
__Ltext39                             text39       000000
__Ltext4                              text4        000000
__Ltext40                             text40       000000
__Ltext41                             text41       000000
__Ltext42                             text42       000000
__Ltext43                             text43       000000
__Ltext44                             text44       000000
__Ltext45                             text45       000000
__Ltext46                             text46       000000
__Ltext47                             text47       000000
__Ltext48                             text48       000000
__Ltext49                             text49       000000
__Ltext5                              text5        000000
__Ltext50                             text50       000000
__Ltext51                             text51       000000
__Ltext52                             text52       000000
__Ltext53                             text53       000000
__Ltext54                             text54       000000
__Ltext55                             text55       000000
__Ltext56                             text56       000000
__Ltext57                             text57       000000
__Ltext58                             text58       000000
__Ltext59                             text59       000000
__Ltext6                              text6        000000
__Ltext60                             text60       000000
__Ltext61                             text61       000000
__Ltext62                             text62       000000
__Ltext63                             text63       000000
__Ltext64                             text64       000000
__Ltext65                             text65       000000
__Ltext66                             text66       000000
__Ltext67                             text67       000000
__Ltext68                             text68       000000
__Ltext69                             text69       000000
__Ltext7                              text7        000000
__Ltext70                             text70       000000
__Ltext71                             text71       000000
__Ltext72                             text72       000000
__Ltext73                             text73       000000
__Ltext74                             text74       000000
__Ltext75                             text75       000000
__Ltext76                             text76       000000
__Ltext77                             text77       000000
__Ltext78                             text78       000000
__Ltext79                             text79       000000
__Ltext8                              text8        000000
__Ltext80                             text80       000000
__Ltext81                             text81       000000
__Ltext82                             text82       000000
__Ltext83                             text83       000000
__Ltext84                             text84       000000
__Ltext85                             text85       000000
__Ltext86                             text86       000000
__Ltext87                             text87       000000
__Ltext88                             text88       000000
__Ltext89                             text89       000000
__Ltext9                              text9        000000
__Ltext90                             text90       000000
__Ltext91                             text91       000000
__Ltext92                             text92       000000
__Ltext93                             text93       000000
__Ltext94                             text94       000000
__Ltext95                             text95       000000
__Ltext96                             text96       000000
__Ltext97                             text97       000000
__Ltext98                             text98       000000
__Ltext99                             text99       000000
__S0                                  (abs)        010000
__S1                                  (abs)        0009C4
__S2                                  (abs)        000000
__S4                                  (abs)        000000
__S5                                  (abs)        000000
___awdiv                              text23       00CF7C
___awdiv@counter                      cstackCOMRAM 000005
___awdiv@dividend                     cstackCOMRAM 000001
___awdiv@divisor                      cstackCOMRAM 000003
___awdiv@quotient                     cstackCOMRAM 000007
___awdiv@sign                         cstackCOMRAM 000006
___awmod                              text22       00CE08
___awmod@counter                      cstackCOMRAM 000005
___awmod@dividend                     cstackCOMRAM 000001
___awmod@divisor                      cstackCOMRAM 000003
___awmod@sign                         cstackCOMRAM 000006
___fladd                              text18       00EC16
___fladd@a                            cstackCOMRAM 000005
___fladd@aexp                         cstackCOMRAM 00000E
___fladd@b                            cstackCOMRAM 000001
___fladd@bexp                         cstackCOMRAM 00000F
___fladd@grs                          cstackCOMRAM 000010
___fladd@signs                        cstackCOMRAM 00000D
___fldiv                              text95       00DFDA
___fldiv@a                            cstackCOMRAM 000005
___fldiv@aexp                         cstackCOMRAM 000019
___fldiv@b                            cstackCOMRAM 000001
___fldiv@bexp                         cstackCOMRAM 000018
___fldiv@grs                          cstackCOMRAM 000014
___fldiv@new_exp                      cstackCOMRAM 000012
___fldiv@rem                          cstackCOMRAM 00000D
___fldiv@sign                         cstackCOMRAM 000011
___fleq                               text21       00CD5E
___fleq@ff1                           cstackCOMRAM 000001
___fleq@ff2                           cstackCOMRAM 000005
___flge                               text20       00D6A0
___flge@ff1                           cstackCOMRAM 00002E
___flge@ff2                           cstackCOMRAM 000032
___flmul                              text94       00E374
___flmul@a                            cstackCOMRAM 000019
___flmul@aexp                         cstackCOMRAM 000026
___flmul@b                            cstackCOMRAM 000015
___flmul@bexp                         cstackCOMRAM 000027
___flmul@grs                          cstackCOMRAM 000022
___flmul@prod                         cstackCOMRAM 000028
___flmul@sign                         cstackCOMRAM 000021
___flmul@temp                         cstackCOMRAM 00002C
___flneg                              text19       00C450
___flneg@f1                           cstackCOMRAM 000001
___flsub                              text17       00C588
___flsub@a                            cstackCOMRAM 000032
___flsub@b                            cstackCOMRAM 00002E
___fltol                              text16       00D7A4
___fltol@exp1                         cstackCOMRAM 00000A
___fltol@f1                           cstackCOMRAM 000001
___fltol@sign1                        cstackCOMRAM 000009
___fpclassifyf                        text15       00D39E
___fpclassifyf@F465                   bssBANK0     0000B2
___fpclassifyf@e                      cstackCOMRAM 000009
___fpclassifyf@u                      cstackCOMRAM 00000B
___fpclassifyf@x                      cstackCOMRAM 000001
___inthi_sp                           stack        000000
___intlo_sp                           stack        000000
___lldiv                              text90       00CC14
___lldiv@counter                      cstackCOMRAM 00000D
___lldiv@dividend                     cstackCOMRAM 000001
___lldiv@divisor                      cstackCOMRAM 000005
___lldiv@quotient                     cstackCOMRAM 000009
___param_bank                         (abs)        000000
___rparam_used                        (abs)        000001
___sp                                 stack        000000
___wmul                               text32       00C224
___wmul@multiplicand                  cstackCOMRAM 000003
___wmul@multiplier                    cstackCOMRAM 000001
___wmul@product                       cstackCOMRAM 000005
___xxtofl                             text93       00DA44
___xxtofl@arg                         cstackCOMRAM 000011
___xxtofl@exp                         cstackCOMRAM 000010
___xxtofl@sign                        cstackCOMRAM 00000F
___xxtofl@val                         cstackCOMRAM 000007
__accesstop                           (abs)        000060
__activetblptr                        (abs)        000003
__end_of_ASCII                        mediumconst  00FFAF
__end_of_Current_ReadRegister         text92       00D59E
__end_of_I2C_CallbackReturnReset      text72       00BFF0
__end_of_I2C_CallbackReturnStop       text73       00BFEC
__end_of_I2C_Close                    text85       00C29E
__end_of_I2C_DO_ADDRESS_NACK          text49       00C912
__end_of_I2C_DO_IDLE                  text63       00C088
__end_of_I2C_DO_RCEN                  text58       00C094
__end_of_I2C_DO_RESET                 text50       00C0A0
__end_of_I2C_DO_RX                    text59       00CD5E
__end_of_I2C_DO_RX_ACK                text53       00C050
__end_of_I2C_DO_RX_NACK_RESTART       text51       00C060
__end_of_I2C_DO_RX_NACK_STOP          text52       00C058
__end_of_I2C_DO_SEND_ADR_READ         text62       00C0B0
__end_of_I2C_DO_SEND_ADR_WRITE        text61       00C0C0
__end_of_I2C_DO_SEND_RESTART          text55       00C040
__end_of_I2C_DO_SEND_RESTART_READ     text57       00C030
__end_of_I2C_DO_SEND_RESTART_WRITE    text56       00C038
__end_of_I2C_DO_SEND_STOP             text54       00C048
__end_of_I2C_DO_TX                    text60       00CF7C
__end_of_I2C_DO_TX_EMPTY              text64       00CAE8
__end_of_I2C_Initialize               text91       00C0F6
__end_of_I2C_MasterClearIrq           text88       00BFD4
__end_of_I2C_MasterClose              text87       00BFD8
__end_of_I2C_MasterDisableIrq         text86       00BFDC
__end_of_I2C_MasterEnableRestart      text83       00BFE4
__end_of_I2C_MasterFsm                text48       00C982
__end_of_I2C_MasterGetRxData          text69       00BFF8
__end_of_I2C_MasterIsNack             text66       00C10A
__end_of_I2C_MasterOpen               text43       00C196
__end_of_I2C_MasterOperation          text45       00C544
__end_of_I2C_MasterSendAck            text68       00C008
__end_of_I2C_MasterSendNack           text70       00C002
__end_of_I2C_MasterSendTxData         text67       00C028
__end_of_I2C_MasterSetIrq             text65       00BFFC
__end_of_I2C_MasterStart              text84       00BFE0
__end_of_I2C_MasterStartRx            text71       00BFF4
__end_of_I2C_MasterStop               text82       00BFE8
__end_of_I2C_MasterWaitForEvent       text47       00C0D0
__end_of_I2C_MasterWrite              text44       00C068
__end_of_I2C_Master_Init              text89       00C728
__end_of_I2C_Master_Read              text100      00C3E2
__end_of_I2C_Master_RepeatedStart     text99       00C010
__end_of_I2C_Master_Start             text98       00C018
__end_of_I2C_Master_Stop              text97       00C020
__end_of_I2C_Master_Wait              text101      00C224
__end_of_I2C_Master_Write             text96       00C072
__end_of_I2C_Open                     text42       00CB76
__end_of_I2C_Poller                   text46       00C174
__end_of_I2C_SetAddressNackCallback   text41       00C13A
__end_of_I2C_SetBuffer                text81       00C1FE
__end_of_I2C_SetCallback              text80       00CA6C
__end_of_I2C_SetDataCompleteCallback  text79       00C122
__end_of_I2C_WriteNBytes              text40       00C6CC
__end_of_IPL                          mediumconst  00FDAF
__end_of_OSCILLATOR_Initialize        text30       00C0E2
__end_of_Oled_Clear                   text38       00C37A
__end_of_Oled_Command                 text37       00C1DA
__end_of_Oled_Data                    text39       00C1B8
__end_of_Oled_Init                    text36       00CC14
__end_of_Oled_SelectPage              text35       00C156
__end_of_Oled_WriteCharacter          text34       00C9F2
__end_of_Oled_WriteString             text33       00C848
__end_of_PIN_MANAGER_Initialize       text29       00C272
__end_of_Power_ReadRegister           text31       00D39E
__end_of_SYSTEM_Initialize            text28       00C07C
__end_of_Voltage_ReadRegister         text27       00D6A0
__end_of___awdiv                      text23       00D040
__end_of___awmod                      text22       00CEB8
__end_of___fladd                      text18       00F0D6
__end_of___fldiv                      text95       00E374
__end_of___fleq                       text21       00CE08
__end_of___flge                       text20       00D7A4
__end_of___flmul                      text94       00E79E
__end_of___flneg                      text19       00C488
__end_of___flsub                      text17       00C5CE
__end_of___fltol                      text16       00D8AA
__end_of___fpclassifyf                text15       00D49C
__end_of___lldiv                      text90       00CCB8
__end_of___wmul                       text32       00C24A
__end_of___xxtofl                     text93       00DBF8
__end_of__initialization              cinit        00C3A6
__end_of_atoi                         text24       00DA44
__end_of_efgtoa                       text5        00FD2E
__end_of_floorf                       text14       00DFDA
__end_of_fputc                        text12       00D1D0
__end_of_fputs                        text11       00C588
__end_of_i2c_fsmStateTable            mediumconst  00FDCF
__end_of_isdigit                      text26       00C450
__end_of_isspace                      text25       00C620
__end_of_isupper                      text7        00C4C0
__end_of_main                         text0        00DDC8
__end_of_pad                          text9        00D106
__end_of_putch                        text13       00BFD0
__end_of_rd1RegCompleteHandler        text77       00C2F6
__end_of_rd2RegCompleteHandler        text76       00C322
__end_of_rdBlkRegCompleteHandler      text74       00C500
__end_of_sprintf                      text1        00C672
__end_of_strcpy                       text8        00C786
__end_of_strlen                       text10       00C418
__end_of_strncmp                      text4        00D2AC
__end_of_tolower                      text6        00C7E6
__end_of_vfpfcnvrt                    text3        00EC16
__end_of_vfprintf                     text2        00C8AC
__end_of_wr1RegCompleteHandler        text75       00C34E
__end_of_wr2RegCompleteHandler        text78       00C2CA
__initialization                      cinit        00C37A
__mediumconst                         mediumconst  00FD2E
__pbssBANK0                           bssBANK0     0000AE
__pbssBANK1                           bssBANK1     000100
__pbssBIGRAM                          bssBIGRAM    0001C4
__pcinit                              cinit        00C37A
__pcstackBANK0                        cstackBANK0  000060
__pcstackCOMRAM                       cstackCOMRAM 000001
__pmediumconst                        mediumconst  00FD2E
__ptext0                              text0        00DBF8
__ptext1                              text1        00C620
__ptext10                             text10       00C3E2
__ptext100                            text100      00C3AC
__ptext101                            text101      00C1FE
__ptext102                            text102      000000
__ptext11                             text11       00C544
__ptext12                             text12       00D106
__ptext13                             text13       00BFCE
__ptext14                             text14       00DDC8
__ptext15                             text15       00D39E
__ptext16                             text16       00D7A4
__ptext17                             text17       00C588
__ptext18                             text18       00EC16
__ptext19                             text19       00C450
__ptext2                              text2        00C848
__ptext20                             text20       00D6A0
__ptext21                             text21       00CD5E
__ptext22                             text22       00CE08
__ptext23                             text23       00CF7C
__ptext24                             text24       00D8AA
__ptext25                             text25       00C5CE
__ptext26                             text26       00C418
__ptext27                             text27       00D59E
__ptext28                             text28       00C072
__ptext29                             text29       00C24A
__ptext3                              text3        00E79E
__ptext30                             text30       00C0D0
__ptext31                             text31       00D2AC
__ptext32                             text32       00C224
__ptext33                             text33       00C7E6
__ptext34                             text34       00C982
__ptext35                             text35       00C13A
__ptext36                             text36       00CB76
__ptext37                             text37       00C1B8
__ptext38                             text38       00C34E
__ptext39                             text39       00C196
__ptext4                              text4        00D1D0
__ptext40                             text40       00C672
[...]
__size_of___flneg                     (abs)        000000
__size_of___flsub                     (abs)        000000
__size_of___fltol                     (abs)        000000
__size_of___fpclassifyf               (abs)        000000
__size_of___lldiv                     (abs)        000000
__size_of___wmul                      (abs)        000000
__size_of___xxtofl                    (abs)        000000
__size_of_atoi                        (abs)        000000
__size_of_efgtoa                      (abs)        000000
__size_of_floorf                      (abs)        000000
__size_of_fputc                       (abs)        000000
__size_of_fputs                       (abs)        000000
__size_of_isdigit                     (abs)        000000
__size_of_isspace                     (abs)        000000
__size_of_isupper                     (abs)        000000
__size_of_main                        (abs)        000000
__size_of_pad                         (abs)        000000
__size_of_putch                       (abs)        000000
__size_of_rd1RegCompleteHandler       (abs)        000000
__size_of_rd2RegCompleteHandler       (abs)        000000
__size_of_rdBlkRegCompleteHandler     (abs)        000000
__size_of_sprintf                     (abs)        000000
__size_of_strcpy                      (abs)        000000
__size_of_strlen                      (abs)        000000
__size_of_strncmp                     (abs)        000000
__size_of_tolower                     (abs)        000000
__size_of_vfpfcnvrt                   (abs)        000000
__size_of_vfprintf                    (abs)        000000
__size_of_wr1RegCompleteHandler       (abs)        000000
__size_of_wr2RegCompleteHandler       (abs)        000000
__smallconst                          smallconst   000000
_atoi                                 text24       00D8AA
_atoi$2244                            cstackCOMRAM 000010
_atoi$2245                            cstackCOMRAM 000014
_atoi$2246                            cstackCOMRAM 000012
_buffer                               bssBIGRAM    0001C4
_current                              bssBANK0     0000BA
_current_str                          bssBANK0     0000E3
_dbuf                                 bssBANK1     000174
_efgtoa                               text5        00F0D6
_efgtoa$2180                          cstackBANK0  000060
_efgtoa$2181                          cstackBANK0  000062
_efgtoa$2186                          cstackBANK0  000064
_efgtoa$2190                          cstackBANK0  000066
_efgtoa$2191                          cstackBANK0  000068
_efgtoa$2192                          cstackBANK0  00006A
_eusart1RxLastError                   bssBANK0     0000DC
_flags                                bssBANK0     0000D4
_floorf                               text14       00DDC8
_fputc                                text12       00D106
_fputs                                text11       00C544
_i2c_fsmStateTable                    mediumconst  00FDAF
_isdigit                              text26       00C418
_isspace                              text25       00C5CE
_isspace$2275                         cstackCOMRAM 000007
_isupper                              text7        00C488
_main                                 text0        00DBF8
_nout                                 bssBANK0     0000CE
_oi                                   bssBANK1     000100
_pad                                  text9        00D040
_power                                bssBANK0     0000B6
_power_str                            bssBANK0     0000DD
_prec                                 bssBANK0     0000D2
_putch                                text13       00BFCE
_rd1RegCompleteHandler                text77       00C2CA
_rd2RegCompleteHandler                text76       00C2F6
_rdBlkRegCompleteHandler              text74       00C4C0
_sprintf                              text1        00C620
_strcpy                               text8        00C728
_strlen                               text10       00C3E2
_strncmp                              text4        00D1D0
_tolower                              text6        00C786
_tolower$2338                         cstackCOMRAM 00000D
_vfpfcnvrt                            text3        00E79E
_vfpfcnvrt$2206                       cstackCOMRAM 000050
_vfpfcnvrt$2210                       cstackCOMRAM 000052
_vfprintf                             text2        00C848
_voltage                              bssBANK0     0000BE
_voltage_str                          bssBANK0     0000E9
_width                                bssBANK0     0000D0
_wr1RegCompleteHandler                text75       00C322
_wr2RegCompleteHandler                text78       00C29E
atoi@n                                cstackCOMRAM 000015
atoi@neg                              cstackCOMRAM 00000E
atoi@s                                cstackCOMRAM 000008
efgtoa@c                              cstackCOMRAM 000040
efgtoa@d                              cstackBANK0  000078
efgtoa@e                              cstackBANK0  000090
efgtoa@f                              cstackCOMRAM 00003C
efgtoa@fp                             cstackCOMRAM 00003A
efgtoa@g                              cstackBANK0  00008C
efgtoa@h                              cstackBANK0  000082
efgtoa@i                              cstackBANK0  00008A
efgtoa@l                              cstackBANK0  000086
efgtoa@m                              cstackBANK0  000072
efgtoa@mode                           cstackBANK0  000081
efgtoa@n                              cstackBANK0  000092
efgtoa@ne                             cstackBANK0  000070
efgtoa@nmode                          cstackBANK0  000080
efgtoa@ou                             cstackBANK0  000074
efgtoa@p                              cstackBANK0  00007C
efgtoa@pp                             cstackBANK0  00006E
efgtoa@sign                           cstackBANK0  00007A
efgtoa@t                              cstackBANK0  00006C
efgtoa@u                              cstackBANK0  000094
efgtoa@w                              cstackBANK0  00007E
end_of_initialization                 cinit        00C3A6
floorf@F527                           bssBANK0     0000AE
floorf@e                              cstackCOMRAM 000028
floorf@m                              cstackCOMRAM 000024
floorf@u                              cstackCOMRAM 00002A
floorf@x                              cstackCOMRAM 00001A
fputc@c                               cstackCOMRAM 000001
fputc@fp                              cstackCOMRAM 000003
fputs@c                               cstackCOMRAM 00000E
fputs@fp                              cstackCOMRAM 00000C
fputs@i                               cstackCOMRAM 00000F
fputs@s                               cstackCOMRAM 00000A
intlevel0                             text         000000
intlevel1                             text         000000
intlevel2                             text         000000
intlevel3                             text         000000
isa$std                               (abs)        000001
isa$xinst                             (abs)        000000
isdigit@c                             cstackCOMRAM 000001
isspace@c                             cstackCOMRAM 000001
isupper@c                             cstackCOMRAM 000001
pad@buf                               cstackCOMRAM 000013
pad@fp                                cstackCOMRAM 000011
pad@i                                 cstackCOMRAM 000018
pad@p                                 cstackCOMRAM 000015
pad@w                                 cstackCOMRAM 00001A
rd1RegCompleteHandler@ptr             cstackCOMRAM 00000A
rd2RegCompleteHandler@ptr             cstackCOMRAM 00000A
rdBlkRegCompleteHandler@ptr           cstackCOMRAM 00000A
sprintf@ap                            cstackBANK0  0000A6
sprintf@f                             cstackBANK0  0000A8
sprintf@fmt                           cstackBANK0  0000A0
sprintf@s                             cstackBANK0  00009E
stackhi                               (abs)        000E40
stacklo                               (abs)        0009C4
start                                 init         000000
start_initialization                  cinit        00C37A
strcpy@d                              cstackCOMRAM 000009
strcpy@dest                           cstackCOMRAM 000001
strcpy@s                              cstackCOMRAM 000007
strcpy@src                            cstackCOMRAM 000003
strlen@a                              cstackCOMRAM 000003
strlen@s                              cstackCOMRAM 000001
strncmp@_l                            cstackCOMRAM 000001
strncmp@_r                            cstackCOMRAM 000003
strncmp@l                             cstackCOMRAM 000008
strncmp@n                             cstackCOMRAM 000005
strncmp@r                             cstackCOMRAM 00000A
tolower@c                             cstackCOMRAM 000007
vfpfcnvrt@ap                          cstackCOMRAM 00004A
vfpfcnvrt@c                           cstackCOMRAM 00005B
vfpfcnvrt@ct                          cstackCOMRAM 000058
vfpfcnvrt@f                           cstackCOMRAM 000054
vfpfcnvrt@fmt                         cstackCOMRAM 000048
vfpfcnvrt@fp                          cstackCOMRAM 000046
vfprintf@ap                           cstackBANK0  00009C
vfprintf@cfmt                         cstackCOMRAM 00005C
vfprintf@fmt                          cstackBANK0  00009A
vfprintf@fp                           cstackBANK0  000098
wr1RegCompleteHandler@ptr             cstackCOMRAM 00000A
wr2RegCompleteHandler@ptr             cstackCOMRAM 00000A


MODULE INFORMATION

Module		Function		Class		Link	Load	Size
C:\Program Files\Microchip\xc8\v2.32\pic\sources\c99\common\nf_sprintf.c
		_sprintf       		CODE           	C620	0000	82

C:\Program Files\Microchip\xc8\v2.32\pic\sources\c99\common\nf_sprintf.c estimated size: 82

C:\Program Files\Microchip\xc8\v2.32\pic\sources\c99\common\awdiv.c
		___awdiv       		CODE           	CF7C	0000	196

C:\Program Files\Microchip\xc8\v2.32\pic\sources\c99\common\awdiv.c estimated size: 196

C:\Program Files\Microchip\xc8\v2.32\pic\sources\c99\common\isdigit.c
		_isdigit       		CODE           	C418	0000	56

C:\Program Files\Microchip\xc8\v2.32\pic\sources\c99\common\isdigit.c estimated size: 56

C:\Program Files\Microchip\xc8\v2.32\pic\sources\c99\common\sprcadd.c
		___flsub       		CODE           	C588	0000	70
		___fladd       		CODE           	EC16	0000	1216

C:\Program Files\Microchip\xc8\v2.32\pic\sources\c99\common\sprcadd.c estimated size: 1286

C:\Program Files\Microchip\xc8\v2.32\pic\sources\c99\common\doprnt.c
		_vfpfcnvrt     		CODE           	E79E	0000	1144
		_efgtoa        		CODE           	F0D6	0000	3160
		_pad           		CODE           	D040	0000	198
		_vfprintf      		CODE           	C848	0000	100

C:\Program Files\Microchip\xc8\v2.32\pic\sources\c99\common\doprnt.c estimated size: 4602

C:\Program Files\Microchip\xc8\v2.32\pic\sources\c99\common\flneg.c
		___flneg       		CODE           	C450	0000	56

C:\Program Files\Microchip\xc8\v2.32\pic\sources\c99\common\flneg.c estimated size: 56

mcc_generated_files/examples/i2c_master_example.c
		_wr1RegCompleteHandler		CODE           	C322	0000	44
		_wr2RegCompleteHandler		CODE           	C29E	0000	44
		_rdBlkRegCompleteHandler		CODE           	C4C0	0000	64
		_rd1RegCompleteHandler		CODE           	C2CA	0000	44
		_rd2RegCompleteHandler		CODE           	C2F6	0000	44
		_I2C_WriteNBytes		CODE           	C672	0000	90

mcc_generated_files/examples/i2c_master_example.c estimated size: 330

mcc_generated_files/pin_manager.c
		_PIN_MANAGER_Initialize		CODE           	C24A	0000	40

mcc_generated_files/pin_manager.c estimated size: 40

C:\Program Files\Microchip\xc8\v2.32\pic\sources\c99\common\atoi.c
		_atoi          		CODE           	D8AA	0000	410

C:\Program Files\Microchip\xc8\v2.32\pic\sources\c99\common\atoi.c estimated size: 410

C:\Program Files\Microchip\xc8\v2.32\pic\sources\c99\common\nf_fputs.c
		_fputs         		CODE           	C544	0000	68

C:\Program Files\Microchip\xc8\v2.32\pic\sources\c99\common\nf_fputs.c estimated size: 68

C:\Program Files\Microchip\xc8\v2.32\pic\sources\c99\common\fleq.c
		___fleq        		CODE           	CD5E	0000	170

C:\Program Files\Microchip\xc8\v2.32\pic\sources\c99\common\fleq.c estimated size: 170

C:\Program Files\Microchip\xc8\v2.32\pic\sources\c99\common\putch.c
		_putch         		CODE           	BFCE	0000	2

C:\Program Files\Microchip\xc8\v2.32\pic\sources\c99\common\putch.c estimated size: 2

C:\Program Files\Microchip\xc8\v2.32\pic\sources\c99\common\__fpclassifyf.c
		___fpclassifyf 		CODE           	D39E	0000	254

C:\Program Files\Microchip\xc8\v2.32\pic\sources\c99\common\__fpclassifyf.c estimated size: 254

C:\Program Files\Microchip\xc8\v2.32\pic\sources\c99\common\isupper.c
		_isupper       		CODE           	C488	0000	56

C:\Program Files\Microchip\xc8\v2.32\pic\sources\c99\common\isupper.c estimated size: 56

C:\Program Files\Microchip\xc8\v2.32\pic\sources\c99\common\Umul16.c
		___wmul        		CODE           	C224	0000	38

C:\Program Files\Microchip\xc8\v2.32\pic\sources\c99\common\Umul16.c estimated size: 38

C:\Program Files\Microchip\xc8\v2.32\pic\sources\c99\common\isspace.c
		_isspace       		CODE           	C5CE	0000	82

C:\Program Files\Microchip\xc8\v2.32\pic\sources\c99\common\isspace.c estimated size: 82

C:\Program Files\Microchip\xc8\v2.32\pic\sources\c99\common\strncmp.c
		_strncmp       		CODE           	D1D0	0000	220

C:\Program Files\Microchip\xc8\v2.32\pic\sources\c99\common\strncmp.c estimated size: 220

C:\Program Files\Microchip\xc8\v2.32\pic\sources\c99\common\tolower.c
		_tolower       		CODE           	C786	0000	96

C:\Program Files\Microchip\xc8\v2.32\pic\sources\c99\common\tolower.c estimated size: 96

shared
		_ASCII         		MEDIUMCONST    	FDCF	0000	480
		__initialization		CODE           	C37A	0000	44
		_IPL           		MEDIUMCONST    	0000	0000	0
		_i2c_fsmStateTable		MEDIUMCONST    	FDAF	0000	32

shared estimated size: 556

C:\Program Files\Microchip\xc8\v2.32\pic\sources\c99\common\sprcmul.c
		___flmul       		CODE           	E374	0000	1066

C:\Program Files\Microchip\xc8\v2.32\pic\sources\c99\common\sprcmul.c estimated size: 1066

C:\Program Files\Microchip\xc8\v2.32\pic\sources\c99\common\awmod.c
		___awmod       		CODE           	CE08	0000	176

C:\Program Files\Microchip\xc8\v2.32\pic\sources\c99\common\awmod.c estimated size: 176

mcc_generated_files/mcc.c
		_OSCILLATOR_Initialize		CODE           	C0D0	0000	18
		_SYSTEM_Initialize		CODE           	C072	0000	10

mcc_generated_files/mcc.c estimated size: 28

C:\Program Files\Microchip\xc8\v2.32\pic\sources\c99\common\sprcdiv.c
		___fldiv       		CODE           	DFDA	0000	922

C:\Program Files\Microchip\xc8\v2.32\pic\sources\c99\common\sprcdiv.c estimated size: 922

OLED.c
		_Oled_WriteString		CODE           	C7E6	0000	98
		_Oled_SelectPage		CODE           	C13A	0000	28
		_Oled_WriteCharacter		CODE           	C982	0000	112
		_Oled_Init     		CODE           	CB76	0000	158
		_Oled_Data     		CODE           	C196	0000	34
		_Oled_Clear    		CODE           	C34E	0000	44
		_Oled_Command  		CODE           	C1B8	0000	34

OLED.c estimated size: 508

C:\Program Files\Microchip\xc8\v2.32\pic\sources\c99\common\fltol.c
		___fltol       		CODE           	D7A4	0000	262

C:\Program Files\Microchip\xc8\v2.32\pic\sources\c99\common\fltol.c estimated size: 262

mcc_generated_files/i2c_master.c
		_I2C_Close     		CODE           	C272	0000	44
		_I2C_MasterStartRx		CODE           	BFF0	0000	4
		_I2C_DO_SEND_ADR_WRITE		CODE           	C0B0	0000	16
		_I2C_MasterWaitForEvent		CODE           	C0C0	0000	16
		_I2C_DO_SEND_STOP		CODE           	C040	0000	8
		_I2C_MasterSendNack		CODE           	BFFC	0000	6
		_I2C_MasterDisableIrq		CODE           	BFD8	0000	4
		_I2C_CallbackReturnStop		CODE           	BFE8	0000	4
		_I2C_MasterOperation		CODE           	C500	0000	68
		_I2C_DO_SEND_ADR_READ		CODE           	C0A0	0000	16
		_I2C_DO_RX_NACK_STOP		CODE           	C050	0000	8
		_I2C_DO_SEND_RESTART		CODE           	C038	0000	8
		_I2C_DO_RX     		CODE           	CCB8	0000	166
		_I2C_DO_TX     		CODE           	CEB8	0000	196
		_I2C_DO_IDLE   		CODE           	C07C	0000	12
		_I2C_DO_RCEN   		CODE           	C088	0000	12
		_I2C_Poller    		CODE           	C156	0000	30
		_I2C_DO_RESET  		CODE           	C094	0000	12
		_I2C_MasterClose		CODE           	BFD4	0000	4
		_I2C_MasterWrite		CODE           	C060	0000	8
		_I2C_DO_RX_ACK 		CODE           	C048	0000	8
		_I2C_MasterStart		CODE           	BFDC	0000	4
		_I2C_MasterClearIrq		CODE           	BFD0	0000	4
		_I2C_MasterGetRxData		CODE           	BFF4	0000	4
		_I2C_SetCallback		CODE           	C9F2	0000	122
		_I2C_DO_ADDRESS_NACK		CODE           	C8AC	0000	102
		_I2C_MasterEnableRestart		CODE           	BFE0	0000	4
		_I2C_CallbackReturnReset		CODE           	BFEC	0000	4
		_I2C_Open      		CODE           	CAE8	0000	142
		_I2C_SetAddressNackCallback		CODE           	C122	0000	24
		_I2C_DO_TX_EMPTY		CODE           	CA6C	0000	124
		_I2C_DO_SEND_RESTART_WRITE		CODE           	C030	0000	8
		_I2C_MasterIsNack		CODE           	C0F6	0000	20
		_I2C_SetDataCompleteCallback		CODE           	C10A	0000	24
		_I2C_DO_RX_NACK_RESTART		CODE           	C058	0000	8
		_I2C_MasterSendAck		CODE           	C002	0000	6
		_I2C_MasterFsm 		CODE           	C912	0000	112
		_I2C_MasterSetIrq		CODE           	BFF8	0000	4
		_I2C_DO_SEND_RESTART_READ		CODE           	C028	0000	8
		_I2C_Initialize		CODE           	C0E2	0000	20
		_I2C_SetBuffer 		CODE           	C1DA	0000	36
		_I2C_MasterOpen		CODE           	C174	0000	34
		_I2C_MasterSendTxData		CODE           	C020	0000	8
		_I2C_MasterStop		CODE           	BFE4	0000	4

mcc_generated_files/i2c_master.c estimated size: 1476

C:\Program Files\Microchip\xc8\v2.32\pic\sources\c99\common\xxtofl.c
		___xxtofl      		CODE           	DA44	0000	436

C:\Program Files\Microchip\xc8\v2.32\pic\sources\c99\common\xxtofl.c estimated size: 436

C:\Program Files\Microchip\xc8\v2.32\pic\sources\c99\common\nf_fputc.c
		_fputc         		CODE           	D106	0000	202

C:\Program Files\Microchip\xc8\v2.32\pic\sources\c99\common\nf_fputc.c estimated size: 202

INA260.c
		_I2C_Master_Read		CODE           	C3AC	0000	54
		_I2C_Master_Wait		CODE           	C1FE	0000	38
		_I2C_Master_Init		CODE           	C6CC	0000	92
		_I2C_Master_Stop		CODE           	C018	0000	8
		_I2C_Master_RepeatedStart		CODE           	C008	0000	8
		_Power_ReadRegister		CODE           	D2AC	0000	242
		_Voltage_ReadRegister		CODE           	D59E	0000	258
		_I2C_Master_Write		CODE           	C068	0000	10
		_I2C_Master_Start		CODE           	C010	0000	8
		_Current_ReadRegister		CODE           	D49C	0000	258

INA260.c estimated size: 976

C:\Program Files\Microchip\xc8\v2.32\pic\sources\c99\common\__lldiv.c
		___lldiv       		CODE           	CC14	0000	164

C:\Program Files\Microchip\xc8\v2.32\pic\sources\c99\common\__lldiv.c estimated size: 164

main.c
		_main          		CODE           	DBF8	0000	464

main.c estimated size: 464

C:\Program Files\Microchip\xc8\v2.32\pic\sources\c99\common\strlen.c
		_strlen        		CODE           	C3E2	0000	54

C:\Program Files\Microchip\xc8\v2.32\pic\sources\c99\common\strlen.c estimated size: 54

C:\Program Files\Microchip\xc8\v2.32\pic\sources\c99\common\flge.c
		___flge        		CODE           	D6A0	0000	260

C:\Program Files\Microchip\xc8\v2.32\pic\sources\c99\common\flge.c estimated size: 260

C:\Program Files\Microchip\xc8\v2.32\pic\sources\c99\common\floorf.c
		_floorf        		CODE           	DDC8	0000	530

C:\Program Files\Microchip\xc8\v2.32\pic\sources\c99\common\floorf.c estimated size: 530

C:\Program Files\Microchip\xc8\v2.32\pic\sources\c99\common\strcpy.c
		_strcpy        		CODE           	C728	0000	94

C:\Program Files\Microchip\xc8\v2.32\pic\sources\c99\common\strcpy.c estimated size: 94

